Component: ARM Compiler 5.06 update 6 (build 750) Tool: armlink [4d35ed]

==============================================================================

Section Cross References

    thcloud_instr_deal.o(i.THCloud_Control_Deal) refers to cm_deal.o(i.X232_CM_Control) for X232_CM_Control
    thcloud_instr_deal.o(i.THCloud_Control_Deal) refers to variable.o(.data) for tflag
    thcloud_instr_deal.o(i.THCloud_Control_Deal) refers to variable.o(.bss) for rxArray_UART2
    thcloud_instr_deal.o(i.THCloud_Control_Deal) refers to variable.o(.data) for X232_CM_Refresh_beat_num
    thcloud_instr_deal.o(i.THCloud_Control_Deal) refers to variable.o(.data) for X485_Ctrl_Instr_Wait_beat_num
    stm32f10x_it.o(i.TIM2_IRQHandler) refers to tos_heartbeat.o(i.Timer2_Deal) for Timer2_Deal
    stm32f10x_it.o(i.TIM3_IRQHandler) refers to tos_heartbeat.o(i.Timer3_Deal) for Timer3_Deal
    stm32f10x_it.o(i.UART4_IRQHandler) refers to tos_instr_get.o(i.UART4_Deal) for UART4_Deal
    stm32f10x_it.o(i.UART5_IRQHandler) refers to tos_instr_get.o(i.UART5_Deal) for UART5_Deal
    stm32f10x_it.o(i.USART1_IRQHandler) refers to tos_instr_get.o(i.UART1_Deal) for UART1_Deal
    stm32f10x_it.o(i.USART2_IRQHandler) refers to tos_instr_get.o(i.UART2_Deal) for UART2_Deal
    stm32f10x_it.o(i.USART3_IRQHandler) refers to tos_instr_get.o(i.UART3_Deal) for UART3_Deal
    main.o(i.main) refers to tos_init.o(i.SYS_Init) for SYS_Init
    main.o(i.main) refers to init.o(i.Init) for Init
    main.o(i.main) refers to stm32f10x_iwdg.o(i.IWDG_ReloadCounter) for IWDG_ReloadCounter
    main.o(i.main) refers to tos_sys_deal.o(i.SYS_Running) for SYS_Running
    main.o(i.main) refers to data_poll.o(i.X232_Data_Poll) for X232_Data_Poll
    uart_irq.o(i.UART2_DATA_GET) refers to seqqueue.o(i.QueueAdd) for QueueAdd
    uart_irq.o(i.UART2_DATA_GET) refers to variable.o(.data) for UART2_Data_Wait_beat_num
    uart_irq.o(i.UART2_DATA_GET) refers to variable.o(.data) for tflag
    uart_irq.o(i.UART2_DATA_GET) refers to variable.o(.bss) for rxArray_UART2
    timer_irq.o(i.Heartbeat_4ms) refers to timer_irq.o(i.Timer1_Deal) for Timer1_Deal
    timer_irq.o(i.Timer1_Deal) refers to variable.o(.data) for tflag
    timer_irq.o(i.Timer1_Deal) refers to variable.o(.data) for X232_CM_Refresh_beat_num
    timer_irq.o(i.Timer1_Deal) refers to variable.o(.data) for X232_CM_All_Refresh_beat_num
    timer_irq.o(i.Timer1_Deal) refers to variable.o(.data) for X485_Ctrl_Instr_Wait_beat_num
    timer_irq.o(i.Timer1_Deal) refers to variable.o(.data) for UART2_Data_Wait_beat_num
    timer_irq.o(i.Timer1_Deal) refers to variable.o(.bss) for rxArray_UART2
    timer_irq.o(i.Timer1_Deal) refers to variable.o(.data) for UART2_event_index
    timer_irq.o(i.Timer1_Deal) refers to variable.o(.data) for X232_CM_Data_Wait_beat_num
    timer_irq.o(i.Timer1_Deal) refers to variable.o(.data) for X232_CM_Control_Style
    timer_irq.o(i.Timer1_Deal) refers to variable.o(.data) for X232_CM_Sensing_Style
    timer_irq.o(i.Timer1_Deal) refers to variable.o(.data) for X232_CM_Operating_Road_Num_now
    init.o(i.Device_Status_Clear) refers to variable.o(.bss) for CM_struct_buf
    init.o(i.END_Early_Init) refers to init.o(i.init_Device_Info) for init_Device_Info
    init.o(i.Init) refers to init.o(i.init_UART2) for init_UART2
    init.o(i.init_Device_Info) refers to tos_variable.o(.data) for Device_Check_Road_Num
    init.o(i.init_Device_Info) refers to variable.o(.data) for Device_Model_Code
    init.o(i.init_UART2) refers to stm32f10x_rcc.o(i.RCC_APB2PeriphClockCmd) for RCC_APB2PeriphClockCmd
    init.o(i.init_UART2) refers to stm32f10x_rcc.o(i.RCC_APB1PeriphClockCmd) for RCC_APB1PeriphClockCmd
    init.o(i.init_UART2) refers to stm32f10x_gpio.o(i.GPIO_Init) for GPIO_Init
    init.o(i.init_UART2) refers to stm32f10x_usart.o(i.USART_Init) for USART_Init
    init.o(i.init_UART2) refers to stm32f10x_usart.o(i.USART_Cmd) for USART_Cmd
    init.o(i.init_UART2) refers to stm32f10x_usart.o(i.USART_ITConfig) for USART_ITConfig
    init.o(i.init_UART2) refers to misc.o(i.NVIC_Init) for NVIC_Init
    init.o(i.init_UART2) refers to stm32f10x_gpio.o(i.GPIO_ResetBits) for GPIO_ResetBits
    init.o(i.init_UART2) refers to init.o(i.Device_Status_Clear) for Device_Status_Clear
    init.o(i.init_UART2) refers to seqqueue.o(i.QueueInit) for QueueInit
    init.o(i.init_UART2) refers to variable.o(.data) for UART2_Data_Wait_beat_num
    init.o(i.init_UART2) refers to variable.o(.data) for tflag
    init.o(i.init_UART2) refers to variable.o(.data) for UART2_event_index
    init.o(i.init_UART2) refers to variable.o(.data) for X485_Ctrl_Instr_Wait_beat_num
    init.o(i.init_UART2) refers to variable.o(.data) for X232_CM_Operating_Road_Num_now
    init.o(i.init_UART2) refers to variable.o(.data) for X232_CM_Data_Wait_beat_num
    init.o(i.init_UART2) refers to variable.o(.data) for X232_CM_Refresh_Road_num
    init.o(i.init_UART2) refers to variable.o(.data) for X232_CM_Control_Style
[...]
    ADC1_2_IRQHandler                        0x08000197   Thumb Code     0  startup_stm32f10x_hd.o(.text)
    ADC3_IRQHandler                          0x08000197   Thumb Code     0  startup_stm32f10x_hd.o(.text)
    CAN1_RX1_IRQHandler                      0x08000197   Thumb Code     0  startup_stm32f10x_hd.o(.text)
    CAN1_SCE_IRQHandler                      0x08000197   Thumb Code     0  startup_stm32f10x_hd.o(.text)
    DMA1_Channel1_IRQHandler                 0x08000197   Thumb Code     0  startup_stm32f10x_hd.o(.text)
    DMA1_Channel2_IRQHandler                 0x08000197   Thumb Code     0  startup_stm32f10x_hd.o(.text)
    DMA1_Channel3_IRQHandler                 0x08000197   Thumb Code     0  startup_stm32f10x_hd.o(.text)
    DMA1_Channel4_IRQHandler                 0x08000197   Thumb Code     0  startup_stm32f10x_hd.o(.text)
    DMA1_Channel5_IRQHandler                 0x08000197   Thumb Code     0  startup_stm32f10x_hd.o(.text)
    DMA1_Channel6_IRQHandler                 0x08000197   Thumb Code     0  startup_stm32f10x_hd.o(.text)
    DMA1_Channel7_IRQHandler                 0x08000197   Thumb Code     0  startup_stm32f10x_hd.o(.text)
    DMA2_Channel1_IRQHandler                 0x08000197   Thumb Code     0  startup_stm32f10x_hd.o(.text)
    DMA2_Channel2_IRQHandler                 0x08000197   Thumb Code     0  startup_stm32f10x_hd.o(.text)
    DMA2_Channel3_IRQHandler                 0x08000197   Thumb Code     0  startup_stm32f10x_hd.o(.text)
    DMA2_Channel4_5_IRQHandler               0x08000197   Thumb Code     0  startup_stm32f10x_hd.o(.text)
    EXTI0_IRQHandler                         0x08000197   Thumb Code     0  startup_stm32f10x_hd.o(.text)
    EXTI15_10_IRQHandler                     0x08000197   Thumb Code     0  startup_stm32f10x_hd.o(.text)
    EXTI1_IRQHandler                         0x08000197   Thumb Code     0  startup_stm32f10x_hd.o(.text)
    EXTI2_IRQHandler                         0x08000197   Thumb Code     0  startup_stm32f10x_hd.o(.text)
    EXTI3_IRQHandler                         0x08000197   Thumb Code     0  startup_stm32f10x_hd.o(.text)
    EXTI4_IRQHandler                         0x08000197   Thumb Code     0  startup_stm32f10x_hd.o(.text)
    EXTI9_5_IRQHandler                       0x08000197   Thumb Code     0  startup_stm32f10x_hd.o(.text)
    FLASH_IRQHandler                         0x08000197   Thumb Code     0  startup_stm32f10x_hd.o(.text)
    FSMC_IRQHandler                          0x08000197   Thumb Code     0  startup_stm32f10x_hd.o(.text)
    I2C1_ER_IRQHandler                       0x08000197   Thumb Code     0  startup_stm32f10x_hd.o(.text)
    I2C1_EV_IRQHandler                       0x08000197   Thumb Code     0  startup_stm32f10x_hd.o(.text)
    I2C2_ER_IRQHandler                       0x08000197   Thumb Code     0  startup_stm32f10x_hd.o(.text)
    I2C2_EV_IRQHandler                       0x08000197   Thumb Code     0  startup_stm32f10x_hd.o(.text)
    PVD_IRQHandler                           0x08000197   Thumb Code     0  startup_stm32f10x_hd.o(.text)
    RCC_IRQHandler                           0x08000197   Thumb Code     0  startup_stm32f10x_hd.o(.text)
    RTCAlarm_IRQHandler                      0x08000197   Thumb Code     0  startup_stm32f10x_hd.o(.text)
    RTC_IRQHandler                           0x08000197   Thumb Code     0  startup_stm32f10x_hd.o(.text)
    SDIO_IRQHandler                          0x08000197   Thumb Code     0  startup_stm32f10x_hd.o(.text)
    SPI1_IRQHandler                          0x08000197   Thumb Code     0  startup_stm32f10x_hd.o(.text)
    SPI2_IRQHandler                          0x08000197   Thumb Code     0  startup_stm32f10x_hd.o(.text)
    SPI3_IRQHandler                          0x08000197   Thumb Code     0  startup_stm32f10x_hd.o(.text)
    TAMPER_IRQHandler                        0x08000197   Thumb Code     0  startup_stm32f10x_hd.o(.text)
    TIM1_BRK_IRQHandler                      0x08000197   Thumb Code     0  startup_stm32f10x_hd.o(.text)
    TIM1_CC_IRQHandler                       0x08000197   Thumb Code     0  startup_stm32f10x_hd.o(.text)
    TIM1_TRG_COM_IRQHandler                  0x08000197   Thumb Code     0  startup_stm32f10x_hd.o(.text)
    TIM1_UP_IRQHandler                       0x08000197   Thumb Code     0  startup_stm32f10x_hd.o(.text)
    TIM4_IRQHandler                          0x08000197   Thumb Code     0  startup_stm32f10x_hd.o(.text)
    TIM5_IRQHandler                          0x08000197   Thumb Code     0  startup_stm32f10x_hd.o(.text)
    TIM6_IRQHandler                          0x08000197   Thumb Code     0  startup_stm32f10x_hd.o(.text)
    TIM7_IRQHandler                          0x08000197   Thumb Code     0  startup_stm32f10x_hd.o(.text)
    TIM8_BRK_IRQHandler                      0x08000197   Thumb Code     0  startup_stm32f10x_hd.o(.text)
    TIM8_CC_IRQHandler                       0x08000197   Thumb Code     0  startup_stm32f10x_hd.o(.text)
    TIM8_TRG_COM_IRQHandler                  0x08000197   Thumb Code     0  startup_stm32f10x_hd.o(.text)
    TIM8_UP_IRQHandler                       0x08000197   Thumb Code     0  startup_stm32f10x_hd.o(.text)
    USBWakeUp_IRQHandler                     0x08000197   Thumb Code     0  startup_stm32f10x_hd.o(.text)
    USB_HP_CAN1_TX_IRQHandler                0x08000197   Thumb Code     0  startup_stm32f10x_hd.o(.text)
    USB_LP_CAN1_RX0_IRQHandler               0x08000197   Thumb Code     0  startup_stm32f10x_hd.o(.text)
    WWDG_IRQHandler                          0x08000197   Thumb Code     0  startup_stm32f10x_hd.o(.text)
    __scatterload                            0x080001a1   Thumb Code    28  init.o(.text)
    __scatterload_rt2                        0x080001a1   Thumb Code     0  init.o(.text)
    BusFault_Handler                         0x080001c5   Thumb Code     2  stm32f10x_it.o(i.BusFault_Handler)
    Check_Sum                                0x080001c9   Thumb Code    26  checksum.o(i.Check_Sum)
    DebugMon_Handler                         0x080001e3   Thumb Code     2  stm32f10x_it.o(i.DebugMon_Handler)
    Device_Status_Clear                      0x080001e5   Thumb Code   106  init.o(i.Device_Status_Clear)
    END_Device_ID_Check                      0x08000255   Thumb Code   186  tos_th_id.o(i.END_Device_ID_Check)
    END_Early_Init                           0x0800031d   Thumb Code     4  init.o(i.END_Early_Init)
    FLASH_ClearFlag                          0x08000321   Thumb Code     6  stm32f10x_flash.o(i.FLASH_ClearFlag)
    FLASH_ErasePage                          0x0800032d   Thumb Code    60  stm32f10x_flash.o(i.FLASH_ErasePage)
    FLASH_GetBank1Status                     0x0800036d   Thumb Code    34  stm32f10x_flash.o(i.FLASH_GetBank1Status)
    FLASH_Lock                               0x08000395   Thumb Code    12  stm32f10x_flash.o(i.FLASH_Lock)
    FLASH_ProgramHalfWord                    0x080003a5   Thumb Code    52  stm32f10x_flash.o(i.FLASH_ProgramHalfWord)
    FLASH_ProgramWord                        0x080003dd   Thumb Code    80  stm32f10x_flash.o(i.FLASH_ProgramWord)
    FLASH_Unlock                             0x08000431   Thumb Code    12  stm32f10x_flash.o(i.FLASH_Unlock)
    FLASH_WaitForLastOperation               0x08000449   Thumb Code    36  stm32f10x_flash.o(i.FLASH_WaitForLastOperation)
    FW_channel_slave_data_get                0x0800046d   Thumb Code     6  fw_upgrade_usart.o(i.FW_channel_slave_data_get)
    FW_channel_slave_download                0x08000479   Thumb Code    72  fw_upgrade_download.o(i.FW_channel_slave_download)
    FW_channel_slave_send_data               0x080004d1   Thumb Code    84  fw_upgrade_usart.o(i.FW_channel_slave_send_data)
    FW_channel_slave_ymodem_receive_and_transmit 0x0800052d   Thumb Code   806  fw_upgrade_ymodem.o(i.FW_channel_slave_ymodem_receive_and_transmit)
    FW_close_IRQHard                         0x08000879   Thumb Code    28  fw_upgrade_common.o(i.FW_close_IRQHard)
    FW_flash_calculate_pages                 0x08000899   Thumb Code    20  fw_upgrade_flash.o(i.FW_flash_calculate_pages)
    FW_flash_erase_page                      0x080008ad   Thumb Code    44  fw_upgrade_flash.o(i.FW_flash_erase_page)
    FW_flash_programme_word                  0x080008dd   Thumb Code     4  fw_upgrade_flash.o(i.FW_flash_programme_word)
    FW_jump2addr                             0x080008e1   Thumb Code    42  fw_upgrade_common.o(i.FW_jump2addr)
    FW_memcpy                                0x08000915   Thumb Code     4  fw_upgrade_ymodem.o(i.FW_memcpy)
    FW_net_and_serial_download               0x08000919   Thumb Code   476  fw_upgrade_download.o(i.FW_net_and_serial_download)
    FW_net_and_serial_ymodem_receive         0x08000c55   Thumb Code   918  fw_upgrade_ymodem.o(i.FW_net_and_serial_ymodem_receive)
    FW_str2int                               0x08001075   Thumb Code   188  fw_upgrade_ymodem.o(i.FW_str2int)
    FW_timer_deal                            0x08001131   Thumb Code   178  fw_upgrade_init.o(i.FW_timer_deal)
    FW_uart_net_init_config_IRQ              0x08001205   Thumb Code   178  fw_upgrade_usart.o(i.FW_uart_net_init_config_IRQ)
    FW_uart_net_init_config_noIRQ            0x080012c1   Thumb Code   142  fw_upgrade_usart.o(i.FW_uart_net_init_config_noIRQ)
    FW_uart_net_input_check                  0x08001359   Thumb Code    30  fw_upgrade_ymodem.o(i.FW_uart_net_input_check)
    FW_uart_serial_init_config_IRQ           0x0800137d   Thumb Code   170  fw_upgrade_usart.o(i.FW_uart_serial_init_config_IRQ)
    FW_uart_serial_init_config_noIRQ         0x08001431   Thumb Code   132  fw_upgrade_usart.o(i.FW_uart_serial_init_config_noIRQ)
    FW_uart_serial_input_check               0x080014bd   Thumb Code    30  fw_upgrade_ymodem.o(i.FW_uart_serial_input_check)
    FW_uart_serial_printf                    0x080014e1   Thumb Code     2  fw_upgrade_usart.o(i.FW_uart_serial_printf)
    FW_uart_serial_send_byte                 0x080014e5   Thumb Code    28  fw_upgrade_usart.o(i.FW_uart_serial_send_byte)
    FW_upgrade_check                         0x08001505   Thumb Code   480  fw_upgrade_init.o(i.FW_upgrade_check)
    FW_upgrade_init                          0x08001769   Thumb Code    52  fw_upgrade_init.o(i.FW_upgrade_init)
    FW_upgrade_val_init                      0x080017ad   Thumb Code   112  fw_upgrade_init.o(i.FW_upgrade_val_init)
    FW_upgrading_net_report                  0x08001845   Thumb Code    62  fw_upgrade_usart.o(i.FW_upgrading_net_report)
    FW_ymodem_calculate_crc                  0x0800188d   Thumb Code    62  fw_upgrade_ymodem.o(i.FW_ymodem_calculate_crc)
    Flash_Read                               0x080019cd   Thumb Code    18  tos_th_flash.o(i.Flash_Read)
    Flash_Using_Reload                       0x080019e1   Thumb Code   120  tos_th_flash.o(i.Flash_Using_Reload)
    Flash_Write                              0x08001a69   Thumb Code    12  tos_th_flash.o(i.Flash_Write)
    GPIO_DeInit                              0x08001a75   Thumb Code   152  stm32f10x_gpio.o(i.GPIO_DeInit)
    GPIO_Init                                0x08001b29   Thumb Code   158  stm32f10x_gpio.o(i.GPIO_Init)
    GPIO_PinRemapConfig                      0x08001bc9   Thumb Code    82  stm32f10x_gpio.o(i.GPIO_PinRemapConfig)
    GPIO_ReadInputDataBit                    0x08001c21   Thumb Code    14  stm32f10x_gpio.o(i.GPIO_ReadInputDataBit)
    GPIO_ReadOutputDataBit                   0x08001c2f   Thumb Code    14  stm32f10x_gpio.o(i.GPIO_ReadOutputDataBit)
    GPIO_ResetBits                           0x08001c3d   Thumb Code     4  stm32f10x_gpio.o(i.GPIO_ResetBits)
    GPIO_SetBits                             0x08001c41   Thumb Code     4  stm32f10x_gpio.o(i.GPIO_SetBits)
    HardFault_Handler                        0x08001c45   Thumb Code     2  stm32f10x_it.o(i.HardFault_Handler)
    Heartbeat_1s                             0x08001c47   Thumb Code     2  timer_irq.o(i.Heartbeat_1s)
    Heartbeat_4ms                            0x08001c49   Thumb Code     4  timer_irq.o(i.Heartbeat_4ms)
    Heartbeat_7us5                           0x08001c4d   Thumb Code     2  timer_irq.o(i.Heartbeat_7us5)
    Heartbeat_7us5_Close                     0x08001c51   Thumb Code    94  tos_init.o(i.Heartbeat_7us5_Close)
    Heartbeat_7us5_Open                      0x08001cbd   Thumb Code    80  tos_init.o(i.Heartbeat_7us5_Open)
    IWDG_Config                              0x08001d19   Thumb Code    34  tos_init.o(i.IWDG_Config)
    IWDG_Enable                              0x08001d3d   Thumb Code    10  stm32f10x_iwdg.o(i.IWDG_Enable)
    IWDG_ReloadCounter                       0x08001d4d   Thumb Code    10  stm32f10x_iwdg.o(i.IWDG_ReloadCounter)
    IWDG_SetPrescaler                        0x08001d5d   Thumb Code     6  stm32f10x_iwdg.o(i.IWDG_SetPrescaler)
    IWDG_SetReload                           0x08001d69   Thumb Code     6  stm32f10x_iwdg.o(i.IWDG_SetReload)
    IWDG_WriteAccessCmd                      0x08001d75   Thumb Code     6  stm32f10x_iwdg.o(i.IWDG_WriteAccessCmd)
    Init                                     0x08001d81   Thumb Code     4  init.o(i.Init)
    MemManage_Handler                        0x08001d85   Thumb Code     2  stm32f10x_it.o(i.MemManage_Handler)
    NMI_Handler                              0x08001d87   Thumb Code     2  stm32f10x_it.o(i.NMI_Handler)
    NVIC_Init                                0x08001d89   Thumb Code    90  misc.o(i.NVIC_Init)
    NVIC_PriorityGroupConfig                 0x08001ded   Thumb Code    10  misc.o(i.NVIC_PriorityGroupConfig)
    NVIC_SetVectorTable                      0x08001e01   Thumb Code    12  misc.o(i.NVIC_SetVectorTable)
    PendSV_Handler                           0x08001e15   Thumb Code     2  stm32f10x_it.o(i.PendSV_Handler)
    QueueAdd                                 0x08001e17   Thumb Code    58  seqqueue.o(i.QueueAdd)
    QueueDelete                              0x08001e51   Thumb Code    52  seqqueue.o(i.QueueDelete)
    QueueInit                                0x08001e85   Thumb Code    22  seqqueue.o(i.QueueInit)
    QueueNotEmpty                            0x08001e9b   Thumb Code    14  seqqueue.o(i.QueueNotEmpty)
    RCC_APB1PeriphClockCmd                   0x08001ea9   Thumb Code    18  stm32f10x_rcc.o(i.RCC_APB1PeriphClockCmd)
    RCC_APB1PeriphResetCmd                   0x08001ec1   Thumb Code    18  stm32f10x_rcc.o(i.RCC_APB1PeriphResetCmd)
    RCC_APB2PeriphClockCmd                   0x08001ed9   Thumb Code    18  stm32f10x_rcc.o(i.RCC_APB2PeriphClockCmd)
    RCC_APB2PeriphResetCmd                   0x08001ef1   Thumb Code    18  stm32f10x_rcc.o(i.RCC_APB2PeriphResetCmd)
    RCC_DeInit                               0x08001f09   Thumb Code    50  stm32f10x_rcc.o(i.RCC_DeInit)
    RCC_GetClocksFreq                        0x08001f49   Thumb Code   130  stm32f10x_rcc.o(i.RCC_GetClocksFreq)
    RCC_GetFlagStatus                        0x08001fdd   Thumb Code    44  stm32f10x_rcc.o(i.RCC_GetFlagStatus)
    RCC_HCLKConfig                           0x0800200d   Thumb Code    14  stm32f10x_rcc.o(i.RCC_HCLKConfig)
    RCC_HSEConfig                            0x08002021   Thumb Code    48  stm32f10x_rcc.o(i.RCC_HSEConfig)
    RCC_PCLK1Config                          0x08002055   Thumb Code    14  stm32f10x_rcc.o(i.RCC_PCLK1Config)
    RCC_PCLK2Config                          0x08002069   Thumb Code    16  stm32f10x_rcc.o(i.RCC_PCLK2Config)
    RCC_PLLCmd                               0x0800207d   Thumb Code     6  stm32f10x_rcc.o(i.RCC_PLLCmd)
    RCC_PLLConfig                            0x08002089   Thumb Code    16  stm32f10x_rcc.o(i.RCC_PLLConfig)
    RCC_SYSCLKConfig                         0x0800209d   Thumb Code    14  stm32f10x_rcc.o(i.RCC_SYSCLKConfig)
    RCC_WaitForHSEStartUp                    0x080020b1   Thumb Code    44  stm32f10x_rcc.o(i.RCC_WaitForHSEStartUp)
    RCC_init                                 0x080020dd   Thumb Code    78  tos_init.o(i.RCC_init)
    SVC_Handler                              0x0800212b   Thumb Code     2  stm32f10x_it.o(i.SVC_Handler)
    SYS_Init                                 0x0800212d   Thumb Code   132  tos_init.o(i.SYS_Init)
    SYS_Running                              0x080021c1   Thumb Code   180  tos_sys_deal.o(i.SYS_Running)
    SysTick_Handler                          0x08002339   Thumb Code     2  stm32f10x_it.o(i.SysTick_Handler)
    SystemInit                               0x0800233d   Thumb Code    52  system_stm32f10x.o(i.SystemInit)
    TB_Alarm_Blink_Control                   0x0800237d   Thumb Code    58  tb_key_led_deal.o(i.TB_Alarm_Blink_Control)
    TB_All_LED_Action                        0x080023c1   Thumb Code    64  tb_key_led_deal.o(i.TB_All_LED_Action)
    TB_Key_Bind_Flash_Get                    0x08002405   Thumb Code    48  tb_key_set_deal.o(i.TB_Key_Bind_Flash_Get)
    TB_Key_Bind_Flash_Set                    0x08002439   Thumb Code    46  tb_key_set_deal.o(i.TB_Key_Bind_Flash_Set)
    TB_Key_Check                             0x0800246d   Thumb Code    28  tb_key_deal.o(i.TB_Key_Check)
    TB_Key_Deal                              0x08002491   Thumb Code   112  tb_key_deal.o(i.TB_Key_Deal)
    TB_Key_Init                              0x08002511   Thumb Code    34  tb_key_init.o(i.TB_Key_Init)
    TB_Key_Running                           0x08002539   Thumb Code   114  tb_key_sys_deal.o(i.TB_Key_Running)
    TB_Key_Scan                              0x080025bd   Thumb Code   616  tb_key_deal.o(i.TB_Key_Scan)
    TB_Key_Set_Deal                          0x08002841   Thumb Code   440  tb_key_set_deal.o(i.TB_Key_Set_Deal)
    TB_Key_Test_Check                        0x08002a0d   Thumb Code   108  tb_test_key_deal.o(i.TB_Key_Test_Check)
    TB_Key_Timer_Deal                        0x08002a91   Thumb Code    22  tb_key_timer.o(i.TB_Key_Timer_Deal)
    TB_Key_beat_Deal                         0x08002aa9   Thumb Code   216  tb_key_beat_deal.o(i.TB_Key_beat_Deal)
    TB_Key_init_Bell                         0x08002b99   Thumb Code    46  tb_key_init.o(i.TB_Key_init_Bell)
    TB_Key_init_Key                          0x08002bd9   Thumb Code   338  tb_key_init.o(i.TB_Key_init_Key)
    TB_Key_init_Led                          0x08002d75   Thumb Code    92  tb_key_init.o(i.TB_Key_init_Led)
    TB_LED_Switch                            0x08002de5   Thumb Code   400  tb_key_led_deal.o(i.TB_LED_Switch)
    TB_Test_Key_Check                        0x08002f89   Thumb Code    28  tb_test_key_deal.o(i.TB_Test_Key_Check)
    TB_Test_Key_Deal                         0x08002fad   Thumb Code   138  tb_test_key_deal.o(i.TB_Test_Key_Deal)
    TB_Timer_Bell_Ring                       0x0800303d   Thumb Code    48  tb_key_timer.o(i.TB_Timer_Bell_Ring)
    TB_Timer_Key_Deal                        0x08003079   Thumb Code   154  tb_key_timer.o(i.TB_Timer_Key_Deal)
    TB_Timer_Keyboard_LED_Deal               0x0800312d   Thumb Code   120  tb_key_timer.o(i.TB_Timer_Keyboard_LED_Deal)
    TB_Timer_UART3_Deal                      0x080031ad   Thumb Code    46  tb_key_timer.o(i.TB_Timer_UART3_Deal)
    TB_UART_PWR_Deal                         0x080031ed   Thumb Code   530  tb_pwr_uart_deal.o(i.TB_UART_PWR_Deal)
    TB_UART_PWR_Instr_Deal                   0x08003405   Thumb Code    30  tb_pwr_uart_deal.o(i.TB_UART_PWR_Instr_Deal)
    TB_WKey_Action_Deal                      0x08003425   Thumb Code   388  tb_wkey_beat_deal.o(i.TB_WKey_Action_Deal)
    TB_WKey_Flash_Get                        0x080035bd   Thumb Code    22  tb_key_set_deal.o(i.TB_WKey_Flash_Get)
    TB_WKey_Flash_Set                        0x080035d9   Thumb Code    64  tb_key_set_deal.o(i.TB_WKey_Flash_Set)
    TB_WKey_beat_Deal                        0x0800361d   Thumb Code   254  tb_wkey_beat_deal.o(i.TB_WKey_beat_Deal)
    THCloud_Control_Deal                     0x08003725   Thumb Code    76  thcloud_instr_deal.o(i.THCloud_Control_Deal)
    THCloud_Inquiry_Deal                     0x08003781   Thumb Code     4  thcloud_instr_deal.o(i.THCloud_Inquiry_Deal)
    THCloud_Set_Deal                         0x08003785   Thumb Code     4  thcloud_instr_deal.o(i.THCloud_Set_Deal)
    THCloud_System_Deal                      0x08003789   Thumb Code     4  thcloud_instr_deal.o(i.THCloud_System_Deal)
    THEnd_Bell_Control                       0x0800378d   Thumb Code    48  tb_bell_deal.o(i.THEnd_Bell_Control)
    THEnd_Key_Action_Deal                    0x080037c9   Thumb Code   262  thend_key_action_deal.o(i.THEnd_Key_Action_Deal)
    THEnd_Key_Bind_Deal                      0x080038e5   Thumb Code    30  thend_key_action_deal.o(i.THEnd_Key_Bind_Deal)
    THEnd_LED_Control                        0x08003909   Thumb Code   550  tb_key_led_deal.o(i.THEnd_LED_Control)
    THNet_Control_Report                     0x08003b45   Thumb Code    52  tos_thnet_report.o(i.THNet_Control_Report)
    THNet_Set_Report                         0x08003b79   Thumb Code    84  tos_thnet_report.o(i.THNet_Set_Report)
    THNet_Status_Report                      0x08003bcd   Thumb Code    52  tos_thnet_report.o(i.THNet_Status_Report)
    THNet_System_Report                      0x08003c01   Thumb Code   356  tos_thnet_report.o(i.THNet_System_Report)
    TIM2_IRQHandler                          0x08003d69   Thumb Code     4  stm32f10x_it.o(i.TIM2_IRQHandler)
    TIM3_IRQHandler                          0x08003d6d   Thumb Code     4  stm32f10x_it.o(i.TIM3_IRQHandler)
    TIM_ClearFlag                            0x08003d71   Thumb Code     6  stm32f10x_tim.o(i.TIM_ClearFlag)
    TIM_ClearITPendingBit                    0x08003d77   Thumb Code     6  stm32f10x_tim.o(i.TIM_ClearITPendingBit)
    TIM_Cmd                                  0x08003d7d   Thumb Code    20  stm32f10x_tim.o(i.TIM_Cmd)
    TIM_DeInit                               0x08003d91   Thumb Code   304  stm32f10x_tim.o(i.TIM_DeInit)
    TIM_GetITStatus                          0x08003f01   Thumb Code    24  stm32f10x_tim.o(i.TIM_GetITStatus)
    TIM_ITConfig                             0x08003f19   Thumb Code    16  stm32f10x_tim.o(i.TIM_ITConfig)
    TIM_TimeBaseInit                         0x08003f29   Thumb Code   114  stm32f10x_tim.o(i.TIM_TimeBaseInit)
    TOS_init_UART2_AT                        0x08003fc5   Thumb Code   182  tos_init.o(i.TOS_init_UART2_AT)
    TOS_init_UART2_HBS                       0x08004091   Thumb Code   174  tos_init.o(i.TOS_init_UART2_HBS)
    Timer1_Deal                              0x08004165   Thumb Code   198  timer_irq.o(i.Timer1_Deal)
    Timer2_Deal                              0x08004259   Thumb Code    72  tos_heartbeat.o(i.Timer2_Deal)
    Timer3_Deal                              0x080042a5   Thumb Code  1140  tos_heartbeat.o(i.Timer3_Deal)
    Tos_AT_HF_Deal                           0x0800471d   Thumb Code   324  tos_zne_deal.o(i.Tos_AT_HF_Deal)
    Tos_AT_HF_Heartbeat_Deal                 0x0800487d   Thumb Code   490  tos_zne_deal.o(i.Tos_AT_HF_Heartbeat_Deal)
    Tos_CC_AT_Check_Deal                     0x08004ab9   Thumb Code   190  tos_th_at_check.o(i.Tos_CC_AT_Check_Deal)
    Tos_CalCrc_RTU                           0x08004b89   Thumb Code    54  tos_checksum.o(i.Tos_CalCrc_RTU)
    Tos_Data_Report                          0x08004bc1   Thumb Code  2376  tos_instr_report.o(i.Tos_Data_Report)
    Tos_Device_Type_Check                    0x0800550d   Thumb Code   622  tos_th_id.o(i.Tos_Device_Type_Check)
    Tos_Heartbeat                            0x08005795   Thumb Code   480  tos_heartbeat.o(i.Tos_Heartbeat)
    Tos_Heartbeat_1s                         0x080059bd   Thumb Code    74  tos_heartbeat.o(i.Tos_Heartbeat_1s)
    Tos_HomeBus_Instr_Deal                   0x08005a0d   Thumb Code    92  tos_instr_send.o(i.Tos_HomeBus_Instr_Deal)
    Tos_Instr_Trans                          0x08005a81   Thumb Code  1948  tos_instr_transform.o(i.Tos_Instr_Trans)
    Tos_Net_Restart                          0x0800621d   Thumb Code    90  tos_zne_deal.o(i.Tos_Net_Restart)
    Tos_Refresh_ID                           0x08006291   Thumb Code    94  tos_th_id.o(i.Tos_Refresh_ID)
    Tos_Report_All                           0x0800630d   Thumb Code   172  tos_report_data.o(i.Tos_Report_All)
    Tos_TH_Read_Flash                        0x080063d1   Thumb Code    92  tos_th_flash.o(i.Tos_TH_Read_Flash)
    Tos_TH_Write_Flash                       0x0800642d   Thumb Code   660  tos_th_flash.o(i.Tos_TH_Write_Flash)
    Tos_ThinkHome_AT_Check                   0x080066c9   Thumb Code   564  tos_th_at_check.o(i.Tos_ThinkHome_AT_Check)
    Tos_ThinkHome_AT_Deal                    0x08006925   Thumb Code  1000  tos_th_at_deal.o(i.Tos_ThinkHome_AT_Deal)
    Tos_UART_send                            0x08006d2d   Thumb Code   210  tos_instr_send.o(i.Tos_UART_send)
    Tos_UART_send_BD                         0x08006e21   Thumb Code   122  tos_instr_send.o(i.Tos_UART_send_BD)
    Tos_WAN_Mode_Exchange                    0x08006ea9   Thumb Code   108  tos_zne_deal.o(i.Tos_WAN_Mode_Exchange)
    Tos_WAN_Mode_Flash_Get                   0x08006f25   Thumb Code    22  tos_th_flash.o(i.Tos_WAN_Mode_Flash_Get)
    Tos_WAN_Mode_Flash_Set                   0x08006f41   Thumb Code    34  tos_th_flash.o(i.Tos_WAN_Mode_Flash_Set)
    Tos_ZNE_DATA_GET                         0x08006f69   Thumb Code  2358  tos_instr_get.o(i.Tos_ZNE_DATA_GET)
    Tos_ZNE_Enkey_Refer                      0x080078a1   Thumb Code   150  tos_zne_deal.o(i.Tos_ZNE_Enkey_Refer)
    Tos_ZNE_process                          0x08007941   Thumb Code  1926  tos_instr_deal_zne.o(i.Tos_ZNE_process)
    Tos_checksum                             0x080080cd   Thumb Code    30  tos_checksum.o(i.Tos_checksum)
    Tos_init_LED                             0x080080ed   Thumb Code    52  tos_init.o(i.Tos_init_LED)
    Tos_init_Mode                            0x0800812d   Thumb Code    36  tos_init.o(i.Tos_init_Mode)
    Tos_init_Timer2                          0x08008155   Thumb Code    94  tos_init.o(i.Tos_init_Timer2)
    Tos_init_UART1                           0x080081bd   Thumb Code   328  tos_init.o(i.Tos_init_UART1)
    Tos_init_UART3_AT                        0x08008335   Thumb Code   140  tos_init.o(i.Tos_init_UART3_AT)
    Tos_init_variable                        0x080083d1   Thumb Code   204  tos_init.o(i.Tos_init_variable)
    UART1_Deal                               0x080084e1   Thumb Code    64  tos_instr_get.o(i.UART1_Deal)
    UART2_DATA_GET                           0x08008529   Thumb Code    24  uart_irq.o(i.UART2_DATA_GET)
    UART2_Deal                               0x0800854d   Thumb Code    86  tos_instr_get.o(i.UART2_Deal)
    UART3_DATA_GET                           0x080085b1   Thumb Code   262  tb_pwr_uart_get.o(i.UART3_DATA_GET)
    UART3_Deal                               0x080086cd   Thumb Code    88  tos_instr_get.o(i.UART3_Deal)
    UART4_DATA_GET                           0x08008735   Thumb Code     2  uart_irq.o(i.UART4_DATA_GET)
    UART4_Deal                               0x08008739   Thumb Code    48  tos_instr_get.o(i.UART4_Deal)
    UART4_IRQHandler                         0x0800876d   Thumb Code     4  stm32f10x_it.o(i.UART4_IRQHandler)
    UART5_DATA_GET                           0x08008771   Thumb Code     2  uart_irq.o(i.UART5_DATA_GET)
    UART5_Deal                               0x08008775   Thumb Code    48  tos_instr_get.o(i.UART5_Deal)
    UART5_IRQHandler                         0x080087a9   Thumb Code     4  stm32f10x_it.o(i.UART5_IRQHandler)
    USART1_IRQHandler                        0x080087ad   Thumb Code     4  stm32f10x_it.o(i.USART1_IRQHandler)
    USART2_IRQHandler                        0x080087b1   Thumb Code     4  stm32f10x_it.o(i.USART2_IRQHandler)
    USART3_IRQHandler                        0x080087b5   Thumb Code     4  stm32f10x_it.o(i.USART3_IRQHandler)
    USART_ClearFlag                          0x080087b9   Thumb Code     6  stm32f10x_usart.o(i.USART_ClearFlag)
    USART_Cmd                                0x080087bf   Thumb Code    20  stm32f10x_usart.o(i.USART_Cmd)
    USART_DeInit                             0x080087d5   Thumb Code    96  stm32f10x_usart.o(i.USART_DeInit)
    USART_GetFlagStatus                      0x08008849   Thumb Code    14  stm32f10x_usart.o(i.USART_GetFlagStatus)
    USART_GetITStatus                        0x08008857   Thumb Code    62  stm32f10x_usart.o(i.USART_GetITStatus)
    USART_ITConfig                           0x08008895   Thumb Code    48  stm32f10x_usart.o(i.USART_ITConfig)
    USART_Init                               0x080088c5   Thumb Code   176  stm32f10x_usart.o(i.USART_Init)
    USART_ReceiveData                        0x08008979   Thumb Code     8  stm32f10x_usart.o(i.USART_ReceiveData)
    USART_SendData                           0x08008981   Thumb Code     8  stm32f10x_usart.o(i.USART_SendData)
    UsageFault_Handler                       0x08008989   Thumb Code     2  stm32f10x_it.o(i.UsageFault_Handler)
    X232_CM_Control                          0x0800898d   Thumb Code   576  cm_deal.o(i.X232_CM_Control)
    X232_CM_Data_Feedback                    0x08008be1   Thumb Code  2778  cm_deal.o(i.X232_CM_Data_Feedback)
    X232_CM_Sensing                          0x080096c9   Thumb Code    66  cm_deal.o(i.X232_CM_Sensing)
    X232_Data_Poll                           0x08009721   Thumb Code   216  data_poll.o(i.X232_Data_Poll)
    X232_Instr_Deal                          0x08009815   Thumb Code    36  instr_deal_x485.o(i.X232_Instr_Deal)
    X485_Send                                0x0800983d   Thumb Code    78  instr_send_x485.o(i.X485_Send)
    __scatterload_copy                       0x08009895   Thumb Code    14  handlers.o(i.__scatterload_copy)
    __scatterload_null                       0x080098a3   Thumb Code     2  handlers.o(i.__scatterload_null)
    __scatterload_zeroinit                   0x080098a5   Thumb Code    14  handlers.o(i.__scatterload_zeroinit)
    delay_10us                               0x080098b3   Thumb Code    24  tos_sys_deal.o(i.delay_10us)
    delay_ms                                 0x080098cb   Thumb Code    28  tos_sys_deal.o(i.delay_ms)
    init_Device_Info                         0x080098e9   Thumb Code    34  init.o(i.init_Device_Info)
    init_UART2                               0x08009915   Thumb Code   260  init.o(i.init_UART2)
    main                                     0x08009a55   Thumb Code    22  main.o(i.main)
    Device_Software_Version                  0x08009a6a   Data           7  variable.o(.constdata)
    Tos_Firmware_Version                     0x08009a71   Data          48  tos_variable.o(.constdata)
    Gateway_Software_Version                 0x08009aa1   Data           7  tos_variable.o(.constdata)
    TH_ID_ADDR                               0x08009aa8   Data           4  tos_variable.o(.constdata)
    TH_WAN_MODE_ADDR_START                   0x08009aac   Data           4  tos_variable.o(.constdata)
    ZERO                                     0x08009ab0   Data           1  tos_variable.o(.constdata)
    Tos_AT_Start                             0x08009ab1   Data           4  tos_variable.o(.constdata)
    Tos_AT_Confirm                           0x08009ab5   Data           2  tos_variable.o(.constdata)
    Tos_AT_THVER                             0x08009ab7   Data          11  tos_variable.o(.constdata)
    Tos_AT_ICCID                             0x08009ac2   Data          11  tos_variable.o(.constdata)
    Tos_AT_WMAC                              0x08009acd   Data          10  tos_variable.o(.constdata)
    Tos_AT_NMAC                              0x08009ad7   Data          10  tos_variable.o(.constdata)
    Tos_AT_FEPHY                             0x08009ae1   Data          11  tos_variable.o(.constdata)
    Tos_AT_FEPHY_on                          0x08009aec   Data          14  tos_variable.o(.constdata)
    Tos_AT_FEPHY_off                         0x08009afa   Data          15  tos_variable.o(.constdata)
    Tos_AT_WMODE                             0x08009b09   Data          11  tos_variable.o(.constdata)
    Tos_AT_WMODE_ap                          0x08009b14   Data          14  tos_variable.o(.constdata)
    Tos_AT_WMODE_sta                         0x08009b22   Data          15  tos_variable.o(.constdata)
    Tos_AT_MSLP                              0x08009b31   Data          10  tos_variable.o(.constdata)
    Tos_AT_MSLP_on                           0x08009b3b   Data          13  tos_variable.o(.constdata)
    Tos_AT_MSLP_off                          0x08009b48   Data          14  tos_variable.o(.constdata)
    Tos_AT_Exit                              0x08009b56   Data           7  tos_variable.o(.constdata)
    Tos_ASCIItoNUM                           0x08009b5d   Data         103  tos_variable.o(.constdata)
    Tos_En_Key_TAB                           0x08009bc4   Data         400  tos_variable.o(.constdata)
    TB_TH_WIRELESS_KEY_ADDR_START            0x08009d54   Data           4  tb_key_variable.o(.constdata)
    TB_TH_KEY_ADDR_START                     0x08009d58   Data           4  tb_key_variable.o(.constdata)
    Region$$Table$$Base                      0x08009d5c   Number         0  anon$$obj.o(Region$$Table)
    Region$$Table$$Limit                     0x08009d7c   Number         0  anon$$obj.o(Region$$Table)
    X232_CM_buf                              0x20000000   Data           8  variable.o(.data)
    Device_Model_Code                        0x20000008   Data           2  variable.o(.data)
    tflag                                    0x2000000a   Data           2  variable.o(.data)
    UART2_event_index                        0x2000000c   Data           1  variable.o(.data)
    UART2_event_num                          0x2000000d   Data           1  variable.o(.data)
    UART2_deal_event_num                     0x2000000e   Data           1  variable.o(.data)
    X232_CM_Operating_Road_Num_now           0x2000000f   Data           1  variable.o(.data)
    X232_CM_Control_Style                    0x20000010   Data           1  variable.o(.data)
    X232_CM_Sensing_Style                    0x20000011   Data           1  variable.o(.data)
    UART2_Data_Wait_beat_num                 0x20000012   Data           1  variable.o(.data)
    X232_CM_All_Refresh_beat_num             0x20000013   Data           1  variable.o(.data)
    X232_CM_Refresh_Road_num                 0x20000014   Data           1  variable.o(.data)
    X232_CM_Refresh_beat_num                 0x20000016   Data           2  variable.o(.data)
    X232_CM_Data_Wait_beat_num               0x20000018   Data           2  variable.o(.data)
    X485_Ctrl_Instr_Wait_beat_num            0x2000001a   Data           2  variable.o(.data)
    END_NULL_CODE                            0x20000024   Data           4  tos_variable.o(.data)
    Tos_tflag                                0x20000028   Data           4  tos_variable.o(.data)
    Tos_net_disconnect_count                 0x2000002c   Data           1  tos_variable.o(.data)
    Tos_AT_HF_Deal_Step                      0x2000002d   Data           1  tos_variable.o(.data)
    Tos_deal_event_num                       0x2000002e   Data           1  tos_variable.o(.data)
    Tos_UART0_event_num                      0x2000002f   Data           1  tos_variable.o(.data)
    Tos_UART0_event_index                    0x20000030   Data           1  tos_variable.o(.data)
    Tos_Upgrade_Flicker_count                0x20000031   Data           1  tos_variable.o(.data)
    Tos_Hearbeat_1s_beat_num                 0x20000032   Data           1  tos_variable.o(.data)
    Tos_LED_PWM_beat_num                     0x20000033   Data           1  tos_variable.o(.data)
    Tos_CC_AT_Enable_Step                    0x20000034   Data           1  tos_variable.o(.data)
    Tos_CC_AT_Enable_beat_num                0x20000035   Data           1  tos_variable.o(.data)
    Tos_ZNE_Data_Wait_beat_num               0x20000036   Data           2  tos_variable.o(.data)
    Tos_ZNE_Heartbeat_num                    0x20000038   Data           2  tos_variable.o(.data)
    Tos_LED_beat_num                         0x2000003a   Data           2  tos_variable.o(.data)
    Tos_Report_All_beat_num                  0x2000003c   Data           2  tos_variable.o(.data)
    Device_Link_Flag                         0x2000003e   Data           1  tos_variable.o(.data)
    Device_Test_Flag                         0x2000003f   Data           1  tos_variable.o(.data)
    Device_User_Bound_Flag                   0x20000040   Data           1  tos_variable.o(.data)
    HBS_Device_Flag                          0x20000041   Data           1  tos_variable.o(.data)
    Device_Check_Road_Num                    0x20000042   Data           1  tos_variable.o(.data)
    Device_Type_Code                         0x20000043   Data           1  tos_variable.o(.data)
    Tos_XHBS_Homebus_OutPtr                  0x20000044   Data           1  tos_variable.o(.data)
    Tos_XHBS_Homebus_OutTotal                0x20000045   Data           1  tos_variable.o(.data)
    Tos_rsTx                                 0x20000046   Data           7  tos_variable.o(.data)
    Tos_rsRx                                 0x2000004d   Data           8  tos_variable.o(.data)
    Tos_AT_HF                                0x20000055   Data           6  tos_variable.o(.data)
    tkflag                                   0x2000005b   Data           2  tb_key_variable.o(.data)
    TB_UART3_event_index                     0x2000005d   Data           1  tb_key_variable.o(.data)
    TB_UART3_event_num                       0x2000005e   Data           1  tb_key_variable.o(.data)
    TB_UART3_Data_Wait_beat_num              0x2000005f   Data           1  tb_key_variable.o(.data)
    TB_UART3_event_deal_num                  0x20000060   Data           1  tb_key_variable.o(.data)
    TB_Bell_Ring_Num                         0x20000061   Data           1  tb_key_variable.o(.data)
    TB_Bell_Ring_beat_num                    0x20000062   Data           1  tb_key_variable.o(.data)
    TB_Keyboard_Led_beat_num                 0x20000063   Data           1  tb_key_variable.o(.data)
    TB_Key_In_ID_Num                         0x20000064   Data           1  tb_key_variable.o(.data)
    TB_Key_Scan_beat_num                     0x20000065   Data           1  tb_key_variable.o(.data)
    TB_Key_Binding_beat_num                  0x20000066   Data           2  tb_key_variable.o(.data)
    Key_Binding_Device_Info                  0x20000068   Data           4  tb_key_variable.o(.data)
    TB_Key_Status_1_now                      0x2000006c   Data           4  tb_key_variable.o(.data)
    TB_Key_Status_1_old                      0x20000070   Data           4  tb_key_variable.o(.data)
    TB_Key_Binding_Flag                      0x20000074   Data           1  tb_key_variable.o(.data)
    g_FW_upgrade_mode                        0x20000092   Data           1  fw_upgrade_variable.o(.data)
    FW_bit_flag                              0x20000093   Data           2  fw_upgrade_variable.o(.data)
    g_FW_upgrade_device_type                 0x20000095   Data           1  fw_upgrade_variable.o(.data)
    g_FW_channel_slave_recv_data             0x20000096   Data           1  fw_upgrade_variable.o(.data)
    g_FW_upgrade_net_timeout_beat_num        0x20000098   Data           2  fw_upgrade_variable.o(.data)
    g_FW_upgrade_channel_slave_timeout_beat_num 0x2000009a   Data           2  fw_upgrade_variable.o(.data)
    g_FW_program_download_real_size          0x2000009c   Data           4  fw_upgrade_variable.o(.data)
    g_FW_download_package_num                0x200000a0   Data           1  fw_upgrade_variable.o(.data)
    g_FW_upgrade_net_report_ACK_beat_num     0x200000a2   Data           2  fw_upgrade_variable.o(.data)
    g_FW_upgrade_total_time_beat_num         0x200000a4   Data           4  fw_upgrade_variable.o(.data)
    g_FW_upgrade_exit_flag                   0x200000a8   Data           1  fw_upgrade_variable.o(.data)
    g_FW_flash_operate_status                0x200000a9   Data           1  fw_upgrade_variable.o(.data)
    g_FW_upgrade_device_road_num             0x200000aa   Data           1  fw_upgrade_variable.o(.data)
    TB_Key_Deal_Status                       0x200000ab   Data           1  tb_key_beat_deal.o(.data)
    jump2addr                                0x200000b0   Data           4  fw_upgrade_common.o(.data)
    rxArray_UART2                            0x200000c4   Data         259  variable.o(.bss)
    CM_struct_buf                            0x200001c7   Data         216  variable.o(.bss)
    rxArray_buf                              0x2000029f   Data          96  cm_deal.o(.bss)
    Tos_Report_buf                           0x2000031a   Data          72  tos_variable.o(.bss)
    END_Slave_ID                             0x20000362   Data          72  tos_variable.o(.bss)
    Tos_XHBS_Homebus_buf                     0x200003aa   Data          64  tos_variable.o(.bss)
    TC_ID_buf                                0x200003ea   Data          25  tos_variable.o(.bss)
    TE_ID_buf                                0x20000403   Data          72  tos_variable.o(.bss)
    Tos_rxArray_ZNE                          0x2000044b   Data       16320  tos_variable.o(.bss)
    Sys_Time                                 0x2000440c   Data          10  tos_variable.o(.bss)
    TB_Key_Feed_buf                          0x20004416   Data          10  tb_key_variable.o(.bss)
    TB_rxArray_UART3                         0x20004420   Data         176  tb_key_variable.o(.bss)
    TB_Key_buf                               0x200044d0   Data          48  tb_key_variable.o(.bss)
    TB_Keyboard_Led                          0x20004500   Data          32  tb_key_variable.o(.bss)
    TB_WKey_buf                              0x20004520   Data        4000  tb_key_variable.o(.bss)
    TB_WKey_now_buf                          0x200054c0   Data         128  tb_key_variable.o(.bss)
    read_from_flash                          0x20005540   Data        2048  tos_th_flash.o(.bss)
    write_data                               0x20005d40   Data         256  tos_th_flash.o(.bss)
    g_FW_program_package_data_buf            0x20005e40   Data        1029  fw_upgrade_variable.o(.bss)
    g_FW_download_info                       0x20006248   Data         280  fw_upgrade_variable.o(.bss)
    g_FW_download_crc_record                 0x20006360   Data        1020  fw_upgrade_variable.o(.bss)
    __initial_sp                             0x20006f68   Data           0  startup_stm32f10x_hd.o(STACK)



==============================================================================

Memory Map of the image

  Image Entry point : 0x08000131

  Load Region LR_IROM1 (Base: 0x08000000, Size: 0x00009e40, Max: 0x00100000, ABSOLUTE)

    Execution Region ER_IROM1 (Exec base: 0x08000000, Load base: 0x08000000, Size: 0x00009d7c, Max: 0x00100000, ABSOLUTE)

    Exec Addr    Load Addr    Size         Type   Attr      Idx    E Section Name        Object

    0x08000000   0x08000000   0x00000130   Data   RO         1286    RESET               RS006.lib(startup_stm32f10x_hd.o)
    0x08000130   0x08000130   0x00000000   Code   RO         1261  * .ARM.Collect$$$$00000000  mc_w.l(entry.o)
    0x08000130   0x08000130   0x00000004   Code   RO         1270    .ARM.Collect$$$$00000001  mc_w.l(entry2.o)
    0x08000134   0x08000134   0x00000004   Code   RO         1273    .ARM.Collect$$$$00000004  mc_w.l(entry5.o)
    0x08000138   0x08000138   0x00000000   Code   RO         1275    .ARM.Collect$$$$00000008  mc_w.l(entry7b.o)
    0x08000138   0x08000138   0x00000000   Code   RO         1277    .ARM.Collect$$$$0000000A  mc_w.l(entry8b.o)
    0x08000138   0x08000138   0x00000008   Code   RO         1278    .ARM.Collect$$$$0000000B  mc_w.l(entry9a.o)
    0x08000140   0x08000140   0x00000000   Code   RO         1280    .ARM.Collect$$$$0000000D  mc_w.l(entry10a.o)
    0x08000140   0x08000140   0x00000000   Code   RO         1282    .ARM.Collect$$$$0000000F  mc_w.l(entry11a.o)
    0x08000140   0x08000140   0x00000004   Code   RO         1271    .ARM.Collect$$$$00002712  mc_w.l(entry2.o)
    0x08000144   0x08000144   0x00000006   Code   RO         1163    .emb_text           RS006.lib(fw_upgrade_common.o)
    0x0800014a   0x0800014a   0x00000024   Code   RO         1264    .text               mc_w.l(memcpya.o)
    0x0800016e   0x0800016e   0x0000000e   Code   RO         1266    .text               mc_w.l(strlen.o)
    0x0800017c   0x0800017c   0x00000024   Code   RO         1287    .text               RS006.lib(startup_stm32f10x_hd.o)
    0x080001a0   0x080001a0   0x00000024   Code   RO         1289    .text               mc_w.l(init.o)
    0x080001c4   0x080001c4   0x00000002   Code   RO          112    i.BusFault_Handler  stm32f10x_it.o
    0x080001c6   0x080001c6   0x00000002   PAD
    0x080001c8   0x080001c8   0x0000001a   Code   RO          100    i.Check_Sum         checksum.o
    0x080001e2   0x080001e2   0x00000002   Code   RO          113    i.DebugMon_Handler  stm32f10x_it.o
    0x080001e4   0x080001e4   0x00000070   Code   RO          313    i.Device_Status_Clear  init.o
    0x08000254   0x08000254   0x000000c8   Code   RO          861    i.END_Device_ID_Check  RS006.lib(tos_th_id.o)
    0x0800031c   0x0800031c   0x00000004   Code   RO          314    i.END_Early_Init    init.o
    0x08000320   0x08000320   0x0000000c   Code   RO         1197    i.FLASH_ClearFlag   RS006.lib(stm32f10x_flash.o)
    0x0800032c   0x0800032c   0x00000040   Code   RO         1202    i.FLASH_ErasePage   RS006.lib(stm32f10x_flash.o)
    0x0800036c   0x0800036c   0x00000028   Code   RO         1203    i.FLASH_GetBank1Status  RS006.lib(stm32f10x_flash.o)
    0x08000394   0x08000394   0x00000010   Code   RO         1212    i.FLASH_Lock        RS006.lib(stm32f10x_flash.o)
    0x080003a4   0x080003a4   0x00000038   Code   RO         1215    i.FLASH_ProgramHalfWord  RS006.lib(stm32f10x_flash.o)
    0x080003dc   0x080003dc   0x00000054   Code   RO         1217    i.FLASH_ProgramWord  RS006.lib(stm32f10x_flash.o)
    0x08000430   0x08000430   0x00000018   Code   RO         1220    i.FLASH_Unlock      RS006.lib(stm32f10x_flash.o)
    0x08000448   0x08000448   0x00000024   Code   RO         1224    i.FLASH_WaitForLastOperation  RS006.lib(stm32f10x_flash.o)
    0x0800046c   0x0800046c   0x0000000c   Code   RO          911    i.FW_channel_slave_data_get  RS006.lib(fw_upgrade_usart.o)
    0x08000478   0x08000478   0x00000058   Code   RO         1170    i.FW_channel_slave_download  RS006.lib(fw_upgrade_download.o)
    0x080004d0   0x080004d0   0x0000005c   Code   RO          912    i.FW_channel_slave_send_data  RS006.lib(fw_upgrade_usart.o)
    0x0800052c   0x0800052c   0x0000034c   Code   RO         1175    i.FW_channel_slave_ymodem_receive_and_transmit  RS006.lib(fw_upgrade_ymodem.o)
    0x08000878   0x08000878   0x00000020   Code   RO         1164    i.FW_close_IRQHard  RS006.lib(fw_upgrade_common.o)
    0x08000898   0x08000898   0x00000014   Code   RO         1253    i.FW_flash_calculate_pages  RS006.lib(fw_upgrade_flash.o)
    0x080008ac   0x080008ac   0x00000030   Code   RO         1254    i.FW_flash_erase_page  RS006.lib(fw_upgrade_flash.o)
    0x080008dc   0x080008dc   0x00000004   Code   RO         1255    i.FW_flash_programme_word  RS006.lib(fw_upgrade_flash.o)
    0x080008e0   0x080008e0   0x00000034   Code   RO         1165    i.FW_jump2addr      RS006.lib(fw_upgrade_common.o)
    0x08000914   0x08000914   0x00000004   Code   RO         1177    i.FW_memcpy         RS006.lib(fw_upgrade_ymodem.o)
    0x08000918   0x08000918   0x0000033c   Code   RO         1171    i.FW_net_and_serial_download  RS006.lib(fw_upgrade_download.o)
    0x08000c54   0x08000c54   0x000003cc   Code   RO         1178    i.FW_net_and_serial_ymodem_receive  RS006.lib(fw_upgrade_ymodem.o)
    0x08001020   0x08001020   0x00000054   Code   RO         1179    i.FW_receive_byte   RS006.lib(fw_upgrade_ymodem.o)
    0x08001074   0x08001074   0x000000bc   Code   RO         1180    i.FW_str2int        RS006.lib(fw_upgrade_ymodem.o)
    0x08001130   0x08001130   0x000000d4   Code   RO          903    i.FW_timer_deal     RS006.lib(fw_upgrade_init.o)
    0x08001204   0x08001204   0x000000bc   Code   RO          913    i.FW_uart_net_init_config_IRQ  RS006.lib(fw_upgrade_usart.o)
    0x080012c0   0x080012c0   0x00000098   Code   RO          914    i.FW_uart_net_init_config_noIRQ  RS006.lib(fw_upgrade_usart.o)
    0x08001358   0x08001358   0x00000024   Code   RO         1181    i.FW_uart_net_input_check  RS006.lib(fw_upgrade_ymodem.o)
    0x0800137c   0x0800137c   0x000000b4   Code   RO          915    i.FW_uart_serial_init_config_IRQ  RS006.lib(fw_upgrade_usart.o)
    0x08001430   0x08001430   0x0000008c   Code   RO          916    i.FW_uart_serial_init_config_noIRQ  RS006.lib(fw_upgrade_usart.o)
    0x080014bc   0x080014bc   0x00000024   Code   RO         1182    i.FW_uart_serial_input_check  RS006.lib(fw_upgrade_ymodem.o)
    0x080014e0   0x080014e0   0x00000002   Code   RO          917    i.FW_uart_serial_printf  RS006.lib(fw_upgrade_usart.o)
    0x080014e2   0x080014e2   0x00000002   PAD
    0x080014e4   0x080014e4   0x00000020   Code   RO          918    i.FW_uart_serial_send_byte  RS006.lib(fw_upgrade_usart.o)
    0x08001504   0x08001504   0x00000264   Code   RO          904    i.FW_upgrade_check  RS006.lib(fw_upgrade_init.o)
    0x08001768   0x08001768   0x00000044   Code   RO          905    i.FW_upgrade_init   RS006.lib(fw_upgrade_init.o)
    0x080017ac   0x080017ac   0x00000098   Code   RO          906    i.FW_upgrade_val_init  RS006.lib(fw_upgrade_init.o)
    0x08001844   0x08001844   0x00000048   Code   RO          921    i.FW_upgrading_net_report  RS006.lib(fw_upgrade_usart.o)
    0x0800188c   0x0800188c   0x0000003e   Code   RO         1183    i.FW_ymodem_calculate_crc  RS006.lib(fw_upgrade_ymodem.o)
    0x080018ca   0x080018ca   0x00000102   Code   RO         1184    i.FW_ymodem_net_receive_packet  RS006.lib(fw_upgrade_ymodem.o)
    0x080019cc   0x080019cc   0x00000012   Code   RO          846    i.Flash_Read        RS006.lib(tos_th_flash.o)
    0x080019de   0x080019de   0x00000002   PAD
    0x080019e0   0x080019e0   0x00000088   Code   RO          847    i.Flash_Using_Reload  RS006.lib(tos_th_flash.o)
    0x08001a68   0x08001a68   0x0000000c   Code   RO          848    i.Flash_Write       RS006.lib(tos_th_flash.o)
    0x08001a74   0x08001a74   0x000000b4   Code   RO          703    i.GPIO_DeInit       RS006.lib(stm32f10x_gpio.o)
    0x08001b28   0x08001b28   0x0000009e   Code   RO          708    i.GPIO_Init         RS006.lib(stm32f10x_gpio.o)
    0x08001bc6   0x08001bc6   0x00000002   PAD
    0x08001bc8   0x08001bc8   0x00000058   Code   RO          710    i.GPIO_PinRemapConfig  RS006.lib(stm32f10x_gpio.o)
    0x08001c20   0x08001c20   0x0000000e   Code   RO          712    i.GPIO_ReadInputDataBit  RS006.lib(stm32f10x_gpio.o)
    0x08001c2e   0x08001c2e   0x0000000e   Code   RO          714    i.GPIO_ReadOutputDataBit  RS006.lib(stm32f10x_gpio.o)
    0x08001c3c   0x08001c3c   0x00000004   Code   RO          715    i.GPIO_ResetBits    RS006.lib(stm32f10x_gpio.o)
    0x08001c40   0x08001c40   0x00000004   Code   RO          716    i.GPIO_SetBits      RS006.lib(stm32f10x_gpio.o)
    0x08001c44   0x08001c44   0x00000002   Code   RO          114    i.HardFault_Handler  stm32f10x_it.o
    0x08001c46   0x08001c46   0x00000002   Code   RO          283    i.Heartbeat_1s      timer_irq.o
    0x08001c48   0x08001c48   0x00000004   Code   RO          284    i.Heartbeat_4ms     timer_irq.o
    0x08001c4c   0x08001c4c   0x00000002   Code   RO          285    i.Heartbeat_7us5    timer_irq.o
    0x08001c4e   0x08001c4e   0x00000002   PAD
    0x08001c50   0x08001c50   0x0000006c   Code   RO          485    i.Heartbeat_7us5_Close  RS006.lib(tos_init.o)
    0x08001cbc   0x08001cbc   0x0000005c   Code   RO          486    i.Heartbeat_7us5_Open  RS006.lib(tos_init.o)
    0x08001d18   0x08001d18   0x00000022   Code   RO          487    i.IWDG_Config       RS006.lib(tos_init.o)
    0x08001d3a   0x08001d3a   0x00000002   PAD
    0x08001d3c   0x08001d3c   0x00000010   Code   RO          806    i.IWDG_Enable       RS006.lib(stm32f10x_iwdg.o)
    0x08001d4c   0x08001d4c   0x00000010   Code   RO          808    i.IWDG_ReloadCounter  RS006.lib(stm32f10x_iwdg.o)
    0x08001d5c   0x08001d5c   0x0000000c   Code   RO          809    i.IWDG_SetPrescaler  RS006.lib(stm32f10x_iwdg.o)
    0x08001d68   0x08001d68   0x0000000c   Code   RO          810    i.IWDG_SetReload    RS006.lib(stm32f10x_iwdg.o)
    0x08001d74   0x08001d74   0x0000000c   Code   RO          811    i.IWDG_WriteAccessCmd  RS006.lib(stm32f10x_iwdg.o)
    0x08001d80   0x08001d80   0x00000004   Code   RO          315    i.Init              init.o
    0x08001d84   0x08001d84   0x00000002   Code   RO          115    i.MemManage_Handler  stm32f10x_it.o
    0x08001d86   0x08001d86   0x00000002   Code   RO          116    i.NMI_Handler       stm32f10x_it.o
    0x08001d88   0x08001d88   0x00000064   Code   RO          738    i.NVIC_Init         RS006.lib(misc.o)
    0x08001dec   0x08001dec   0x00000014   Code   RO          739    i.NVIC_PriorityGroupConfig  RS006.lib(misc.o)
    0x08001e00   0x08001e00   0x00000014   Code   RO          740    i.NVIC_SetVectorTable  RS006.lib(misc.o)
    0x08001e14   0x08001e14   0x00000002   Code   RO          117    i.PendSV_Handler    stm32f10x_it.o
    0x08001e16   0x08001e16   0x0000003a   Code   RO          396    i.QueueAdd          seqqueue.o
    0x08001e50   0x08001e50   0x00000034   Code   RO          397    i.QueueDelete       seqqueue.o
    0x08001e84   0x08001e84   0x00000016   Code   RO          399    i.QueueInit         seqqueue.o
    0x08001e9a   0x08001e9a   0x0000000e   Code   RO          400    i.QueueNotEmpty     seqqueue.o
    0x08001ea8   0x08001ea8   0x00000018   Code   RO          639    i.RCC_APB1PeriphClockCmd  RS006.lib(stm32f10x_rcc.o)
    0x08001ec0   0x08001ec0   0x00000018   Code   RO          640    i.RCC_APB1PeriphResetCmd  RS006.lib(stm32f10x_rcc.o)
    0x08001ed8   0x08001ed8   0x00000018   Code   RO          641    i.RCC_APB2PeriphClockCmd  RS006.lib(stm32f10x_rcc.o)
    0x08001ef0   0x08001ef0   0x00000018   Code   RO          642    i.RCC_APB2PeriphResetCmd  RS006.lib(stm32f10x_rcc.o)
    0x08001f08   0x08001f08   0x00000040   Code   RO          648    i.RCC_DeInit        RS006.lib(stm32f10x_rcc.o)
    0x08001f48   0x08001f48   0x00000094   Code   RO          649    i.RCC_GetClocksFreq  RS006.lib(stm32f10x_rcc.o)
    0x08001fdc   0x08001fdc   0x00000030   Code   RO          650    i.RCC_GetFlagStatus  RS006.lib(stm32f10x_rcc.o)
    0x0800200c   0x0800200c   0x00000014   Code   RO          653    i.RCC_HCLKConfig    RS006.lib(stm32f10x_rcc.o)
    0x08002020   0x08002020   0x00000034   Code   RO          654    i.RCC_HSEConfig     RS006.lib(stm32f10x_rcc.o)
    0x08002054   0x08002054   0x00000014   Code   RO          660    i.RCC_PCLK1Config   RS006.lib(stm32f10x_rcc.o)
    0x08002068   0x08002068   0x00000014   Code   RO          661    i.RCC_PCLK2Config   RS006.lib(stm32f10x_rcc.o)
    0x0800207c   0x0800207c   0x0000000c   Code   RO          662    i.RCC_PLLCmd        RS006.lib(stm32f10x_rcc.o)
    0x08002088   0x08002088   0x00000014   Code   RO          663    i.RCC_PLLConfig     RS006.lib(stm32f10x_rcc.o)
    0x0800209c   0x0800209c   0x00000014   Code   RO          666    i.RCC_SYSCLKConfig  RS006.lib(stm32f10x_rcc.o)
    0x080020b0   0x080020b0   0x0000002c   Code   RO          668    i.RCC_WaitForHSEStartUp  RS006.lib(stm32f10x_rcc.o)
    0x080020dc   0x080020dc   0x0000004e   Code   RO          488    i.RCC_init          RS006.lib(tos_init.o)
    0x0800212a   0x0800212a   0x00000002   Code   RO          118    i.SVC_Handler       stm32f10x_it.o
    0x0800212c   0x0800212c   0x00000094   Code   RO          489    i.SYS_Init          RS006.lib(tos_init.o)
    0x080021c0   0x080021c0   0x000000d0   Code   RO          515    i.SYS_Running       RS006.lib(tos_sys_deal.o)
    0x08002290   0x08002290   0x000000a8   Code   RO         1291    i.SetSysClockTo72   RS006.lib(system_stm32f10x.o)
    0x08002338   0x08002338   0x00000002   Code   RO          119    i.SysTick_Handler   stm32f10x_it.o
    0x0800233a   0x0800233a   0x00000002   PAD
    0x0800233c   0x0800233c   0x00000040   Code   RO         1293    i.SystemInit        RS006.lib(system_stm32f10x.o)
    0x0800237c   0x0800237c   0x00000044   Code   RO          604    i.TB_Alarm_Blink_Control  RS006.lib(tb_key_led_deal.o)
    0x080023c0   0x080023c0   0x00000044   Code   RO          605    i.TB_All_LED_Action  RS006.lib(tb_key_led_deal.o)
    0x08002404   0x08002404   0x00000034   Code   RO         1144    i.TB_Key_Bind_Flash_Get  RS006.lib(tb_key_set_deal.o)
    0x08002438   0x08002438   0x00000034   Code   RO         1145    i.TB_Key_Bind_Flash_Set  RS006.lib(tb_key_set_deal.o)
    0x0800246c   0x0800246c   0x00000024   Code   RO         1138    i.TB_Key_Check      RS006.lib(tb_key_deal.o)
    0x08002490   0x08002490   0x00000080   Code   RO         1139    i.TB_Key_Deal       RS006.lib(tb_key_deal.o)
    0x08002510   0x08002510   0x00000028   Code   RO          867    i.TB_Key_Init       RS006.lib(tb_key_init.o)
    0x08002538   0x08002538   0x00000084   Code   RO          879    i.TB_Key_Running    RS006.lib(tb_key_sys_deal.o)
    0x080025bc   0x080025bc   0x00000284   Code   RO         1140    i.TB_Key_Scan       RS006.lib(tb_key_deal.o)
    0x08002840   0x08002840   0x000001cc   Code   RO         1146    i.TB_Key_Set_Deal   RS006.lib(tb_key_set_deal.o)
    0x08002a0c   0x08002a0c   0x00000084   Code   RO          893    i.TB_Key_Test_Check  RS006.lib(tb_test_key_deal.o)
    0x08002a90   0x08002a90   0x00000016   Code   RO          881    i.TB_Key_Timer_Deal  RS006.lib(tb_key_timer.o)
    0x08002aa6   0x08002aa6   0x00000002   PAD
    0x08002aa8   0x08002aa8   0x000000f0   Code   RO         1133    i.TB_Key_beat_Deal  RS006.lib(tb_key_beat_deal.o)
    0x08002b98   0x08002b98   0x00000040   Code   RO          868    i.TB_Key_init_Bell  RS006.lib(tb_key_init.o)
    0x08002bd8   0x08002bd8   0x0000019c   Code   RO          869    i.TB_Key_init_Key   RS006.lib(tb_key_init.o)
    0x08002d74   0x08002d74   0x00000070   Code   RO          870    i.TB_Key_init_Led   RS006.lib(tb_key_init.o)
    0x08002de4   0x08002de4   0x000001a4   Code   RO          607    i.TB_LED_Switch     RS006.lib(tb_key_led_deal.o)
    0x08002f88   0x08002f88   0x00000024   Code   RO          895    i.TB_Test_Key_Check  RS006.lib(tb_test_key_deal.o)
    0x08002fac   0x08002fac   0x00000090   Code   RO          896    i.TB_Test_Key_Deal  RS006.lib(tb_test_key_deal.o)
    0x0800303c   0x0800303c   0x0000003c   Code   RO          882    i.TB_Timer_Bell_Ring  RS006.lib(tb_key_timer.o)
    0x08003078   0x08003078   0x000000b4   Code   RO          883    i.TB_Timer_Key_Deal  RS006.lib(tb_key_timer.o)
    0x0800312c   0x0800312c   0x00000080   Code   RO          884    i.TB_Timer_Keyboard_LED_Deal  RS006.lib(tb_key_timer.o)
    0x080031ac   0x080031ac   0x00000040   Code   RO          885    i.TB_Timer_UART3_Deal  RS006.lib(tb_key_timer.o)
    0x080031ec   0x080031ec   0x00000218   Code   RO         1154    i.TB_UART_PWR_Deal  RS006.lib(tb_pwr_uart_deal.o)
    0x08003404   0x08003404   0x0000001e   Code   RO         1155    i.TB_UART_PWR_Instr_Deal  RS006.lib(tb_pwr_uart_deal.o)
    0x08003422   0x08003422   0x00000002   PAD
    0x08003424   0x08003424   0x00000198   Code   RO         1158    i.TB_WKey_Action_Deal  RS006.lib(tb_wkey_beat_deal.o)
    0x080035bc   0x080035bc   0x0000001c   Code   RO         1147    i.TB_WKey_Flash_Get  RS006.lib(tb_key_set_deal.o)
    0x080035d8   0x080035d8   0x00000044   Code   RO         1148    i.TB_WKey_Flash_Set  RS006.lib(tb_key_set_deal.o)
    0x0800361c   0x0800361c   0x00000108   Code   RO         1159    i.TB_WKey_beat_Deal  RS006.lib(tb_wkey_beat_deal.o)
    0x08003724   0x08003724   0x0000005c   Code   RO            1    i.THCloud_Control_Deal  thcloud_instr_deal.o
    0x08003780   0x08003780   0x00000004   Code   RO            2    i.THCloud_Inquiry_Deal  thcloud_instr_deal.o
    0x08003784   0x08003784   0x00000004   Code   RO            3    i.THCloud_Set_Deal  thcloud_instr_deal.o
    0x08003788   0x08003788   0x00000004   Code   RO            4    i.THCloud_System_Deal  thcloud_instr_deal.o
    0x0800378c   0x0800378c   0x0000003c   Code   RO          602    i.THEnd_Bell_Control  RS006.lib(tb_bell_deal.o)
    0x080037c8   0x080037c8   0x0000011c   Code   RO          432    i.THEnd_Key_Action_Deal  thend_key_action_deal.o
    0x080038e4   0x080038e4   0x00000024   Code   RO          433    i.THEnd_Key_Bind_Deal  thend_key_action_deal.o
    0x08003908   0x08003908   0x0000023c   Code   RO          608    i.THEnd_LED_Control  RS006.lib(tb_key_led_deal.o)
    0x08003b44   0x08003b44   0x00000034   Code   RO          592    i.THNet_Control_Report  RS006.lib(tos_thnet_report.o)
    0x08003b78   0x08003b78   0x00000054   Code   RO          594    i.THNet_Set_Report  RS006.lib(tos_thnet_report.o)
    0x08003bcc   0x08003bcc   0x00000034   Code   RO          595    i.THNet_Status_Report  RS006.lib(tos_thnet_report.o)
    0x08003c00   0x08003c00   0x00000168   Code   RO          596    i.THNet_System_Report  RS006.lib(tos_thnet_report.o)
    0x08003d68   0x08003d68   0x00000004   Code   RO          120    i.TIM2_IRQHandler   stm32f10x_it.o
    0x08003d6c   0x08003d6c   0x00000004   Code   RO          121    i.TIM3_IRQHandler   stm32f10x_it.o
    0x08003d70   0x08003d70   0x00000006   Code   RO          957    i.TIM_ClearFlag     RS006.lib(stm32f10x_tim.o)
    0x08003d76   0x08003d76   0x00000006   Code   RO          958    i.TIM_ClearITPendingBit  RS006.lib(stm32f10x_tim.o)
    0x08003d7c   0x08003d7c   0x00000014   Code   RO          963    i.TIM_Cmd           RS006.lib(stm32f10x_tim.o)
    0x08003d90   0x08003d90   0x00000170   Code   RO          968    i.TIM_DeInit        RS006.lib(stm32f10x_tim.o)
    0x08003f00   0x08003f00   0x00000018   Code   RO          984    i.TIM_GetITStatus   RS006.lib(stm32f10x_tim.o)
    0x08003f18   0x08003f18   0x00000010   Code   RO          988    i.TIM_ITConfig      RS006.lib(stm32f10x_tim.o)
    0x08003f28   0x08003f28   0x0000009c   Code   RO         1034    i.TIM_TimeBaseInit  RS006.lib(stm32f10x_tim.o)
    0x08003fc4   0x08003fc4   0x000000cc   Code   RO          490    i.TOS_init_UART2_AT  RS006.lib(tos_init.o)
    0x08004090   0x08004090   0x000000d4   Code   RO          491    i.TOS_init_UART2_HBS  RS006.lib(tos_init.o)
    0x08004164   0x08004164   0x000000f4   Code   RO          286    i.Timer1_Deal       timer_irq.o
    0x08004258   0x08004258   0x0000004c   Code   RO          477    i.Timer2_Deal       RS006.lib(tos_heartbeat.o)
    0x080042a4   0x080042a4   0x00000478   Code   RO          478    i.Timer3_Deal       RS006.lib(tos_heartbeat.o)
    0x0800471c   0x0800471c   0x00000160   Code   RO          820    i.Tos_AT_HF_Deal    RS006.lib(tos_zne_deal.o)
    0x0800487c   0x0800487c   0x0000023c   Code   RO          821    i.Tos_AT_HF_Heartbeat_Deal  RS006.lib(tos_zne_deal.o)
    0x08004ab8   0x08004ab8   0x000000d0   Code   RO          842    i.Tos_CC_AT_Check_Deal  RS006.lib(tos_th_at_check.o)
    0x08004b88   0x08004b88   0x00000036   Code   RO         1127    i.Tos_CalCrc_RTU    RS006.lib(tos_checksum.o)
    0x08004bbe   0x08004bbe   0x00000002   PAD
    0x08004bc0   0x08004bc0   0x0000094c   Code   RO          840    i.Tos_Data_Report   RS006.lib(tos_instr_report.o)
    0x0800550c   0x0800550c   0x00000288   Code   RO          862    i.Tos_Device_Type_Check  RS006.lib(tos_th_id.o)
    0x08005794   0x08005794   0x00000228   Code   RO          479    i.Tos_Heartbeat     RS006.lib(tos_heartbeat.o)
    0x080059bc   0x080059bc   0x00000050   Code   RO          480    i.Tos_Heartbeat_1s  RS006.lib(tos_heartbeat.o)
    0x08005a0c   0x08005a0c   0x00000074   Code   RO          832    i.Tos_HomeBus_Instr_Deal  RS006.lib(tos_instr_send.o)
    0x08005a80   0x08005a80   0x0000079c   Code   RO          838    i.Tos_Instr_Trans   RS006.lib(tos_instr_transform.o)
    0x0800621c   0x0800621c   0x00000074   Code   RO          822    i.Tos_Net_Restart   RS006.lib(tos_zne_deal.o)
    0x08006290   0x08006290   0x0000007c   Code   RO          863    i.Tos_Refresh_ID    RS006.lib(tos_th_id.o)
    0x0800630c   0x0800630c   0x000000c4   Code   RO          818    i.Tos_Report_All    RS006.lib(tos_report_data.o)
    0x080063d0   0x080063d0   0x0000005c   Code   RO          849    i.Tos_TH_Read_Flash  RS006.lib(tos_th_flash.o)
    0x0800642c   0x0800642c   0x0000029c   Code   RO          850    i.Tos_TH_Write_Flash  RS006.lib(tos_th_flash.o)
    0x080066c8   0x080066c8   0x0000025c   Code   RO          843    i.Tos_ThinkHome_AT_Check  RS006.lib(tos_th_at_check.o)
    0x08006924   0x08006924   0x00000408   Code   RO         1131    i.Tos_ThinkHome_AT_Deal  RS006.lib(tos_th_at_deal.o)
    0x08006d2c   0x08006d2c   0x000000f4   Code   RO          833    i.Tos_UART_send     RS006.lib(tos_instr_send.o)
    0x08006e20   0x08006e20   0x00000088   Code   RO          834    i.Tos_UART_send_BD  RS006.lib(tos_instr_send.o)
    0x08006ea8   0x08006ea8   0x0000007c   Code   RO          823    i.Tos_WAN_Mode_Exchange  RS006.lib(tos_zne_deal.o)
    0x08006f24   0x08006f24   0x0000001c   Code   RO          851    i.Tos_WAN_Mode_Flash_Get  RS006.lib(tos_th_flash.o)
    0x08006f40   0x08006f40   0x00000028   Code   RO          852    i.Tos_WAN_Mode_Flash_Set  RS006.lib(tos_th_flash.o)
    0x08006f68   0x08006f68   0x00000936   Code   RO          580    i.Tos_ZNE_DATA_GET  RS006.lib(tos_instr_get.o)
    0x0800789e   0x0800789e   0x00000002   PAD
    0x080078a0   0x080078a0   0x000000a0   Code   RO          824    i.Tos_ZNE_Enkey_Refer  RS006.lib(tos_zne_deal.o)
    0x08007940   0x08007940   0x0000078c   Code   RO          830    i.Tos_ZNE_process   RS006.lib(tos_instr_deal_zne.o)
    0x080080cc   0x080080cc   0x0000001e   Code   RO         1128    i.Tos_checksum      RS006.lib(tos_checksum.o)
    0x080080ea   0x080080ea   0x00000002   PAD
    0x080080ec   0x080080ec   0x00000040   Code   RO          493    i.Tos_init_LED      RS006.lib(tos_init.o)
    0x0800812c   0x0800812c   0x00000028   Code   RO          494    i.Tos_init_Mode     RS006.lib(tos_init.o)
    0x08008154   0x08008154   0x00000068   Code   RO          495    i.Tos_init_Timer2   RS006.lib(tos_init.o)
    0x080081bc   0x080081bc   0x00000178   Code   RO          496    i.Tos_init_UART1    RS006.lib(tos_init.o)
    0x08008334   0x08008334   0x0000009c   Code   RO          497    i.Tos_init_UART3_AT  RS006.lib(tos_init.o)
    0x080083d0   0x080083d0   0x00000110   Code   RO          498    i.Tos_init_variable  RS006.lib(tos_init.o)
    0x080084e0   0x080084e0   0x00000048   Code   RO          581    i.UART1_Deal        RS006.lib(tos_instr_get.o)
    0x08008528   0x08008528   0x00000024   Code   RO          259    i.UART2_DATA_GET    uart_irq.o
    0x0800854c   0x0800854c   0x00000064   Code   RO          582    i.UART2_Deal        RS006.lib(tos_instr_get.o)
    0x080085b0   0x080085b0   0x0000011c   Code   RO          891    i.UART3_DATA_GET    RS006.lib(tb_pwr_uart_get.o)
    0x080086cc   0x080086cc   0x00000068   Code   RO          583    i.UART3_Deal        RS006.lib(tos_instr_get.o)
    0x08008734   0x08008734   0x00000002   Code   RO          260    i.UART4_DATA_GET    uart_irq.o
    0x08008736   0x08008736   0x00000002   PAD
    0x08008738   0x08008738   0x00000034   Code   RO          584    i.UART4_Deal        RS006.lib(tos_instr_get.o)
    0x0800876c   0x0800876c   0x00000004   Code   RO          122    i.UART4_IRQHandler  stm32f10x_it.o
    0x08008770   0x08008770   0x00000002   Code   RO          261    i.UART5_DATA_GET    uart_irq.o
    0x08008772   0x08008772   0x00000002   PAD
    0x08008774   0x08008774   0x00000034   Code   RO          585    i.UART5_Deal        RS006.lib(tos_instr_get.o)
    0x080087a8   0x080087a8   0x00000004   Code   RO          123    i.UART5_IRQHandler  stm32f10x_it.o
    0x080087ac   0x080087ac   0x00000004   Code   RO          124    i.USART1_IRQHandler  stm32f10x_it.o
    0x080087b0   0x080087b0   0x00000004   Code   RO          125    i.USART2_IRQHandler  stm32f10x_it.o
    0x080087b4   0x080087b4   0x00000004   Code   RO          126    i.USART3_IRQHandler  stm32f10x_it.o
    0x080087b8   0x080087b8   0x00000006   Code   RO          748    i.USART_ClearFlag   RS006.lib(stm32f10x_usart.o)
    0x080087be   0x080087be   0x00000014   Code   RO          752    i.USART_Cmd         RS006.lib(stm32f10x_usart.o)
    0x080087d2   0x080087d2   0x00000002   PAD
    0x080087d4   0x080087d4   0x00000074   Code   RO          754    i.USART_DeInit      RS006.lib(stm32f10x_usart.o)
    0x08008848   0x08008848   0x0000000e   Code   RO          755    i.USART_GetFlagStatus  RS006.lib(stm32f10x_usart.o)
    0x08008856   0x08008856   0x0000003e   Code   RO          756    i.USART_GetITStatus  RS006.lib(stm32f10x_usart.o)
    0x08008894   0x08008894   0x00000030   Code   RO          758    i.USART_ITConfig    RS006.lib(stm32f10x_usart.o)
    0x080088c4   0x080088c4   0x000000b4   Code   RO          759    i.USART_Init        RS006.lib(stm32f10x_usart.o)
    0x08008978   0x08008978   0x00000008   Code   RO          766    i.USART_ReceiveData  RS006.lib(stm32f10x_usart.o)
    0x08008980   0x08008980   0x00000008   Code   RO          769    i.USART_SendData    RS006.lib(stm32f10x_usart.o)
    0x08008988   0x08008988   0x00000002   Code   RO          127    i.UsageFault_Handler  stm32f10x_it.o
    0x0800898a   0x0800898a   0x00000002   PAD
    0x0800898c   0x0800898c   0x00000254   Code   RO          450    i.X232_CM_Control   cm_deal.o
    0x08008be0   0x08008be0   0x00000ae8   Code   RO          451    i.X232_CM_Data_Feedback  cm_deal.o
    0x080096c8   0x080096c8   0x00000058   Code   RO          452    i.X232_CM_Sensing   cm_deal.o
    0x08009720   0x08009720   0x000000f4   Code   RO          349    i.X232_Data_Poll    data_poll.o
    0x08009814   0x08009814   0x00000028   Code   RO          384    i.X232_Instr_Deal   instr_deal_x485.o
    0x0800983c   0x0800983c   0x00000058   Code   RO          372    i.X485_Send         instr_send_x485.o
    0x08009894   0x08009894   0x0000000e   Code   RO         1300    i.__scatterload_copy  mc_w.l(handlers.o)
    0x080098a2   0x080098a2   0x00000002   Code   RO         1301    i.__scatterload_null  mc_w.l(handlers.o)
    0x080098a4   0x080098a4   0x0000000e   Code   RO         1302    i.__scatterload_zeroinit  mc_w.l(handlers.o)
    0x080098b2   0x080098b2   0x00000018   Code   RO          516    i.delay_10us        RS006.lib(tos_sys_deal.o)
    0x080098ca   0x080098ca   0x0000001c   Code   RO          517    i.delay_ms          RS006.lib(tos_sys_deal.o)
    0x080098e6   0x080098e6   0x00000002   PAD
    0x080098e8   0x080098e8   0x0000002c   Code   RO          316    i.init_Device_Info  init.o
    0x08009914   0x08009914   0x00000140   Code   RO          317    i.init_UART2        init.o
    0x08009a54   0x08009a54   0x00000016   Code   RO          214    i.main              main.o
    0x08009a6a   0x08009a6a   0x00000007   Data   RO          228    .constdata          variable.o
    0x08009a71   0x08009a71   0x00000030   Data   RO          528    .constdata          RS006.lib(tos_variable.o)
    0x08009aa1   0x08009aa1   0x00000007   Data   RO          529    .constdata          RS006.lib(tos_variable.o)
    0x08009aa8   0x08009aa8   0x00000004   Data   RO          530    .constdata          RS006.lib(tos_variable.o)
    0x08009aac   0x08009aac   0x00000004   Data   RO          531    .constdata          RS006.lib(tos_variable.o)
    0x08009ab0   0x08009ab0   0x00000001   Data   RO          532    .constdata          RS006.lib(tos_variable.o)
    0x08009ab1   0x08009ab1   0x00000004   Data   RO          533    .constdata          RS006.lib(tos_variable.o)
    0x08009ab5   0x08009ab5   0x00000002   Data   RO          534    .constdata          RS006.lib(tos_variable.o)
    0x08009ab7   0x08009ab7   0x0000000b   Data   RO          535    .constdata          RS006.lib(tos_variable.o)
    0x08009ac2   0x08009ac2   0x0000000b   Data   RO          536    .constdata          RS006.lib(tos_variable.o)
    0x08009acd   0x08009acd   0x0000000a   Data   RO          537    .constdata          RS006.lib(tos_variable.o)
    0x08009ad7   0x08009ad7   0x0000000a   Data   RO          538    .constdata          RS006.lib(tos_variable.o)
    0x08009ae1   0x08009ae1   0x0000000b   Data   RO          539    .constdata          RS006.lib(tos_variable.o)
    0x08009aec   0x08009aec   0x0000000e   Data   RO          540    .constdata          RS006.lib(tos_variable.o)
    0x08009afa   0x08009afa   0x0000000f   Data   RO          541    .constdata          RS006.lib(tos_variable.o)
    0x08009b09   0x08009b09   0x0000000b   Data   RO          542    .constdata          RS006.lib(tos_variable.o)
    0x08009b14   0x08009b14   0x0000000e   Data   RO          543    .constdata          RS006.lib(tos_variable.o)
    0x08009b22   0x08009b22   0x0000000f   Data   RO          544    .constdata          RS006.lib(tos_variable.o)
    0x08009b31   0x08009b31   0x0000000a   Data   RO          545    .constdata          RS006.lib(tos_variable.o)
    0x08009b3b   0x08009b3b   0x0000000d   Data   RO          546    .constdata          RS006.lib(tos_variable.o)
    0x08009b48   0x08009b48   0x0000000e   Data   RO          547    .constdata          RS006.lib(tos_variable.o)
    0x08009b56   0x08009b56   0x00000007   Data   RO          548    .constdata          RS006.lib(tos_variable.o)
    0x08009b5d   0x08009b5d   0x00000067   Data   RO          550    .constdata          RS006.lib(tos_variable.o)
    0x08009bc4   0x08009bc4   0x00000190   Data   RO          551    .constdata          RS006.lib(tos_variable.o)
    0x08009d54   0x08009d54   0x00000004   Data   RO          620    .constdata          RS006.lib(tb_key_variable.o)
    0x08009d58   0x08009d58   0x00000004   Data   RO          621    .constdata          RS006.lib(tb_key_variable.o)
    0x08009d5c   0x08009d5c   0x00000020   Data   RO         1298    Region$$Table       anon$$obj.o


    Execution Region RW_IRAM1 (Exec base: 0x20000000, Load base: 0x08009d7c, Size: 0x00006f68, Max: 0x00018000, ABSOLUTE)

    Exec Addr    Load Addr    Size         Type   Attr      Idx    E Section Name        Object

    0x20000000   0x08009d7c   0x00000008   Data   RW          229    .data               variable.o
    0x20000008   0x08009d84   0x00000002   Data   RW          230    .data               variable.o
    0x2000000a   0x08009d86   0x00000002   Data   RW          231    .data               variable.o
    0x2000000c   0x08009d88   0x00000001   Data   RW          232    .data               variable.o
    0x2000000d   0x08009d89   0x00000001   Data   RW          233    .data               variable.o
    0x2000000e   0x08009d8a   0x00000001   Data   RW          234    .data               variable.o
    0x2000000f   0x08009d8b   0x00000001   Data   RW          235    .data               variable.o
    0x20000010   0x08009d8c   0x00000001   Data   RW          236    .data               variable.o
    0x20000011   0x08009d8d   0x00000001   Data   RW          237    .data               variable.o
    0x20000012   0x08009d8e   0x00000001   Data   RW          238    .data               variable.o
    0x20000013   0x08009d8f   0x00000001   Data   RW          239    .data               variable.o
    0x20000014   0x08009d90   0x00000001   Data   RW          240    .data               variable.o
    0x20000015   0x08009d91   0x00000001   PAD
    0x20000016   0x08009d92   0x00000002   Data   RW          241    .data               variable.o
    0x20000018   0x08009d94   0x00000002   Data   RW          242    .data               variable.o
    0x2000001a   0x08009d96   0x00000002   Data   RW          243    .data               variable.o
    0x2000001c   0x08009d98   0x00000008   Data   RW          500    .data               RS006.lib(tos_init.o)
    0x20000024   0x08009da0   0x00000004   Data   RW          552    .data               RS006.lib(tos_variable.o)
    0x20000028   0x08009da4   0x00000004   Data   RW          553    .data               RS006.lib(tos_variable.o)
    0x2000002c   0x08009da8   0x00000001   Data   RW          554    .data               RS006.lib(tos_variable.o)
    0x2000002d   0x08009da9   0x00000001   Data   RW          555    .data               RS006.lib(tos_variable.o)
    0x2000002e   0x08009daa   0x00000001   Data   RW          556    .data               RS006.lib(tos_variable.o)
    0x2000002f   0x08009dab   0x00000001   Data   RW          557    .data               RS006.lib(tos_variable.o)
    0x20000030   0x08009dac   0x00000001   Data   RW          558    .data               RS006.lib(tos_variable.o)
    0x20000031   0x08009dad   0x00000001   Data   RW          559    .data               RS006.lib(tos_variable.o)
    0x20000032   0x08009dae   0x00000001   Data   RW          560    .data               RS006.lib(tos_variable.o)
    0x20000033   0x08009daf   0x00000001   Data   RW          561    .data               RS006.lib(tos_variable.o)
    0x20000034   0x08009db0   0x00000001   Data   RW          562    .data               RS006.lib(tos_variable.o)
    0x20000035   0x08009db1   0x00000001   Data   RW          563    .data               RS006.lib(tos_variable.o)
    0x20000036   0x08009db2   0x00000002   Data   RW          564    .data               RS006.lib(tos_variable.o)
    0x20000038   0x08009db4   0x00000002   Data   RW          565    .data               RS006.lib(tos_variable.o)
    0x2000003a   0x08009db6   0x00000002   Data   RW          566    .data               RS006.lib(tos_variable.o)
    0x2000003c   0x08009db8   0x00000002   Data   RW          567    .data               RS006.lib(tos_variable.o)
    0x2000003e   0x08009dba   0x00000001   Data   RW          568    .data               RS006.lib(tos_variable.o)
    0x2000003f   0x08009dbb   0x00000001   Data   RW          569    .data               RS006.lib(tos_variable.o)
    0x20000040   0x08009dbc   0x00000001   Data   RW          570    .data               RS006.lib(tos_variable.o)
    0x20000041   0x08009dbd   0x00000001   Data   RW          572    .data               RS006.lib(tos_variable.o)
    0x20000042   0x08009dbe   0x00000001   Data   RW          573    .data               RS006.lib(tos_variable.o)
    0x20000043   0x08009dbf   0x00000001   Data   RW          574    .data               RS006.lib(tos_variable.o)
    0x20000044   0x08009dc0   0x00000001   Data   RW          575    .data               RS006.lib(tos_variable.o)
    0x20000045   0x08009dc1   0x00000001   Data   RW          576    .data               RS006.lib(tos_variable.o)
    0x20000046   0x08009dc2   0x00000007   Data   RW          577    .data               RS006.lib(tos_variable.o)
    0x2000004d   0x08009dc9   0x00000008   Data   RW          578    .data               RS006.lib(tos_variable.o)
    0x20000055   0x08009dd1   0x00000006   Data   RW          579    .data               RS006.lib(tos_variable.o)
    0x2000005b   0x08009dd7   0x00000002   Data   RW          622    .data               RS006.lib(tb_key_variable.o)
    0x2000005d   0x08009dd9   0x00000001   Data   RW          623    .data               RS006.lib(tb_key_variable.o)
    0x2000005e   0x08009dda   0x00000001   Data   RW          624    .data               RS006.lib(tb_key_variable.o)
    0x2000005f   0x08009ddb   0x00000001   Data   RW          625    .data               RS006.lib(tb_key_variable.o)
    0x20000060   0x08009ddc   0x00000001   Data   RW          626    .data               RS006.lib(tb_key_variable.o)
    0x20000061   0x08009ddd   0x00000001   Data   RW          627    .data               RS006.lib(tb_key_variable.o)
    0x20000062   0x08009dde   0x00000001   Data   RW          628    .data               RS006.lib(tb_key_variable.o)
    0x20000063   0x08009ddf   0x00000001   Data   RW          629    .data               RS006.lib(tb_key_variable.o)
    0x20000064   0x08009de0   0x00000001   Data   RW          630    .data               RS006.lib(tb_key_variable.o)
    0x20000065   0x08009de1   0x00000001   Data   RW          631    .data               RS006.lib(tb_key_variable.o)
    0x20000066   0x08009de2   0x00000002   Data   RW          632    .data               RS006.lib(tb_key_variable.o)
    0x20000068   0x08009de4   0x00000004   Data   RW          633    .data               RS006.lib(tb_key_variable.o)
    0x2000006c   0x08009de8   0x00000004   Data   RW          634    .data               RS006.lib(tb_key_variable.o)
    0x20000070   0x08009dec   0x00000004   Data   RW          635    .data               RS006.lib(tb_key_variable.o)
    0x20000074   0x08009df0   0x00000001   Data   RW          636    .data               RS006.lib(tb_key_variable.o)
    0x20000075   0x08009df1   0x00000014   Data   RW          669    .data               RS006.lib(stm32f10x_rcc.o)
    0x20000089   0x08009e05   0x00000001   PAD
    0x2000008a   0x08009e06   0x00000008   Data   RW          873    .data               RS006.lib(tb_key_init.o)
    0x20000092   0x08009e0e   0x00000001   Data   RW          936    .data               RS006.lib(fw_upgrade_variable.o)
    0x20000093   0x08009e0f   0x00000002   Data   RW          937    .data               RS006.lib(fw_upgrade_variable.o)
    0x20000095   0x08009e11   0x00000001   Data   RW          938    .data               RS006.lib(fw_upgrade_variable.o)
    0x20000096   0x08009e12   0x00000001   Data   RW          939    .data               RS006.lib(fw_upgrade_variable.o)
    0x20000097   0x08009e13   0x00000001   PAD
    0x20000098   0x08009e14   0x00000002   Data   RW          940    .data               RS006.lib(fw_upgrade_variable.o)
    0x2000009a   0x08009e16   0x00000002   Data   RW          941    .data               RS006.lib(fw_upgrade_variable.o)
    0x2000009c   0x08009e18   0x00000004   Data   RW          942    .data               RS006.lib(fw_upgrade_variable.o)
    0x200000a0   0x08009e1c   0x00000001   Data   RW          943    .data               RS006.lib(fw_upgrade_variable.o)
    0x200000a1   0x08009e1d   0x00000001   PAD
    0x200000a2   0x08009e1e   0x00000002   Data   RW          944    .data               RS006.lib(fw_upgrade_variable.o)
    0x200000a4   0x08009e20   0x00000004   Data   RW          945    .data               RS006.lib(fw_upgrade_variable.o)
    0x200000a8   0x08009e24   0x00000001   Data   RW          946    .data               RS006.lib(fw_upgrade_variable.o)
    0x200000a9   0x08009e25   0x00000001   Data   RW          947    .data               RS006.lib(fw_upgrade_variable.o)
    0x200000aa   0x08009e26   0x00000001   Data   RW          948    .data               RS006.lib(fw_upgrade_variable.o)
    0x200000ab   0x08009e27   0x00000001   Data   RW         1135    .data               RS006.lib(tb_key_beat_deal.o)
    0x200000ac   0x08009e28   0x00000001   Data   RW         1160    .data               RS006.lib(tb_wkey_beat_deal.o)
    0x200000ad   0x08009e29   0x00000003   PAD
    0x200000b0   0x08009e2c   0x00000004   Data   RW         1166    .data               RS006.lib(fw_upgrade_common.o)
    0x200000b4   0x08009e30   0x00000004   Data   RW         1172    .data               RS006.lib(fw_upgrade_download.o)
    0x200000b8   0x08009e34   0x0000000c   Data   RW         1186    .data               RS006.lib(fw_upgrade_ymodem.o)
    0x200000c4        -       0x00000103   Zero   RW          226    .bss                variable.o
    0x200001c7        -       0x000000d8   Zero   RW          227    .bss                variable.o
    0x2000029f        -       0x00000060   Zero   RW          453    .bss                cm_deal.o
    0x200002ff   0x08009e40   0x00000001   PAD
    0x20000300        -       0x0000001a   Zero   RW          499    .bss                RS006.lib(tos_init.o)
    0x2000031a        -       0x00000048   Zero   RW          521    .bss                RS006.lib(tos_variable.o)
    0x20000362        -       0x00000048   Zero   RW          522    .bss                RS006.lib(tos_variable.o)
    0x200003aa        -       0x00000040   Zero   RW          523    .bss                RS006.lib(tos_variable.o)
    0x200003ea        -       0x00000019   Zero   RW          524    .bss                RS006.lib(tos_variable.o)
    0x20000403        -       0x00000048   Zero   RW          525    .bss                RS006.lib(tos_variable.o)
    0x2000044b        -       0x00003fc0   Zero   RW          526    .bss                RS006.lib(tos_variable.o)
    0x2000440b   0x08009e40   0x00000001   PAD
    0x2000440c        -       0x0000000a   Zero   RW          527    .bss                RS006.lib(tos_variable.o)
    0x20004416        -       0x0000000a   Zero   RW          614    .bss                RS006.lib(tb_key_variable.o)
    0x20004420        -       0x000000b0   Zero   RW          615    .bss                RS006.lib(tb_key_variable.o)
    0x200044d0        -       0x00000030   Zero   RW          616    .bss                RS006.lib(tb_key_variable.o)
    0x20004500        -       0x00000020   Zero   RW          617    .bss                RS006.lib(tb_key_variable.o)
    0x20004520        -       0x00000fa0   Zero   RW          618    .bss                RS006.lib(tb_key_variable.o)
    0x200054c0        -       0x00000080   Zero   RW          619    .bss                RS006.lib(tb_key_variable.o)
    0x20005540        -       0x00000900   Zero   RW          853    .bss                RS006.lib(tos_th_flash.o)
    0x20005e40        -       0x00000405   Zero   RW          933    .bss                RS006.lib(fw_upgrade_variable.o)
    0x20006245   0x08009e40   0x00000003   PAD
    0x20006248        -       0x00000118   Zero   RW          934    .bss                RS006.lib(fw_upgrade_variable.o)
    0x20006360        -       0x000003fc   Zero   RW          935    .bss                RS006.lib(fw_upgrade_variable.o)
    0x2000675c        -       0x00000405   Zero   RW         1185    .bss                RS006.lib(fw_upgrade_ymodem.o)
    0x20006b61   0x08009e40   0x00000007   PAD
    0x20006b68        -       0x00000400   Zero   RW         1284    STACK               RS006.lib(startup_stm32f10x_hd.o)


==============================================================================

Image component sizes


      Code (inc. data)   RO Data    RW Data    ZI Data      Debug   Object Name

        26          0          0          0          0        988   checksum.o
      3476        162          0          0         96       6482   cm_deal.o
       244         28          0          0          0        733   data_poll.o
       484         76          0          0          0       3318   init.o
        40          4          0          0          0       1038   instr_deal_x485.o
        88         10          0          0          0        716   instr_send_x485.o
        22          0          0          0          0        519   main.o
       146          0          0          0          0       2737   seqqueue.o
        46          0          0          0          0       8064   stm32f10x_it.o
       104         16          0          0          0     232907   thcloud_instr_deal.o
       320         28          0          0          0       2114   thend_key_action_deal.o
       252         46          0          0          0       2202   timer_irq.o
        40         12          0          0          0       1547   uart_irq.o
         0          0          7         27        475       5680   variable.o

    ----------------------------------------------------------------------
      5300        382         39         28        572     269045   Object Totals
         0          0         32          0          0          0   (incl. Generated)
        12          0          0          1          1          0   (incl. Padding)

    ----------------------------------------------------------------------

      Code (inc. data)   RO Data    RW Data    ZI Data      Debug   Library Member Name

        90         14          0          4          0        236   fw_upgrade_common.o
       916        368          0          4          0        204   fw_upgrade_download.o
        72          4          0          0          0        228   fw_upgrade_flash.o
      1044        222          0          0          0        352   fw_upgrade_init.o
       870         66          0          0          0        720   fw_upgrade_usart.o
         0          0          0         23       2329          0   fw_upgrade_variable.o
      2484        108          0         12       1029        756   fw_upgrade_ymodem.o
       140         28          0          0          0        220   misc.o
        36          8        304          0       1024        228   startup_stm32f10x_hd.o
       332         40          0          0          0        596   stm32f10x_flash.o
       462         34          0          0          0        524   stm32f10x_gpio.o
        68         30          0          0          0        340   stm32f10x_iwdg.o
       564         96          0         20          0       1040   stm32f10x_rcc.o
       596        106          0          0          0        512   stm32f10x_tim.o
       462         24          0          0          0        672   stm32f10x_usart.o
       232         20          0          0          0        144   system_stm32f10x.o
        60         12          0          0          0         80   tb_bell_deal.o
       240         24          0          1          0         84   tb_key_beat_deal.o
       808         52          0          0          0        264   tb_key_deal.o
       628        118          0          8          0        332   tb_key_init.o
      1128        128          0          0          0        384   tb_key_led_deal.o
       660         40          0          0          0        436   tb_key_set_deal.o
       132         18          0          0          0         80   tb_key_sys_deal.o
       454         64          0          0          0        396   tb_key_timer.o
         0          0          8         26       4394          0   tb_key_variable.o
       566          6          0          0          0        168   tb_pwr_uart_deal.o
       284         22          0          0          0         88   tb_pwr_uart_get.o
       312         38          0          0          0        244   tb_test_key_deal.o
       672         30          0          1          0        180   tb_wkey_beat_deal.o
        84          0          0          0          0        160   tos_checksum.o
      1852        122          0          0          0        352   tos_heartbeat.o
      1888        260          0          8         26       1080   tos_init.o
      1932         86          0          0          0         92   tos_instr_deal_zne.o
      2738        104          0          0          0        580   tos_instr_get.o
      2380         54          0          0          0        116   tos_instr_report.o
       496         72          0          0          0        260   tos_instr_send.o
      1948         60          0          0          0         68   tos_instr_transform.o
       196         24          0          0          0        104   tos_report_data.o
       260         28          0          0          0        224   tos_sys_deal.o
       812         66          0          0          0        204   tos_th_at_check.o
      1032         32          0          0          0         92   tos_th_at_deal.o
       994         36          0          0       2304        568   tos_th_flash.o
       972         84          0          0          0        232   tos_th_id.o
       548         22          0          0          0        336   tos_thnet_report.o
         0          0        739         55      16635          0   tos_variable.o
      1324        178          0          0          0        428   tos_zne_deal.o
         0          0          0          0          0          0   entry.o
         0          0          0          0          0          0   entry10a.o
         0          0          0          0          0          0   entry11a.o
         8          4          0          0          0          0   entry2.o
         4          0          0          0          0          0   entry5.o
         0          0          0          0          0          0   entry7b.o
         0          0          0          0          0          0   entry8b.o
         8          4          0          0          0          0   entry9a.o
        30          0          0          0          0          0   handlers.o
        36          8          0          0          0         68   init.o
        36          0          0          0          0         68   memcpya.o
        14          0          0          0          0         68   strlen.o

    ----------------------------------------------------------------------
     33926       2964       1051        168      27752      14608   Library Totals
        22          0          0          6         11          0   (incl. Padding)

    ----------------------------------------------------------------------

      Code (inc. data)   RO Data    RW Data    ZI Data      Debug   Library Name

     33768       2948       1051        162      27741      14404   RS006.lib
       136         16          0          0          0        204   mc_w.l

    ----------------------------------------------------------------------
     33926       2964       1051        168      27752      14608   Library Totals

    ----------------------------------------------------------------------

==============================================================================


      Code (inc. data)   RO Data    RW Data    ZI Data      Debug   

     39226       3346       1090        196      28324     272625   Grand Totals
     39226       3346       1090        196      28324     272625   ELF Image Totals
     39226       3346       1090        196          0          0   ROM Totals

==============================================================================

    Total RO  Size (Code + RO Data)                40316 (  39.37kB)
    Total RW  Size (RW Data + ZI Data)             28520 (  27.85kB)
    Total ROM Size (Code + RO Data + RW Data)      40512 (  39.56kB)

==============================================================================

