<html>
<body>
<pre>
<h1>µVision Build Log</h1>
<h2>Tool Versions:</h2>
IDE-Version: ¦ÌVision V5.25.2.0
Copyright (C) 2018 ARM Ltd and ARM Germany GmbH. All rights reserved.
License Information: L ZC, 1, LIC=JL28T-RF8UI-GKSBG-VM7JP-2JWCY-2A6V7
 
Tool Versions:
Toolchain:       MDK-ARM Plus  Version: 5.25.2.0
Toolchain Path:  D:\Keil_v5\ARM\ARMCC\Bin
C Compiler:      Armcc.exe V5.06 update 6 (build 750)
Assembler:       Armasm.exe V5.06 update 6 (build 750)
Linker/Locator:  ArmLink.exe V5.06 update 6 (build 750)
Library Manager: ArmAr.exe V5.06 update 6 (build 750)
Hex Converter:   FromElf.exe V5.06 update 6 (build 750)
CPU DLL:         SARMCM3.DLL V5.25.2.0
Dialog DLL:      DCM.DLL V1.17.1.0
Target DLL:      UL2CM3.DLL V1.160.12.0
Dialog DLL:      TCM.DLL V1.35.1.0
 
<h2>Project:</h2>
C:\Users\Â½ÖÇ³¬\Desktop\ÖÇÐù\¸Ä485-keil5\170915 V2.3.17(EC-T-RS006-1.7 CM004_BackAudio)\V2.3.17(EC-T-RS006-1.7 CM004_BackAudio)\Project\Project.uvprojx
Project File Date:  06/25/2019

<h2>Output:</h2>
*** Using Compiler 'V5.06 update 6 (build 750)', folder: 'D:\Keil_v5\ARM\ARMCC\Bin'
Rebuild target 'CM004_BackAudio'
compiling core_cm3.c...
compiling main.c...
compiling Timer_IRQ.c...
compiling Data_Poll.c...
compiling THCloud_Instr_Deal.c...
compiling Instr_Send_X485.c...
compiling UART_IRQ.c...
compiling Checksum.c...
compiling stm32f10x_it.c...
compiling variable.c...
compiling init.c...
compiling Instr_Deal_X485.c...
compiling SeqQueue.c...
compiling THEnd_Key_Action_Deal.c...
compiling CM_Deal.c...
..\End\CM_Deal.c(445): warning:  #550-D: variable "SONG_NAME_OLD"  was set but never used
    UINT8 SONG_NAME_OLD[SONG_NAME_NUM];
..\End\CM_Deal.c: 1 warning, 0 errors
linking...
Program Size: Code=39322 RO-data=1090 RW-data=196 ZI-data=28324  
FromELF: creating hex file...
After Build - User command #1: fromelf --bin -o "C:\Users\Â½ÖÇ³¬\Desktop\ÖÇÐù\¸Ä485-keil5\170915 V2.3.17(EC-T-RS006-1.7 CM004_BackAudio)\V2.3.17(EC-T-RS006-1.7 CM004_BackAudio)\Project\Debug\CM004_BackAudio.bin" "C:\Users\Â½ÖÇ³¬\Desktop\ÖÇÐù\¸Ä485-keil5\170915 V2.3.17(EC-T-RS006-1.7 CM004_BackAudio)\V2.3.17(EC-T-RS006-1.7 CM004_BackAudio)\Project\Debug\CM004_BackAudio.axf"
".\Debug\CM004_BackAudio.axf" - 0 Error(s), 1 Warning(s).

<h2>Software Packages used:</h2>

Package Vendor: Keil
                http://www.keil.com/pack/Keil.STM32F1xx_DFP.2.2.0.pack
                Keil.STM32F1xx_DFP.2.2.0
                STMicroelectronics STM32F1 Series Device Support, Drivers and Examples

<h2>Collection of Component include folders:</h2>
  .\RTE\_CM004_BackAudio
  D:\Keil_v5\ARM\PACK\Keil\STM32F1xx_DFP\2.2.0\Device\Include

<h2>Collection of Component Files used:</h2>
Build Time Elapsed:  00:00:02
</pre>
</body>
</html>
