<!doctype html public "-//w3c//dtd html 4.0 transitional//en">
<html><head>
<title>Static Call Graph - [.\Debug\CM004_BackAudio.axf]</title></head>
<body><HR>
<H1>Static Call Graph for image .\Debug\CM004_BackAudio.axf</H1><HR>
<BR><P>#&#060CALLGRAPH&#062# ARM Linker, 5060750: Last Updated: Wed Jun 26 17:14:31 2019
<BR><P>
<H3>Maximum Stack Usage =          0 bytes + Unknown(Cycles, Untraceable Function Pointers)</H3><H3>
Call chain for Maximum Stack Depth:</H3>

<P>
<H3>
Mutually Recursive functions
</H3> <LI><a href="#[1c]">ADC1_2_IRQHandler</a>&nbsp;&nbsp;&nbsp;&rArr;&nbsp;&nbsp;&nbsp;<a href="#[1c]">ADC1_2_IRQHandler</a><BR>
 <LI><a href="#[4]">BusFault_Handler</a>&nbsp;&nbsp;&nbsp;&rArr;&nbsp;&nbsp;&nbsp;<a href="#[4]">BusFault_Handler</a><BR>
 <LI><a href="#[2]">HardFault_Handler</a>&nbsp;&nbsp;&nbsp;&rArr;&nbsp;&nbsp;&nbsp;<a href="#[2]">HardFault_Handler</a><BR>
 <LI><a href="#[3]">MemManage_Handler</a>&nbsp;&nbsp;&nbsp;&rArr;&nbsp;&nbsp;&nbsp;<a href="#[3]">MemManage_Handler</a><BR>
 <LI><a href="#[5]">UsageFault_Handler</a>&nbsp;&nbsp;&nbsp;&rArr;&nbsp;&nbsp;&nbsp;<a href="#[5]">UsageFault_Handler</a><BR>
</UL>
<P>
<H3>
Function Pointers
</H3><UL>
 <LI><a href="#[1c]">ADC1_2_IRQHandler</a> from startup_stm32f10x_hd.o(.text) referenced from startup_stm32f10x_hd.o(RESET)
 <LI><a href="#[39]">ADC3_IRQHandler</a> from startup_stm32f10x_hd.o(.text) referenced from startup_stm32f10x_hd.o(RESET)
 <LI><a href="#[4]">BusFault_Handler</a> from stm32f10x_it.o(i.BusFault_Handler) referenced from startup_stm32f10x_hd.o(RESET)
 <LI><a href="#[1f]">CAN1_RX1_IRQHandler</a> from startup_stm32f10x_hd.o(.text) referenced from startup_stm32f10x_hd.o(RESET)
 <LI><a href="#[20]">CAN1_SCE_IRQHandler</a> from startup_stm32f10x_hd.o(.text) referenced from startup_stm32f10x_hd.o(RESET)
 <LI><a href="#[15]">DMA1_Channel1_IRQHandler</a> from startup_stm32f10x_hd.o(.text) referenced from startup_stm32f10x_hd.o(RESET)
 <LI><a href="#[16]">DMA1_Channel2_IRQHandler</a> from startup_stm32f10x_hd.o(.text) referenced from startup_stm32f10x_hd.o(RESET)
 <LI><a href="#[17]">DMA1_Channel3_IRQHandler</a> from startup_stm32f10x_hd.o(.text) referenced from startup_stm32f10x_hd.o(RESET)
 <LI><a href="#[18]">DMA1_Channel4_IRQHandler</a> from startup_stm32f10x_hd.o(.text) referenced from startup_stm32f10x_hd.o(RESET)
 <LI><a href="#[19]">DMA1_Channel5_IRQHandler</a> from startup_stm32f10x_hd.o(.text) referenced from startup_stm32f10x_hd.o(RESET)
 <LI><a href="#[1a]">DMA1_Channel6_IRQHandler</a> from startup_stm32f10x_hd.o(.text) referenced from startup_stm32f10x_hd.o(RESET)
 <LI><a href="#[1b]">DMA1_Channel7_IRQHandler</a> from startup_stm32f10x_hd.o(.text) referenced from startup_stm32f10x_hd.o(RESET)
 <LI><a href="#[42]">DMA2_Channel1_IRQHandler</a> from startup_stm32f10x_hd.o(.text) referenced from startup_stm32f10x_hd.o(RESET)
 <LI><a href="#[43]">DMA2_Channel2_IRQHandler</a> from startup_stm32f10x_hd.o(.text) referenced from startup_stm32f10x_hd.o(RESET)
 <LI><a href="#[44]">DMA2_Channel3_IRQHandler</a> from startup_stm32f10x_hd.o(.text) referenced from startup_stm32f10x_hd.o(RESET)
 <LI><a href="#[45]">DMA2_Channel4_5_IRQHandler</a> from startup_stm32f10x_hd.o(.text) referenced from startup_stm32f10x_hd.o(RESET)
 <LI><a href="#[7]">DebugMon_Handler</a> from stm32f10x_it.o(i.DebugMon_Handler) referenced from startup_stm32f10x_hd.o(RESET)
 <LI><a href="#[10]">EXTI0_IRQHandler</a> from startup_stm32f10x_hd.o(.text) referenced from startup_stm32f10x_hd.o(RESET)
 <LI><a href="#[32]">EXTI15_10_IRQHandler</a> from startup_stm32f10x_hd.o(.text) referenced from startup_stm32f10x_hd.o(RESET)
 <LI><a href="#[11]">EXTI1_IRQHandler</a> from startup_stm32f10x_hd.o(.text) referenced from startup_stm32f10x_hd.o(RESET)
 <LI><a href="#[12]">EXTI2_IRQHandler</a> from startup_stm32f10x_hd.o(.text) referenced from startup_stm32f10x_hd.o(RESET)
 <LI><a href="#[13]">EXTI3_IRQHandler</a> from startup_stm32f10x_hd.o(.text) referenced from startup_stm32f10x_hd.o(RESET)
 <LI><a href="#[14]">EXTI4_IRQHandler</a> from startup_stm32f10x_hd.o(.text) referenced from startup_stm32f10x_hd.o(RESET)
 <LI><a href="#[21]">EXTI9_5_IRQHandler</a> from startup_stm32f10x_hd.o(.text) referenced from startup_stm32f10x_hd.o(RESET)
 <LI><a href="#[e]">FLASH_IRQHandler</a> from startup_stm32f10x_hd.o(.text) referenced from startup_stm32f10x_hd.o(RESET)
 <LI><a href="#[3a]">FSMC_IRQHandler</a> from startup_stm32f10x_hd.o(.text) referenced from startup_stm32f10x_hd.o(RESET)
 <LI><a href="#[2]">HardFault_Handler</a> from stm32f10x_it.o(i.HardFault_Handler) referenced from startup_stm32f10x_hd.o(RESET)
 <LI><a href="#[2a]">I2C1_ER_IRQHandler</a> from startup_stm32f10x_hd.o(.text) referenced from startup_stm32f10x_hd.o(RESET)
 <LI><a href="#[29]">I2C1_EV_IRQHandler</a> from startup_stm32f10x_hd.o(.text) referenced from startup_stm32f10x_hd.o(RESET)
 <LI><a href="#[2c]">I2C2_ER_IRQHandler</a> from startup_stm32f10x_hd.o(.text) referenced from startup_stm32f10x_hd.o(RESET)
 <LI><a href="#[2b]">I2C2_EV_IRQHandler</a> from startup_stm32f10x_hd.o(.text) referenced from startup_stm32f10x_hd.o(RESET)
 <LI><a href="#[3]">MemManage_Handler</a> from stm32f10x_it.o(i.MemManage_Handler) referenced from startup_stm32f10x_hd.o(RESET)
 <LI><a href="#[1]">NMI_Handler</a> from stm32f10x_it.o(i.NMI_Handler) referenced from startup_stm32f10x_hd.o(RESET)
 <LI><a href="#[b]">PVD_IRQHandler</a> from startup_stm32f10x_hd.o(.text) referenced from startup_stm32f10x_hd.o(RESET)
 <LI><a href="#[8]">PendSV_Handler</a> from stm32f10x_it.o(i.PendSV_Handler) referenced from startup_stm32f10x_hd.o(RESET)
 <LI><a href="#[f]">RCC_IRQHandler</a> from startup_stm32f10x_hd.o(.text) referenced from startup_stm32f10x_hd.o(RESET)
 <LI><a href="#[33]">RTCAlarm_IRQHandler</a> from startup_stm32f10x_hd.o(.text) referenced from startup_stm32f10x_hd.o(RESET)
 <LI><a href="#[d]">RTC_IRQHandler</a> from startup_stm32f10x_hd.o(.text) referenced from startup_stm32f10x_hd.o(RESET)
 <LI><a href="#[0]">Reset_Handler</a> from startup_stm32f10x_hd.o(.text) referenced from startup_stm32f10x_hd.o(RESET)
 <LI><a href="#[3b]">SDIO_IRQHandler</a> from startup_stm32f10x_hd.o(.text) referenced from startup_stm32f10x_hd.o(RESET)
 <LI><a href="#[2d]">SPI1_IRQHandler</a> from startup_stm32f10x_hd.o(.text) referenced from startup_stm32f10x_hd.o(RESET)
 <LI><a href="#[2e]">SPI2_IRQHandler</a> from startup_stm32f10x_hd.o(.text) referenced from startup_stm32f10x_hd.o(RESET)
 <LI><a href="#[3d]">SPI3_IRQHandler</a> from startup_stm32f10x_hd.o(.text) referenced from startup_stm32f10x_hd.o(RESET)
 <LI><a href="#[6]">SVC_Handler</a> from stm32f10x_it.o(i.SVC_Handler) referenced from startup_stm32f10x_hd.o(RESET)
 <LI><a href="#[9]">SysTick_Handler</a> from stm32f10x_it.o(i.SysTick_Handler) referenced from startup_stm32f10x_hd.o(RESET)
 <LI><a href="#[47]">SystemInit</a> from system_stm32f10x.o(i.SystemInit) referenced from startup_stm32f10x_hd.o(.text)
 <LI><a href="#[c]">TAMPER_IRQHandler</a> from startup_stm32f10x_hd.o(.text) referenced from startup_stm32f10x_hd.o(RESET)
 <LI><a href="#[22]">TIM1_BRK_IRQHandler</a> from startup_stm32f10x_hd.o(.text) referenced from startup_stm32f10x_hd.o(RESET)
 <LI><a href="#[25]">TIM1_CC_IRQHandler</a> from startup_stm32f10x_hd.o(.text) referenced from startup_stm32f10x_hd.o(RESET)
 <LI><a href="#[24]">TIM1_TRG_COM_IRQHandler</a> from startup_stm32f10x_hd.o(.text) referenced from startup_stm32f10x_hd.o(RESET)
 <LI><a href="#[23]">TIM1_UP_IRQHandler</a> from startup_stm32f10x_hd.o(.text) referenced from startup_stm32f10x_hd.o(RESET)
 <LI><a href="#[26]">TIM2_IRQHandler</a> from stm32f10x_it.o(i.TIM2_IRQHandler) referenced from startup_stm32f10x_hd.o(RESET)
 <LI><a href="#[27]">TIM3_IRQHandler</a> from stm32f10x_it.o(i.TIM3_IRQHandler) referenced from startup_stm32f10x_hd.o(RESET)
 <LI><a href="#[28]">TIM4_IRQHandler</a> from startup_stm32f10x_hd.o(.text) referenced from startup_stm32f10x_hd.o(RESET)
 <LI><a href="#[3c]">TIM5_IRQHandler</a> from startup_stm32f10x_hd.o(.text) referenced from startup_stm32f10x_hd.o(RESET)
 <LI><a href="#[40]">TIM6_IRQHandler</a> from startup_stm32f10x_hd.o(.text) referenced from startup_stm32f10x_hd.o(RESET)
 <LI><a href="#[41]">TIM7_IRQHandler</a> from startup_stm32f10x_hd.o(.text) referenced from startup_stm32f10x_hd.o(RESET)
 <LI><a href="#[35]">TIM8_BRK_IRQHandler</a> from startup_stm32f10x_hd.o(.text) referenced from startup_stm32f10x_hd.o(RESET)
 <LI><a href="#[38]">TIM8_CC_IRQHandler</a> from startup_stm32f10x_hd.o(.text) referenced from startup_stm32f10x_hd.o(RESET)
 <LI><a href="#[37]">TIM8_TRG_COM_IRQHandler</a> from startup_stm32f10x_hd.o(.text) referenced from startup_stm32f10x_hd.o(RESET)
 <LI><a href="#[36]">TIM8_UP_IRQHandler</a> from startup_stm32f10x_hd.o(.text) referenced from startup_stm32f10x_hd.o(RESET)
 <LI><a href="#[3e]">UART4_IRQHandler</a> from stm32f10x_it.o(i.UART4_IRQHandler) referenced from startup_stm32f10x_hd.o(RESET)
 <LI><a href="#[3f]">UART5_IRQHandler</a> from stm32f10x_it.o(i.UART5_IRQHandler) referenced from startup_stm32f10x_hd.o(RESET)
 <LI><a href="#[2f]">USART1_IRQHandler</a> from stm32f10x_it.o(i.USART1_IRQHandler) referenced from startup_stm32f10x_hd.o(RESET)
 <LI><a href="#[30]">USART2_IRQHandler</a> from stm32f10x_it.o(i.USART2_IRQHandler) referenced from startup_stm32f10x_hd.o(RESET)
 <LI><a href="#[31]">USART3_IRQHandler</a> from stm32f10x_it.o(i.USART3_IRQHandler) referenced from startup_stm32f10x_hd.o(RESET)
 <LI><a href="#[34]">USBWakeUp_IRQHandler</a> from startup_stm32f10x_hd.o(.text) referenced from startup_stm32f10x_hd.o(RESET)
 <LI><a href="#[1d]">USB_HP_CAN1_TX_IRQHandler</a> from startup_stm32f10x_hd.o(.text) referenced from startup_stm32f10x_hd.o(RESET)
 <LI><a href="#[1e]">USB_LP_CAN1_RX0_IRQHandler</a> from startup_stm32f10x_hd.o(.text) referenced from startup_stm32f10x_hd.o(RESET)
 <LI><a href="#[5]">UsageFault_Handler</a> from stm32f10x_it.o(i.UsageFault_Handler) referenced from startup_stm32f10x_hd.o(RESET)
 <LI><a href="#[a]">WWDG_IRQHandler</a> from startup_stm32f10x_hd.o(.text) referenced from startup_stm32f10x_hd.o(RESET)
 <LI><a href="#[48]">__main</a> from entry.o(.ARM.Collect$$$$00000000) referenced from startup_stm32f10x_hd.o(.text)
 <LI><a href="#[46]">main</a> from main.o(i.main) referenced from entry9a.o(.ARM.Collect$$$$0000000B)
</UL>
<P>
<H3>
Global Symbols
</H3>
<P><STRONG><a name="[48]"></a>__main</STRONG> (Thumb, 0 bytes, Stack size 0 bytes, entry.o(.ARM.Collect$$$$00000000))
<BR>[Address Reference Count : 1]<UL><LI> startup_stm32f10x_hd.o(.text)
</UL>
<P><STRONG><a name="[49]"></a>_main_scatterload</STRONG> (Thumb, 0 bytes, Stack size 0 bytes, entry5.o(.ARM.Collect$$$$00000004))
<BR><BR>[Calls]<UL><LI><a href="#[4a]">&gt;&gt;</a>&nbsp;&nbsp;&nbsp;__scatterload
</UL>

<P><STRONG><a name="[4b]"></a>__main_after_scatterload</STRONG> (Thumb, 0 bytes, Stack size 0 bytes, entry5.o(.ARM.Collect$$$$00000004))
<BR><BR>[Called By]<UL><LI><a href="#[4a]">&gt;&gt;</a>&nbsp;&nbsp;&nbsp;__scatterload
</UL>

<P><STRONG><a name="[67]"></a>MSR_MSP</STRONG> (Thumb, 6 bytes, Stack size 0 bytes, fw_upgrade_common.o(.emb_text))
<BR><BR>[Called By]<UL><LI><a href="#[66]">&gt;&gt;</a>&nbsp;&nbsp;&nbsp;FW_jump2addr
</UL>

<P><STRONG><a name="[69]"></a>__aeabi_memcpy</STRONG> (Thumb, 36 bytes, Stack size 0 bytes, memcpya.o(.text))
<BR><BR>[Called By]<UL><LI><a href="#[112]">&gt;&gt;</a>&nbsp;&nbsp;&nbsp;X232_CM_Data_Feedback
<LI><a href="#[68]">&gt;&gt;</a>&nbsp;&nbsp;&nbsp;FW_memcpy
</UL>

<P><STRONG><a name="[f5]"></a>strlen</STRONG> (Thumb, 14 bytes, Stack size 0 bytes, strlen.o(.text))
<BR><BR>[Called By]<UL><LI><a href="#[fa]">&gt;&gt;</a>&nbsp;&nbsp;&nbsp;Tos_ThinkHome_AT_Deal
<LI><a href="#[f6]">&gt;&gt;</a>&nbsp;&nbsp;&nbsp;Tos_AT_HF_Heartbeat_Deal
<LI><a href="#[b7]">&gt;&gt;</a>&nbsp;&nbsp;&nbsp;Tos_ZNE_process
<LI><a href="#[b8]">&gt;&gt;</a>&nbsp;&nbsp;&nbsp;Tos_Report_All
<LI><a href="#[b5]">&gt;&gt;</a>&nbsp;&nbsp;&nbsp;Tos_AT_HF_Deal
</UL>

<P><STRONG><a name="[0]"></a>Reset_Handler</STRONG> (Thumb, 8 bytes, Stack size 0 bytes, startup_stm32f10x_hd.o(.text))
<BR>[Address Reference Count : 1]<UL><LI> startup_stm32f10x_hd.o(RESET)
</UL>
<P><STRONG><a name="[1c]"></a>ADC1_2_IRQHandler</STRONG> (Thumb, 0 bytes, Stack size 0 bytes, startup_stm32f10x_hd.o(.text))
<BR><BR>[Calls]<UL><LI><a href="#[1c]">&gt;&gt;</a>&nbsp;&nbsp;&nbsp;ADC1_2_IRQHandler
</UL>
<BR>[Called By]<UL><LI><a href="#[1c]">&gt;&gt;</a>&nbsp;&nbsp;&nbsp;ADC1_2_IRQHandler
</UL>
<BR>[Address Reference Count : 1]<UL><LI> startup_stm32f10x_hd.o(RESET)
</UL>
<P><STRONG><a name="[39]"></a>ADC3_IRQHandler</STRONG> (Thumb, 0 bytes, Stack size 0 bytes, startup_stm32f10x_hd.o(.text))
<BR>[Address Reference Count : 1]<UL><LI> startup_stm32f10x_hd.o(RESET)
</UL>
<P><STRONG><a name="[1f]"></a>CAN1_RX1_IRQHandler</STRONG> (Thumb, 0 bytes, Stack size 0 bytes, startup_stm32f10x_hd.o(.text))
<BR>[Address Reference Count : 1]<UL><LI> startup_stm32f10x_hd.o(RESET)
</UL>
<P><STRONG><a name="[20]"></a>CAN1_SCE_IRQHandler</STRONG> (Thumb, 0 bytes, Stack size 0 bytes, startup_stm32f10x_hd.o(.text))
<BR>[Address Reference Count : 1]<UL><LI> startup_stm32f10x_hd.o(RESET)
</UL>
<P><STRONG><a name="[15]"></a>DMA1_Channel1_IRQHandler</STRONG> (Thumb, 0 bytes, Stack size 0 bytes, startup_stm32f10x_hd.o(.text))
<BR>[Address Reference Count : 1]<UL><LI> startup_stm32f10x_hd.o(RESET)
</UL>
<P><STRONG><a name="[16]"></a>DMA1_Channel2_IRQHandler</STRONG> (Thumb, 0 bytes, Stack size 0 bytes, startup_stm32f10x_hd.o(.text))
<BR>[Address Reference Count : 1]<UL><LI> startup_stm32f10x_hd.o(RESET)
</UL>
<P><STRONG><a name="[17]"></a>DMA1_Channel3_IRQHandler</STRONG> (Thumb, 0 bytes, Stack size 0 bytes, startup_stm32f10x_hd.o(.text))
<BR>[Address Reference Count : 1]<UL><LI> startup_stm32f10x_hd.o(RESET)
</UL>
<P><STRONG><a name="[18]"></a>DMA1_Channel4_IRQHandler</STRONG> (Thumb, 0 bytes, Stack size 0 bytes, startup_stm32f10x_hd.o(.text))
<BR>[Address Reference Count : 1]<UL><LI> startup_stm32f10x_hd.o(RESET)
</UL>
<P><STRONG><a name="[19]"></a>DMA1_Channel5_IRQHandler</STRONG> (Thumb, 0 bytes, Stack size 0 bytes, startup_stm32f10x_hd.o(.text))
<BR>[Address Reference Count : 1]<UL><LI> startup_stm32f10x_hd.o(RESET)
</UL>
<P><STRONG><a name="[1a]"></a>DMA1_Channel6_IRQHandler</STRONG> (Thumb, 0 bytes, Stack size 0 bytes, startup_stm32f10x_hd.o(.text))
<BR>[Address Reference Count : 1]<UL><LI> startup_stm32f10x_hd.o(RESET)
</UL>
<P><STRONG><a name="[1b]"></a>DMA1_Channel7_IRQHandler</STRONG> (Thumb, 0 bytes, Stack size 0 bytes, startup_stm32f10x_hd.o(.text))
<BR>[Address Reference Count : 1]<UL><LI> startup_stm32f10x_hd.o(RESET)
</UL>
<P><STRONG><a name="[42]"></a>DMA2_Channel1_IRQHandler</STRONG> (Thumb, 0 bytes, Stack size 0 bytes, startup_stm32f10x_hd.o(.text))
<BR>[Address Reference Count : 1]<UL><LI> startup_stm32f10x_hd.o(RESET)
</UL>
<P><STRONG><a name="[43]"></a>DMA2_Channel2_IRQHandler</STRONG> (Thumb, 0 bytes, Stack size 0 bytes, startup_stm32f10x_hd.o(.text))
<BR>[Address Reference Count : 1]<UL><LI> startup_stm32f10x_hd.o(RESET)
</UL>
<P><STRONG><a name="[44]"></a>DMA2_Channel3_IRQHandler</STRONG> (Thumb, 0 bytes, Stack size 0 bytes, startup_stm32f10x_hd.o(.text))
<BR>[Address Reference Count : 1]<UL><LI> startup_stm32f10x_hd.o(RESET)
</UL>
<P><STRONG><a name="[45]"></a>DMA2_Channel4_5_IRQHandler</STRONG> (Thumb, 0 bytes, Stack size 0 bytes, startup_stm32f10x_hd.o(.text))
<BR>[Address Reference Count : 1]<UL><LI> startup_stm32f10x_hd.o(RESET)
</UL>
<P><STRONG><a name="[10]"></a>EXTI0_IRQHandler</STRONG> (Thumb, 0 bytes, Stack size 0 bytes, startup_stm32f10x_hd.o(.text))
<BR>[Address Reference Count : 1]<UL><LI> startup_stm32f10x_hd.o(RESET)
</UL>
<P><STRONG><a name="[32]"></a>EXTI15_10_IRQHandler</STRONG> (Thumb, 0 bytes, Stack size 0 bytes, startup_stm32f10x_hd.o(.text))
<BR>[Address Reference Count : 1]<UL><LI> startup_stm32f10x_hd.o(RESET)
</UL>
<P><STRONG><a name="[11]"></a>EXTI1_IRQHandler</STRONG> (Thumb, 0 bytes, Stack size 0 bytes, startup_stm32f10x_hd.o(.text))
<BR>[Address Reference Count : 1]<UL><LI> startup_stm32f10x_hd.o(RESET)
</UL>
<P><STRONG><a name="[12]"></a>EXTI2_IRQHandler</STRONG> (Thumb, 0 bytes, Stack size 0 bytes, startup_stm32f10x_hd.o(.text))
<BR>[Address Reference Count : 1]<UL><LI> startup_stm32f10x_hd.o(RESET)
</UL>
<P><STRONG><a name="[13]"></a>EXTI3_IRQHandler</STRONG> (Thumb, 0 bytes, Stack size 0 bytes, startup_stm32f10x_hd.o(.text))
<BR>[Address Reference Count : 1]<UL><LI> startup_stm32f10x_hd.o(RESET)
</UL>
<P><STRONG><a name="[14]"></a>EXTI4_IRQHandler</STRONG> (Thumb, 0 bytes, Stack size 0 bytes, startup_stm32f10x_hd.o(.text))
<BR>[Address Reference Count : 1]<UL><LI> startup_stm32f10x_hd.o(RESET)
</UL>
<P><STRONG><a name="[21]"></a>EXTI9_5_IRQHandler</STRONG> (Thumb, 0 bytes, Stack size 0 bytes, startup_stm32f10x_hd.o(.text))
<BR>[Address Reference Count : 1]<UL><LI> startup_stm32f10x_hd.o(RESET)
</UL>
<P><STRONG><a name="[e]"></a>FLASH_IRQHandler</STRONG> (Thumb, 0 bytes, Stack size 0 bytes, startup_stm32f10x_hd.o(.text))
<BR>[Address Reference Count : 1]<UL><LI> startup_stm32f10x_hd.o(RESET)
</UL>
<P><STRONG><a name="[3a]"></a>FSMC_IRQHandler</STRONG> (Thumb, 0 bytes, Stack size 0 bytes, startup_stm32f10x_hd.o(.text))
<BR>[Address Reference Count : 1]<UL><LI> startup_stm32f10x_hd.o(RESET)
</UL>
<P><STRONG><a name="[2a]"></a>I2C1_ER_IRQHandler</STRONG> (Thumb, 0 bytes, Stack size 0 bytes, startup_stm32f10x_hd.o(.text))
<BR>[Address Reference Count : 1]<UL><LI> startup_stm32f10x_hd.o(RESET)
</UL>
<P><STRONG><a name="[29]"></a>I2C1_EV_IRQHandler</STRONG> (Thumb, 0 bytes, Stack size 0 bytes, startup_stm32f10x_hd.o(.text))
<BR>[Address Reference Count : 1]<UL><LI> startup_stm32f10x_hd.o(RESET)
</UL>
<P><STRONG><a name="[2c]"></a>I2C2_ER_IRQHandler</STRONG> (Thumb, 0 bytes, Stack size 0 bytes, startup_stm32f10x_hd.o(.text))
<BR>[Address Reference Count : 1]<UL><LI> startup_stm32f10x_hd.o(RESET)
</UL>
<P><STRONG><a name="[2b]"></a>I2C2_EV_IRQHandler</STRONG> (Thumb, 0 bytes, Stack size 0 bytes, startup_stm32f10x_hd.o(.text))
<BR>[Address Reference Count : 1]<UL><LI> startup_stm32f10x_hd.o(RESET)
</UL>
<P><STRONG><a name="[b]"></a>PVD_IRQHandler</STRONG> (Thumb, 0 bytes, Stack size 0 bytes, startup_stm32f10x_hd.o(.text))
<BR>[Address Reference Count : 1]<UL><LI> startup_stm32f10x_hd.o(RESET)
</UL>
<P><STRONG><a name="[f]"></a>RCC_IRQHandler</STRONG> (Thumb, 0 bytes, Stack size 0 bytes, startup_stm32f10x_hd.o(.text))
<BR>[Address Reference Count : 1]<UL><LI> startup_stm32f10x_hd.o(RESET)
</UL>
<P><STRONG><a name="[33]"></a>RTCAlarm_IRQHandler</STRONG> (Thumb, 0 bytes, Stack size 0 bytes, startup_stm32f10x_hd.o(.text))
<BR>[Address Reference Count : 1]<UL><LI> startup_stm32f10x_hd.o(RESET)
</UL>
<P><STRONG><a name="[d]"></a>RTC_IRQHandler</STRONG> (Thumb, 0 bytes, Stack size 0 bytes, startup_stm32f10x_hd.o(.text))
<BR>[Address Reference Count : 1]<UL><LI> startup_stm32f10x_hd.o(RESET)
</UL>
<P><STRONG><a name="[3b]"></a>SDIO_IRQHandler</STRONG> (Thumb, 0 bytes, Stack size 0 bytes, startup_stm32f10x_hd.o(.text))
<BR>[Address Reference Count : 1]<UL><LI> startup_stm32f10x_hd.o(RESET)
</UL>
<P><STRONG><a name="[2d]"></a>SPI1_IRQHandler</STRONG> (Thumb, 0 bytes, Stack size 0 bytes, startup_stm32f10x_hd.o(.text))
<BR>[Address Reference Count : 1]<UL><LI> startup_stm32f10x_hd.o(RESET)
</UL>
<P><STRONG><a name="[2e]"></a>SPI2_IRQHandler</STRONG> (Thumb, 0 bytes, Stack size 0 bytes, startup_stm32f10x_hd.o(.text))
<BR>[Address Reference Count : 1]<UL><LI> startup_stm32f10x_hd.o(RESET)
</UL>
<P><STRONG><a name="[3d]"></a>SPI3_IRQHandler</STRONG> (Thumb, 0 bytes, Stack size 0 bytes, startup_stm32f10x_hd.o(.text))
<BR>[Address Reference Count : 1]<UL><LI> startup_stm32f10x_hd.o(RESET)
</UL>
<P><STRONG><a name="[c]"></a>TAMPER_IRQHandler</STRONG> (Thumb, 0 bytes, Stack size 0 bytes, startup_stm32f10x_hd.o(.text))
<BR>[Address Reference Count : 1]<UL><LI> startup_stm32f10x_hd.o(RESET)
</UL>
<P><STRONG><a name="[22]"></a>TIM1_BRK_IRQHandler</STRONG> (Thumb, 0 bytes, Stack size 0 bytes, startup_stm32f10x_hd.o(.text))
<BR>[Address Reference Count : 1]<UL><LI> startup_stm32f10x_hd.o(RESET)
</UL>
<P><STRONG><a name="[25]"></a>TIM1_CC_IRQHandler</STRONG> (Thumb, 0 bytes, Stack size 0 bytes, startup_stm32f10x_hd.o(.text))
<BR>[Address Reference Count : 1]<UL><LI> startup_stm32f10x_hd.o(RESET)
</UL>
<P><STRONG><a name="[24]"></a>TIM1_TRG_COM_IRQHandler</STRONG> (Thumb, 0 bytes, Stack size 0 bytes, startup_stm32f10x_hd.o(.text))
<BR>[Address Reference Count : 1]<UL><LI> startup_stm32f10x_hd.o(RESET)
</UL>
<P><STRONG><a name="[23]"></a>TIM1_UP_IRQHandler</STRONG> (Thumb, 0 bytes, Stack size 0 bytes, startup_stm32f10x_hd.o(.text))
<BR>[Address Reference Count : 1]<UL><LI> startup_stm32f10x_hd.o(RESET)
</UL>
<P><STRONG><a name="[28]"></a>TIM4_IRQHandler</STRONG> (Thumb, 0 bytes, Stack size 0 bytes, startup_stm32f10x_hd.o(.text))
<BR>[Address Reference Count : 1]<UL><LI> startup_stm32f10x_hd.o(RESET)
</UL>
<P><STRONG><a name="[3c]"></a>TIM5_IRQHandler</STRONG> (Thumb, 0 bytes, Stack size 0 bytes, startup_stm32f10x_hd.o(.text))
<BR>[Address Reference Count : 1]<UL><LI> startup_stm32f10x_hd.o(RESET)
</UL>
<P><STRONG><a name="[40]"></a>TIM6_IRQHandler</STRONG> (Thumb, 0 bytes, Stack size 0 bytes, startup_stm32f10x_hd.o(.text))
<BR>[Address Reference Count : 1]<UL><LI> startup_stm32f10x_hd.o(RESET)
</UL>
<P><STRONG><a name="[41]"></a>TIM7_IRQHandler</STRONG> (Thumb, 0 bytes, Stack size 0 bytes, startup_stm32f10x_hd.o(.text))
<BR>[Address Reference Count : 1]<UL><LI> startup_stm32f10x_hd.o(RESET)
</UL>
<P><STRONG><a name="[35]"></a>TIM8_BRK_IRQHandler</STRONG> (Thumb, 0 bytes, Stack size 0 bytes, startup_stm32f10x_hd.o(.text))
<BR>[Address Reference Count : 1]<UL><LI> startup_stm32f10x_hd.o(RESET)
</UL>
<P><STRONG><a name="[38]"></a>TIM8_CC_IRQHandler</STRONG> (Thumb, 0 bytes, Stack size 0 bytes, startup_stm32f10x_hd.o(.text))
<BR>[Address Reference Count : 1]<UL><LI> startup_stm32f10x_hd.o(RESET)
</UL>
<P><STRONG><a name="[37]"></a>TIM8_TRG_COM_IRQHandler</STRONG> (Thumb, 0 bytes, Stack size 0 bytes, startup_stm32f10x_hd.o(.text))
<BR>[Address Reference Count : 1]<UL><LI> startup_stm32f10x_hd.o(RESET)
</UL>
<P><STRONG><a name="[36]"></a>TIM8_UP_IRQHandler</STRONG> (Thumb, 0 bytes, Stack size 0 bytes, startup_stm32f10x_hd.o(.text))
<BR>[Address Reference Count : 1]<UL><LI> startup_stm32f10x_hd.o(RESET)
</UL>
<P><STRONG><a name="[34]"></a>USBWakeUp_IRQHandler</STRONG> (Thumb, 0 bytes, Stack size 0 bytes, startup_stm32f10x_hd.o(.text))
<BR>[Address Reference Count : 1]<UL><LI> startup_stm32f10x_hd.o(RESET)
</UL>
<P><STRONG><a name="[1d]"></a>USB_HP_CAN1_TX_IRQHandler</STRONG> (Thumb, 0 bytes, Stack size 0 bytes, startup_stm32f10x_hd.o(.text))
<BR>[Address Reference Count : 1]<UL><LI> startup_stm32f10x_hd.o(RESET)
</UL>
<P><STRONG><a name="[1e]"></a>USB_LP_CAN1_RX0_IRQHandler</STRONG> (Thumb, 0 bytes, Stack size 0 bytes, startup_stm32f10x_hd.o(.text))
<BR>[Address Reference Count : 1]<UL><LI> startup_stm32f10x_hd.o(RESET)
</UL>
<P><STRONG><a name="[a]"></a>WWDG_IRQHandler</STRONG> (Thumb, 0 bytes, Stack size 0 bytes, startup_stm32f10x_hd.o(.text))
<BR>[Address Reference Count : 1]<UL><LI> startup_stm32f10x_hd.o(RESET)
</UL>
<P><STRONG><a name="[4a]"></a>__scatterload</STRONG> (Thumb, 28 bytes, Stack size 0 bytes, init.o(.text))
<BR><BR>[Calls]<UL><LI><a href="#[4b]">&gt;&gt;</a>&nbsp;&nbsp;&nbsp;__main_after_scatterload
</UL>
<BR>[Called By]<UL><LI><a href="#[49]">&gt;&gt;</a>&nbsp;&nbsp;&nbsp;_main_scatterload
</UL>

<P><STRONG><a name="[4]"></a>BusFault_Handler</STRONG> (Thumb, 2 bytes, Stack size 0 bytes, stm32f10x_it.o(i.BusFault_Handler))
<BR><BR>[Calls]<UL><LI><a href="#[4]">&gt;&gt;</a>&nbsp;&nbsp;&nbsp;BusFault_Handler
</UL>
<BR>[Called By]<UL><LI><a href="#[4]">&gt;&gt;</a>&nbsp;&nbsp;&nbsp;BusFault_Handler
</UL>
<BR>[Address Reference Count : 1]<UL><LI> startup_stm32f10x_hd.o(RESET)
</UL>
<P><STRONG><a name="[110]"></a>Check_Sum</STRONG> (Thumb, 26 bytes, Stack size 0 bytes, checksum.o(i.Check_Sum))
<BR><BR>[Called By]<UL><LI><a href="#[112]">&gt;&gt;</a>&nbsp;&nbsp;&nbsp;X232_CM_Data_Feedback
<LI><a href="#[116]">&gt;&gt;</a>&nbsp;&nbsp;&nbsp;X232_CM_Sensing
<LI><a href="#[e1]">&gt;&gt;</a>&nbsp;&nbsp;&nbsp;X232_CM_Control
</UL>

<P><STRONG><a name="[7]"></a>DebugMon_Handler</STRONG> (Thumb, 2 bytes, Stack size 0 bytes, stm32f10x_it.o(i.DebugMon_Handler))
<BR>[Address Reference Count : 1]<UL><LI> startup_stm32f10x_hd.o(RESET)
</UL>
<P><STRONG><a name="[ff]"></a>Device_Status_Clear</STRONG> (Thumb, 106 bytes, Stack size 0 bytes, init.o(i.Device_Status_Clear))
<BR><BR>[Called By]<UL><LI><a href="#[b7]">&gt;&gt;</a>&nbsp;&nbsp;&nbsp;Tos_ZNE_process
<LI><a href="#[9b]">&gt;&gt;</a>&nbsp;&nbsp;&nbsp;init_UART2
</UL>

<P><STRONG><a name="[4c]"></a>END_Device_ID_Check</STRONG> (Thumb, 186 bytes, Stack size 0 bytes, tos_th_id.o(i.END_Device_ID_Check))
<BR><BR>[Calls]<UL><LI><a href="#[4d]">&gt;&gt;</a>&nbsp;&nbsp;&nbsp;THNet_System_Report
</UL>
<BR>[Called By]<UL><LI><a href="#[b7]">&gt;&gt;</a>&nbsp;&nbsp;&nbsp;Tos_ZNE_process
</UL>

<P><STRONG><a name="[4e]"></a>END_Early_Init</STRONG> (Thumb, 4 bytes, Stack size 0 bytes, init.o(i.END_Early_Init))
<BR><BR>[Calls]<UL><LI><a href="#[4f]">&gt;&gt;</a>&nbsp;&nbsp;&nbsp;init_Device_Info
</UL>
<BR>[Called By]<UL><LI><a href="#[a7]">&gt;&gt;</a>&nbsp;&nbsp;&nbsp;SYS_Init
</UL>

<P><STRONG><a name="[89]"></a>FLASH_ClearFlag</STRONG> (Thumb, 6 bytes, Stack size 0 bytes, stm32f10x_flash.o(i.FLASH_ClearFlag))
<BR><BR>[Called By]<UL><LI><a href="#[8c]">&gt;&gt;</a>&nbsp;&nbsp;&nbsp;Tos_TH_Write_Flash
<LI><a href="#[88]">&gt;&gt;</a>&nbsp;&nbsp;&nbsp;Flash_Using_Reload
</UL>

<P><STRONG><a name="[50]"></a>FLASH_ErasePage</STRONG> (Thumb, 60 bytes, Stack size 0 bytes, stm32f10x_flash.o(i.FLASH_ErasePage))
<BR><BR>[Calls]<UL><LI><a href="#[51]">&gt;&gt;</a>&nbsp;&nbsp;&nbsp;FLASH_WaitForLastOperation
</UL>
<BR>[Called By]<UL><LI><a href="#[8c]">&gt;&gt;</a>&nbsp;&nbsp;&nbsp;Tos_TH_Write_Flash
<LI><a href="#[88]">&gt;&gt;</a>&nbsp;&nbsp;&nbsp;Flash_Using_Reload
<LI><a href="#[64]">&gt;&gt;</a>&nbsp;&nbsp;&nbsp;FW_flash_erase_page
</UL>

<P><STRONG><a name="[54]"></a>FLASH_GetBank1Status</STRONG> (Thumb, 34 bytes, Stack size 0 bytes, stm32f10x_flash.o(i.FLASH_GetBank1Status))
<BR><BR>[Called By]<UL><LI><a href="#[51]">&gt;&gt;</a>&nbsp;&nbsp;&nbsp;FLASH_WaitForLastOperation
</UL>

<P><STRONG><a name="[82]"></a>FLASH_Lock</STRONG> (Thumb, 12 bytes, Stack size 0 bytes, stm32f10x_flash.o(i.FLASH_Lock))
<BR><BR>[Called By]<UL><LI><a href="#[8c]">&gt;&gt;</a>&nbsp;&nbsp;&nbsp;Tos_TH_Write_Flash
<LI><a href="#[88]">&gt;&gt;</a>&nbsp;&nbsp;&nbsp;Flash_Using_Reload
<LI><a href="#[80]">&gt;&gt;</a>&nbsp;&nbsp;&nbsp;FW_upgrade_check
</UL>

<P><STRONG><a name="[52]"></a>FLASH_ProgramHalfWord</STRONG> (Thumb, 52 bytes, Stack size 0 bytes, stm32f10x_flash.o(i.FLASH_ProgramHalfWord))
<BR><BR>[Calls]<UL><LI><a href="#[51]">&gt;&gt;</a>&nbsp;&nbsp;&nbsp;FLASH_WaitForLastOperation
</UL>
<BR>[Called By]<UL><LI><a href="#[8c]">&gt;&gt;</a>&nbsp;&nbsp;&nbsp;Tos_TH_Write_Flash
</UL>

<P><STRONG><a name="[53]"></a>FLASH_ProgramWord</STRONG> (Thumb, 80 bytes, Stack size 0 bytes, stm32f10x_flash.o(i.FLASH_ProgramWord))
<BR><BR>[Calls]<UL><LI><a href="#[51]">&gt;&gt;</a>&nbsp;&nbsp;&nbsp;FLASH_WaitForLastOperation
</UL>
<BR>[Called By]<UL><LI><a href="#[65]">&gt;&gt;</a>&nbsp;&nbsp;&nbsp;FW_flash_programme_word
</UL>

<P><STRONG><a name="[81]"></a>FLASH_Unlock</STRONG> (Thumb, 12 bytes, Stack size 0 bytes, stm32f10x_flash.o(i.FLASH_Unlock))
<BR><BR>[Called By]<UL><LI><a href="#[8c]">&gt;&gt;</a>&nbsp;&nbsp;&nbsp;Tos_TH_Write_Flash
<LI><a href="#[88]">&gt;&gt;</a>&nbsp;&nbsp;&nbsp;Flash_Using_Reload
<LI><a href="#[80]">&gt;&gt;</a>&nbsp;&nbsp;&nbsp;FW_upgrade_check
</UL>

<P><STRONG><a name="[51]"></a>FLASH_WaitForLastOperation</STRONG> (Thumb, 36 bytes, Stack size 0 bytes, stm32f10x_flash.o(i.FLASH_WaitForLastOperation))
<BR><BR>[Calls]<UL><LI><a href="#[54]">&gt;&gt;</a>&nbsp;&nbsp;&nbsp;FLASH_GetBank1Status
</UL>
<BR>[Called By]<UL><LI><a href="#[52]">&gt;&gt;</a>&nbsp;&nbsp;&nbsp;FLASH_ProgramHalfWord
<LI><a href="#[50]">&gt;&gt;</a>&nbsp;&nbsp;&nbsp;FLASH_ErasePage
<LI><a href="#[53]">&gt;&gt;</a>&nbsp;&nbsp;&nbsp;FLASH_ProgramWord
</UL>

<P><STRONG><a name="[10a]"></a>FW_channel_slave_data_get</STRONG> (Thumb, 6 bytes, Stack size 0 bytes, fw_upgrade_usart.o(i.FW_channel_slave_data_get))
<BR><BR>[Called By]<UL><LI><a href="#[108]">&gt;&gt;</a>&nbsp;&nbsp;&nbsp;UART3_Deal
</UL>

<P><STRONG><a name="[55]"></a>FW_channel_slave_download</STRONG> (Thumb, 72 bytes, Stack size 0 bytes, fw_upgrade_download.o(i.FW_channel_slave_download))
<BR><BR>[Calls]<UL><LI><a href="#[57]">&gt;&gt;</a>&nbsp;&nbsp;&nbsp;FW_upgrading_net_report
<LI><a href="#[58]">&gt;&gt;</a>&nbsp;&nbsp;&nbsp;IWDG_ReloadCounter
<LI><a href="#[56]">&gt;&gt;</a>&nbsp;&nbsp;&nbsp;FW_channel_slave_ymodem_receive_and_transmit
</UL>
<BR>[Called By]<UL><LI><a href="#[80]">&gt;&gt;</a>&nbsp;&nbsp;&nbsp;FW_upgrade_check
</UL>

<P><STRONG><a name="[59]"></a>FW_channel_slave_send_data</STRONG> (Thumb, 84 bytes, Stack size 0 bytes, fw_upgrade_usart.o(i.FW_channel_slave_send_data))
<BR><BR>[Calls]<UL><LI><a href="#[5b]">&gt;&gt;</a>&nbsp;&nbsp;&nbsp;delay_10us
<LI><a href="#[5c]">&gt;&gt;</a>&nbsp;&nbsp;&nbsp;USART_SendData
<LI><a href="#[5d]">&gt;&gt;</a>&nbsp;&nbsp;&nbsp;USART_GetFlagStatus
<LI><a href="#[5a]">&gt;&gt;</a>&nbsp;&nbsp;&nbsp;GPIO_SetBits
<LI><a href="#[5e]">&gt;&gt;</a>&nbsp;&nbsp;&nbsp;GPIO_ResetBits
<LI><a href="#[58]">&gt;&gt;</a>&nbsp;&nbsp;&nbsp;IWDG_ReloadCounter
</UL>
<BR>[Called By]<UL><LI><a href="#[56]">&gt;&gt;</a>&nbsp;&nbsp;&nbsp;FW_channel_slave_ymodem_receive_and_transmit
</UL>

<P><STRONG><a name="[56]"></a>FW_channel_slave_ymodem_receive_and_transmit</STRONG> (Thumb, 806 bytes, Stack size 0 bytes, fw_upgrade_ymodem.o(i.FW_channel_slave_ymodem_receive_and_transmit))
<BR><BR>[Calls]<UL><LI><a href="#[57]">&gt;&gt;</a>&nbsp;&nbsp;&nbsp;FW_upgrading_net_report
<LI><a href="#[60]">&gt;&gt;</a>&nbsp;&nbsp;&nbsp;FW_uart_serial_send_byte
<LI><a href="#[59]">&gt;&gt;</a>&nbsp;&nbsp;&nbsp;FW_channel_slave_send_data
<LI><a href="#[5f]">&gt;&gt;</a>&nbsp;&nbsp;&nbsp;FW_ymodem_net_receive_packet
</UL>
<BR>[Called By]<UL><LI><a href="#[55]">&gt;&gt;</a>&nbsp;&nbsp;&nbsp;FW_channel_slave_download
</UL>

<P><STRONG><a name="[61]"></a>FW_close_IRQHard</STRONG> (Thumb, 28 bytes, Stack size 0 bytes, fw_upgrade_common.o(i.FW_close_IRQHard))
<BR><BR>[Calls]<UL><LI><a href="#[62]">&gt;&gt;</a>&nbsp;&nbsp;&nbsp;GPIO_DeInit
<LI><a href="#[63]">&gt;&gt;</a>&nbsp;&nbsp;&nbsp;RCC_APB2PeriphClockCmd
</UL>
<BR>[Called By]<UL><LI><a href="#[66]">&gt;&gt;</a>&nbsp;&nbsp;&nbsp;FW_jump2addr
</UL>

<P><STRONG><a name="[70]"></a>FW_flash_calculate_pages</STRONG> (Thumb, 20 bytes, Stack size 0 bytes, fw_upgrade_flash.o(i.FW_flash_calculate_pages))
<BR><BR>[Called By]<UL><LI><a href="#[6b]">&gt;&gt;</a>&nbsp;&nbsp;&nbsp;FW_net_and_serial_ymodem_receive
</UL>

<P><STRONG><a name="[64]"></a>FW_flash_erase_page</STRONG> (Thumb, 44 bytes, Stack size 0 bytes, fw_upgrade_flash.o(i.FW_flash_erase_page))
<BR><BR>[Calls]<UL><LI><a href="#[50]">&gt;&gt;</a>&nbsp;&nbsp;&nbsp;FLASH_ErasePage
</UL>
<BR>[Called By]<UL><LI><a href="#[6a]">&gt;&gt;</a>&nbsp;&nbsp;&nbsp;FW_net_and_serial_download
<LI><a href="#[6b]">&gt;&gt;</a>&nbsp;&nbsp;&nbsp;FW_net_and_serial_ymodem_receive
</UL>

<P><STRONG><a name="[65]"></a>FW_flash_programme_word</STRONG> (Thumb, 4 bytes, Stack size 0 bytes, fw_upgrade_flash.o(i.FW_flash_programme_word))
<BR><BR>[Calls]<UL><LI><a href="#[53]">&gt;&gt;</a>&nbsp;&nbsp;&nbsp;FLASH_ProgramWord
</UL>
<BR>[Called By]<UL><LI><a href="#[6a]">&gt;&gt;</a>&nbsp;&nbsp;&nbsp;FW_net_and_serial_download
<LI><a href="#[6b]">&gt;&gt;</a>&nbsp;&nbsp;&nbsp;FW_net_and_serial_ymodem_receive
</UL>

<P><STRONG><a name="[66]"></a>FW_jump2addr</STRONG> (Thumb, 42 bytes, Stack size 0 bytes, fw_upgrade_common.o(i.FW_jump2addr))
<BR><BR>[Calls]<UL><LI><a href="#[61]">&gt;&gt;</a>&nbsp;&nbsp;&nbsp;FW_close_IRQHard
<LI><a href="#[67]">&gt;&gt;</a>&nbsp;&nbsp;&nbsp;MSR_MSP
</UL>
<BR>[Called By]<UL><LI><a href="#[6a]">&gt;&gt;</a>&nbsp;&nbsp;&nbsp;FW_net_and_serial_download
<LI><a href="#[d7]">&gt;&gt;</a>&nbsp;&nbsp;&nbsp;Tos_WAN_Mode_Exchange
</UL>

<P><STRONG><a name="[68]"></a>FW_memcpy</STRONG> (Thumb, 4 bytes, Stack size 0 bytes, fw_upgrade_ymodem.o(i.FW_memcpy))
<BR><BR>[Calls]<UL><LI><a href="#[69]">&gt;&gt;</a>&nbsp;&nbsp;&nbsp;__aeabi_memcpy
</UL>
<BR>[Called By]<UL><LI><a href="#[6b]">&gt;&gt;</a>&nbsp;&nbsp;&nbsp;FW_net_and_serial_ymodem_receive
</UL>

<P><STRONG><a name="[6a]"></a>FW_net_and_serial_download</STRONG> (Thumb, 476 bytes, Stack size 0 bytes, fw_upgrade_download.o(i.FW_net_and_serial_download))
<BR><BR>[Calls]<UL><LI><a href="#[57]">&gt;&gt;</a>&nbsp;&nbsp;&nbsp;FW_upgrading_net_report
<LI><a href="#[6d]">&gt;&gt;</a>&nbsp;&nbsp;&nbsp;FW_uart_serial_printf
<LI><a href="#[6c]">&gt;&gt;</a>&nbsp;&nbsp;&nbsp;FW_ymodem_calculate_crc
<LI><a href="#[66]">&gt;&gt;</a>&nbsp;&nbsp;&nbsp;FW_jump2addr
<LI><a href="#[6e]">&gt;&gt;</a>&nbsp;&nbsp;&nbsp;delay_ms
<LI><a href="#[58]">&gt;&gt;</a>&nbsp;&nbsp;&nbsp;IWDG_ReloadCounter
<LI><a href="#[6b]">&gt;&gt;</a>&nbsp;&nbsp;&nbsp;FW_net_and_serial_ymodem_receive
<LI><a href="#[65]">&gt;&gt;</a>&nbsp;&nbsp;&nbsp;FW_flash_programme_word
<LI><a href="#[64]">&gt;&gt;</a>&nbsp;&nbsp;&nbsp;FW_flash_erase_page
</UL>
<BR>[Called By]<UL><LI><a href="#[80]">&gt;&gt;</a>&nbsp;&nbsp;&nbsp;FW_upgrade_check
</UL>

<P><STRONG><a name="[6b]"></a>FW_net_and_serial_ymodem_receive</STRONG> (Thumb, 918 bytes, Stack size 0 bytes, fw_upgrade_ymodem.o(i.FW_net_and_serial_ymodem_receive))
<BR><BR>[Calls]<UL><LI><a href="#[57]">&gt;&gt;</a>&nbsp;&nbsp;&nbsp;FW_upgrading_net_report
<LI><a href="#[60]">&gt;&gt;</a>&nbsp;&nbsp;&nbsp;FW_uart_serial_send_byte
<LI><a href="#[58]">&gt;&gt;</a>&nbsp;&nbsp;&nbsp;IWDG_ReloadCounter
<LI><a href="#[70]">&gt;&gt;</a>&nbsp;&nbsp;&nbsp;FW_flash_calculate_pages
<LI><a href="#[6f]">&gt;&gt;</a>&nbsp;&nbsp;&nbsp;FW_str2int
<LI><a href="#[68]">&gt;&gt;</a>&nbsp;&nbsp;&nbsp;FW_memcpy
<LI><a href="#[5f]">&gt;&gt;</a>&nbsp;&nbsp;&nbsp;FW_ymodem_net_receive_packet
<LI><a href="#[65]">&gt;&gt;</a>&nbsp;&nbsp;&nbsp;FW_flash_programme_word
<LI><a href="#[64]">&gt;&gt;</a>&nbsp;&nbsp;&nbsp;FW_flash_erase_page
</UL>
<BR>[Called By]<UL><LI><a href="#[6a]">&gt;&gt;</a>&nbsp;&nbsp;&nbsp;FW_net_and_serial_download
</UL>

<P><STRONG><a name="[6f]"></a>FW_str2int</STRONG> (Thumb, 188 bytes, Stack size 0 bytes, fw_upgrade_ymodem.o(i.FW_str2int))
<BR><BR>[Called By]<UL><LI><a href="#[6b]">&gt;&gt;</a>&nbsp;&nbsp;&nbsp;FW_net_and_serial_ymodem_receive
</UL>

<P><STRONG><a name="[ef]"></a>FW_timer_deal</STRONG> (Thumb, 178 bytes, Stack size 0 bytes, fw_upgrade_init.o(i.FW_timer_deal))
<BR><BR>[Called By]<UL><LI><a href="#[e5]">&gt;&gt;</a>&nbsp;&nbsp;&nbsp;Timer2_Deal
</UL>

<P><STRONG><a name="[74]"></a>FW_uart_net_init_config_IRQ</STRONG> (Thumb, 178 bytes, Stack size 0 bytes, fw_upgrade_usart.o(i.FW_uart_net_init_config_IRQ))
<BR><BR>[Calls]<UL><LI><a href="#[76]">&gt;&gt;</a>&nbsp;&nbsp;&nbsp;USART_DeInit
<LI><a href="#[7a]">&gt;&gt;</a>&nbsp;&nbsp;&nbsp;USART_ClearFlag
<LI><a href="#[77]">&gt;&gt;</a>&nbsp;&nbsp;&nbsp;USART_Init
<LI><a href="#[79]">&gt;&gt;</a>&nbsp;&nbsp;&nbsp;USART_ITConfig
<LI><a href="#[78]">&gt;&gt;</a>&nbsp;&nbsp;&nbsp;USART_Cmd
<LI><a href="#[63]">&gt;&gt;</a>&nbsp;&nbsp;&nbsp;RCC_APB2PeriphClockCmd
<LI><a href="#[7b]">&gt;&gt;</a>&nbsp;&nbsp;&nbsp;NVIC_Init
<LI><a href="#[75]">&gt;&gt;</a>&nbsp;&nbsp;&nbsp;GPIO_Init
</UL>
<BR>[Called By]<UL><LI><a href="#[80]">&gt;&gt;</a>&nbsp;&nbsp;&nbsp;FW_upgrade_check
</UL>

<P><STRONG><a name="[7c]"></a>FW_uart_net_init_config_noIRQ</STRONG> (Thumb, 142 bytes, Stack size 0 bytes, fw_upgrade_usart.o(i.FW_uart_net_init_config_noIRQ))
<BR><BR>[Calls]<UL><LI><a href="#[76]">&gt;&gt;</a>&nbsp;&nbsp;&nbsp;USART_DeInit
<LI><a href="#[7a]">&gt;&gt;</a>&nbsp;&nbsp;&nbsp;USART_ClearFlag
<LI><a href="#[77]">&gt;&gt;</a>&nbsp;&nbsp;&nbsp;USART_Init
<LI><a href="#[78]">&gt;&gt;</a>&nbsp;&nbsp;&nbsp;USART_Cmd
<LI><a href="#[63]">&gt;&gt;</a>&nbsp;&nbsp;&nbsp;RCC_APB2PeriphClockCmd
<LI><a href="#[75]">&gt;&gt;</a>&nbsp;&nbsp;&nbsp;GPIO_Init
</UL>
<BR>[Called By]<UL><LI><a href="#[80]">&gt;&gt;</a>&nbsp;&nbsp;&nbsp;FW_upgrade_check
</UL>

<P><STRONG><a name="[72]"></a>FW_uart_net_input_check</STRONG> (Thumb, 30 bytes, Stack size 0 bytes, fw_upgrade_ymodem.o(i.FW_uart_net_input_check))
<BR><BR>[Calls]<UL><LI><a href="#[5d]">&gt;&gt;</a>&nbsp;&nbsp;&nbsp;USART_GetFlagStatus
</UL>
<BR>[Called By]<UL><LI><a href="#[71]">&gt;&gt;</a>&nbsp;&nbsp;&nbsp;FW_receive_byte
</UL>

<P><STRONG><a name="[7d]"></a>FW_uart_serial_init_config_IRQ</STRONG> (Thumb, 170 bytes, Stack size 0 bytes, fw_upgrade_usart.o(i.FW_uart_serial_init_config_IRQ))
<BR><BR>[Calls]<UL><LI><a href="#[76]">&gt;&gt;</a>&nbsp;&nbsp;&nbsp;USART_DeInit
<LI><a href="#[7a]">&gt;&gt;</a>&nbsp;&nbsp;&nbsp;USART_ClearFlag
<LI><a href="#[77]">&gt;&gt;</a>&nbsp;&nbsp;&nbsp;USART_Init
<LI><a href="#[79]">&gt;&gt;</a>&nbsp;&nbsp;&nbsp;USART_ITConfig
<LI><a href="#[78]">&gt;&gt;</a>&nbsp;&nbsp;&nbsp;USART_Cmd
<LI><a href="#[63]">&gt;&gt;</a>&nbsp;&nbsp;&nbsp;RCC_APB2PeriphClockCmd
<LI><a href="#[7e]">&gt;&gt;</a>&nbsp;&nbsp;&nbsp;RCC_APB1PeriphClockCmd
<LI><a href="#[7b]">&gt;&gt;</a>&nbsp;&nbsp;&nbsp;NVIC_Init
<LI><a href="#[75]">&gt;&gt;</a>&nbsp;&nbsp;&nbsp;GPIO_Init
</UL>
<BR>[Called By]<UL><LI><a href="#[80]">&gt;&gt;</a>&nbsp;&nbsp;&nbsp;FW_upgrade_check
</UL>

<P><STRONG><a name="[7f]"></a>FW_uart_serial_init_config_noIRQ</STRONG> (Thumb, 132 bytes, Stack size 0 bytes, fw_upgrade_usart.o(i.FW_uart_serial_init_config_noIRQ))
<BR><BR>[Calls]<UL><LI><a href="#[76]">&gt;&gt;</a>&nbsp;&nbsp;&nbsp;USART_DeInit
<LI><a href="#[7a]">&gt;&gt;</a>&nbsp;&nbsp;&nbsp;USART_ClearFlag
<LI><a href="#[77]">&gt;&gt;</a>&nbsp;&nbsp;&nbsp;USART_Init
<LI><a href="#[78]">&gt;&gt;</a>&nbsp;&nbsp;&nbsp;USART_Cmd
<LI><a href="#[63]">&gt;&gt;</a>&nbsp;&nbsp;&nbsp;RCC_APB2PeriphClockCmd
<LI><a href="#[7e]">&gt;&gt;</a>&nbsp;&nbsp;&nbsp;RCC_APB1PeriphClockCmd
<LI><a href="#[75]">&gt;&gt;</a>&nbsp;&nbsp;&nbsp;GPIO_Init
</UL>
<BR>[Called By]<UL><LI><a href="#[80]">&gt;&gt;</a>&nbsp;&nbsp;&nbsp;FW_upgrade_check
</UL>

<P><STRONG><a name="[73]"></a>FW_uart_serial_input_check</STRONG> (Thumb, 30 bytes, Stack size 0 bytes, fw_upgrade_ymodem.o(i.FW_uart_serial_input_check))
<BR><BR>[Calls]<UL><LI><a href="#[5d]">&gt;&gt;</a>&nbsp;&nbsp;&nbsp;USART_GetFlagStatus
</UL>
<BR>[Called By]<UL><LI><a href="#[71]">&gt;&gt;</a>&nbsp;&nbsp;&nbsp;FW_receive_byte
</UL>

<P><STRONG><a name="[6d]"></a>FW_uart_serial_printf</STRONG> (Thumb, 2 bytes, Stack size 0 bytes, fw_upgrade_usart.o(i.FW_uart_serial_printf))
<BR><BR>[Called By]<UL><LI><a href="#[6a]">&gt;&gt;</a>&nbsp;&nbsp;&nbsp;FW_net_and_serial_download
<LI><a href="#[80]">&gt;&gt;</a>&nbsp;&nbsp;&nbsp;FW_upgrade_check
</UL>

<P><STRONG><a name="[60]"></a>FW_uart_serial_send_byte</STRONG> (Thumb, 28 bytes, Stack size 0 bytes, fw_upgrade_usart.o(i.FW_uart_serial_send_byte))
<BR><BR>[Calls]<UL><LI><a href="#[5c]">&gt;&gt;</a>&nbsp;&nbsp;&nbsp;USART_SendData
<LI><a href="#[5d]">&gt;&gt;</a>&nbsp;&nbsp;&nbsp;USART_GetFlagStatus
</UL>
<BR>[Called By]<UL><LI><a href="#[6b]">&gt;&gt;</a>&nbsp;&nbsp;&nbsp;FW_net_and_serial_ymodem_receive
<LI><a href="#[56]">&gt;&gt;</a>&nbsp;&nbsp;&nbsp;FW_channel_slave_ymodem_receive_and_transmit
</UL>

<P><STRONG><a name="[80]"></a>FW_upgrade_check</STRONG> (Thumb, 480 bytes, Stack size 0 bytes, fw_upgrade_init.o(i.FW_upgrade_check))
<BR><BR>[Calls]<UL><LI><a href="#[6d]">&gt;&gt;</a>&nbsp;&nbsp;&nbsp;FW_uart_serial_printf
<LI><a href="#[7f]">&gt;&gt;</a>&nbsp;&nbsp;&nbsp;FW_uart_serial_init_config_noIRQ
<LI><a href="#[7d]">&gt;&gt;</a>&nbsp;&nbsp;&nbsp;FW_uart_serial_init_config_IRQ
<LI><a href="#[7c]">&gt;&gt;</a>&nbsp;&nbsp;&nbsp;FW_uart_net_init_config_noIRQ
<LI><a href="#[74]">&gt;&gt;</a>&nbsp;&nbsp;&nbsp;FW_uart_net_init_config_IRQ
<LI><a href="#[6a]">&gt;&gt;</a>&nbsp;&nbsp;&nbsp;FW_net_and_serial_download
<LI><a href="#[55]">&gt;&gt;</a>&nbsp;&nbsp;&nbsp;FW_channel_slave_download
<LI><a href="#[81]">&gt;&gt;</a>&nbsp;&nbsp;&nbsp;FLASH_Unlock
<LI><a href="#[82]">&gt;&gt;</a>&nbsp;&nbsp;&nbsp;FLASH_Lock
<LI><a href="#[6e]">&gt;&gt;</a>&nbsp;&nbsp;&nbsp;delay_ms
<LI><a href="#[83]">&gt;&gt;</a>&nbsp;&nbsp;&nbsp;Tos_Net_Restart
<LI><a href="#[58]">&gt;&gt;</a>&nbsp;&nbsp;&nbsp;IWDG_ReloadCounter
</UL>
<BR>[Called By]<UL><LI><a href="#[b6]">&gt;&gt;</a>&nbsp;&nbsp;&nbsp;SYS_Running
</UL>

<P><STRONG><a name="[84]"></a>FW_upgrade_init</STRONG> (Thumb, 52 bytes, Stack size 0 bytes, fw_upgrade_init.o(i.FW_upgrade_init))
<BR><BR>[Calls]<UL><LI><a href="#[85]">&gt;&gt;</a>&nbsp;&nbsp;&nbsp;FW_upgrade_val_init
<LI><a href="#[58]">&gt;&gt;</a>&nbsp;&nbsp;&nbsp;IWDG_ReloadCounter
</UL>
<BR>[Called By]<UL><LI><a href="#[a7]">&gt;&gt;</a>&nbsp;&nbsp;&nbsp;SYS_Init
</UL>

<P><STRONG><a name="[85]"></a>FW_upgrade_val_init</STRONG> (Thumb, 112 bytes, Stack size 0 bytes, fw_upgrade_init.o(i.FW_upgrade_val_init))
<BR><BR>[Calls]<UL><LI><a href="#[58]">&gt;&gt;</a>&nbsp;&nbsp;&nbsp;IWDG_ReloadCounter
</UL>
<BR>[Called By]<UL><LI><a href="#[84]">&gt;&gt;</a>&nbsp;&nbsp;&nbsp;FW_upgrade_init
</UL>

<P><STRONG><a name="[57]"></a>FW_upgrading_net_report</STRONG> (Thumb, 62 bytes, Stack size 0 bytes, fw_upgrade_usart.o(i.FW_upgrading_net_report))
<BR><BR>[Calls]<UL><LI><a href="#[4d]">&gt;&gt;</a>&nbsp;&nbsp;&nbsp;THNet_System_Report
</UL>
<BR>[Called By]<UL><LI><a href="#[6a]">&gt;&gt;</a>&nbsp;&nbsp;&nbsp;FW_net_and_serial_download
<LI><a href="#[55]">&gt;&gt;</a>&nbsp;&nbsp;&nbsp;FW_channel_slave_download
<LI><a href="#[6b]">&gt;&gt;</a>&nbsp;&nbsp;&nbsp;FW_net_and_serial_ymodem_receive
<LI><a href="#[56]">&gt;&gt;</a>&nbsp;&nbsp;&nbsp;FW_channel_slave_ymodem_receive_and_transmit
</UL>

<P><STRONG><a name="[6c]"></a>FW_ymodem_calculate_crc</STRONG> (Thumb, 62 bytes, Stack size 0 bytes, fw_upgrade_ymodem.o(i.FW_ymodem_calculate_crc))
<BR><BR>[Called By]<UL><LI><a href="#[6a]">&gt;&gt;</a>&nbsp;&nbsp;&nbsp;FW_net_and_serial_download
<LI><a href="#[f7]">&gt;&gt;</a>&nbsp;&nbsp;&nbsp;Tos_ZNE_Enkey_Refer
<LI><a href="#[5f]">&gt;&gt;</a>&nbsp;&nbsp;&nbsp;FW_ymodem_net_receive_packet
</UL>

<P><STRONG><a name="[86]"></a>Flash_Read</STRONG> (Thumb, 18 bytes, Stack size 0 bytes, tos_th_flash.o(i.Flash_Read))
<BR><BR>[Calls]<UL><LI><a href="#[87]">&gt;&gt;</a>&nbsp;&nbsp;&nbsp;Tos_TH_Read_Flash
</UL>
<BR>[Called By]<UL><LI><a href="#[be]">&gt;&gt;</a>&nbsp;&nbsp;&nbsp;TB_Key_Bind_Flash_Get
<LI><a href="#[d9]">&gt;&gt;</a>&nbsp;&nbsp;&nbsp;TB_WKey_Flash_Get
<LI><a href="#[fd]">&gt;&gt;</a>&nbsp;&nbsp;&nbsp;Tos_WAN_Mode_Flash_Get
</UL>

<P><STRONG><a name="[88]"></a>Flash_Using_Reload</STRONG> (Thumb, 120 bytes, Stack size 0 bytes, tos_th_flash.o(i.Flash_Using_Reload))
<BR><BR>[Calls]<UL><LI><a href="#[81]">&gt;&gt;</a>&nbsp;&nbsp;&nbsp;FLASH_Unlock
<LI><a href="#[82]">&gt;&gt;</a>&nbsp;&nbsp;&nbsp;FLASH_Lock
<LI><a href="#[50]">&gt;&gt;</a>&nbsp;&nbsp;&nbsp;FLASH_ErasePage
<LI><a href="#[89]">&gt;&gt;</a>&nbsp;&nbsp;&nbsp;FLASH_ClearFlag
<LI><a href="#[8a]">&gt;&gt;</a>&nbsp;&nbsp;&nbsp;Tos_WAN_Mode_Flash_Set
<LI><a href="#[58]">&gt;&gt;</a>&nbsp;&nbsp;&nbsp;IWDG_ReloadCounter
</UL>
<BR>[Called By]<UL><LI><a href="#[b7]">&gt;&gt;</a>&nbsp;&nbsp;&nbsp;Tos_ZNE_process
</UL>

<P><STRONG><a name="[8b]"></a>Flash_Write</STRONG> (Thumb, 12 bytes, Stack size 0 bytes, tos_th_flash.o(i.Flash_Write))
<BR><BR>[Calls]<UL><LI><a href="#[8c]">&gt;&gt;</a>&nbsp;&nbsp;&nbsp;Tos_TH_Write_Flash
</UL>
<BR>[Called By]<UL><LI><a href="#[ce]">&gt;&gt;</a>&nbsp;&nbsp;&nbsp;TB_WKey_Flash_Set
<LI><a href="#[bf]">&gt;&gt;</a>&nbsp;&nbsp;&nbsp;TB_Key_Bind_Flash_Set
<LI><a href="#[8a]">&gt;&gt;</a>&nbsp;&nbsp;&nbsp;Tos_WAN_Mode_Flash_Set
</UL>

<P><STRONG><a name="[62]"></a>GPIO_DeInit</STRONG> (Thumb, 152 bytes, Stack size 0 bytes, stm32f10x_gpio.o(i.GPIO_DeInit))
<BR><BR>[Calls]<UL><LI><a href="#[8d]">&gt;&gt;</a>&nbsp;&nbsp;&nbsp;RCC_APB2PeriphResetCmd
</UL>
<BR>[Called By]<UL><LI><a href="#[61]">&gt;&gt;</a>&nbsp;&nbsp;&nbsp;FW_close_IRQHard
</UL>

<P><STRONG><a name="[75]"></a>GPIO_Init</STRONG> (Thumb, 158 bytes, Stack size 0 bytes, stm32f10x_gpio.o(i.GPIO_Init))
<BR><BR>[Called By]<UL><LI><a href="#[7f]">&gt;&gt;</a>&nbsp;&nbsp;&nbsp;FW_uart_serial_init_config_noIRQ
<LI><a href="#[7d]">&gt;&gt;</a>&nbsp;&nbsp;&nbsp;FW_uart_serial_init_config_IRQ
<LI><a href="#[7c]">&gt;&gt;</a>&nbsp;&nbsp;&nbsp;FW_uart_net_init_config_noIRQ
<LI><a href="#[74]">&gt;&gt;</a>&nbsp;&nbsp;&nbsp;FW_uart_net_init_config_IRQ
<LI><a href="#[c7]">&gt;&gt;</a>&nbsp;&nbsp;&nbsp;TB_Key_init_Led
<LI><a href="#[c6]">&gt;&gt;</a>&nbsp;&nbsp;&nbsp;TB_Key_init_Key
<LI><a href="#[c5]">&gt;&gt;</a>&nbsp;&nbsp;&nbsp;TB_Key_init_Bell
<LI><a href="#[af]">&gt;&gt;</a>&nbsp;&nbsp;&nbsp;Tos_init_UART3_AT
<LI><a href="#[ad]">&gt;&gt;</a>&nbsp;&nbsp;&nbsp;Tos_init_UART1
<LI><a href="#[ab]">&gt;&gt;</a>&nbsp;&nbsp;&nbsp;Tos_init_LED
<LI><a href="#[e9]">&gt;&gt;</a>&nbsp;&nbsp;&nbsp;TOS_init_UART2_HBS
<LI><a href="#[ae]">&gt;&gt;</a>&nbsp;&nbsp;&nbsp;TOS_init_UART2_AT
<LI><a href="#[9b]">&gt;&gt;</a>&nbsp;&nbsp;&nbsp;init_UART2
</UL>

<P><STRONG><a name="[c4]"></a>GPIO_PinRemapConfig</STRONG> (Thumb, 82 bytes, Stack size 0 bytes, stm32f10x_gpio.o(i.GPIO_PinRemapConfig))
<BR><BR>[Called By]<UL><LI><a href="#[b2]">&gt;&gt;</a>&nbsp;&nbsp;&nbsp;TB_Key_Init
</UL>

<P><STRONG><a name="[c2]"></a>GPIO_ReadInputDataBit</STRONG> (Thumb, 14 bytes, Stack size 0 bytes, stm32f10x_gpio.o(i.GPIO_ReadInputDataBit))
<BR><BR>[Called By]<UL><LI><a href="#[c1]">&gt;&gt;</a>&nbsp;&nbsp;&nbsp;TB_Key_Deal
<LI><a href="#[c9]">&gt;&gt;</a>&nbsp;&nbsp;&nbsp;TB_Key_Scan
<LI><a href="#[b1]">&gt;&gt;</a>&nbsp;&nbsp;&nbsp;Tos_ThinkHome_AT_Check
<LI><a href="#[e6]">&gt;&gt;</a>&nbsp;&nbsp;&nbsp;Timer3_Deal
</UL>

<P><STRONG><a name="[db]"></a>GPIO_ReadOutputDataBit</STRONG> (Thumb, 14 bytes, Stack size 0 bytes, stm32f10x_gpio.o(i.GPIO_ReadOutputDataBit))
<BR><BR>[Called By]<UL><LI><a href="#[da]">&gt;&gt;</a>&nbsp;&nbsp;&nbsp;TB_LED_Switch
<LI><a href="#[ec]">&gt;&gt;</a>&nbsp;&nbsp;&nbsp;Tos_Heartbeat
</UL>

<P><STRONG><a name="[5e]"></a>GPIO_ResetBits</STRONG> (Thumb, 4 bytes, Stack size 0 bytes, stm32f10x_gpio.o(i.GPIO_ResetBits))
<BR><BR>[Called By]<UL><LI><a href="#[59]">&gt;&gt;</a>&nbsp;&nbsp;&nbsp;FW_channel_slave_send_data
<LI><a href="#[d5]">&gt;&gt;</a>&nbsp;&nbsp;&nbsp;TB_Timer_Bell_Ring
<LI><a href="#[fb]">&gt;&gt;</a>&nbsp;&nbsp;&nbsp;Tos_UART_send_BD
<LI><a href="#[da]">&gt;&gt;</a>&nbsp;&nbsp;&nbsp;TB_LED_Switch
<LI><a href="#[dd]">&gt;&gt;</a>&nbsp;&nbsp;&nbsp;Tos_UART_send
<LI><a href="#[b1]">&gt;&gt;</a>&nbsp;&nbsp;&nbsp;Tos_ThinkHome_AT_Check
<LI><a href="#[b5]">&gt;&gt;</a>&nbsp;&nbsp;&nbsp;Tos_AT_HF_Deal
<LI><a href="#[ab]">&gt;&gt;</a>&nbsp;&nbsp;&nbsp;Tos_init_LED
<LI><a href="#[ae]">&gt;&gt;</a>&nbsp;&nbsp;&nbsp;TOS_init_UART2_AT
<LI><a href="#[83]">&gt;&gt;</a>&nbsp;&nbsp;&nbsp;Tos_Net_Restart
<LI><a href="#[f2]">&gt;&gt;</a>&nbsp;&nbsp;&nbsp;Tos_CC_AT_Check_Deal
<LI><a href="#[ec]">&gt;&gt;</a>&nbsp;&nbsp;&nbsp;Tos_Heartbeat
<LI><a href="#[111]">&gt;&gt;</a>&nbsp;&nbsp;&nbsp;X485_Send
<LI><a href="#[bd]">&gt;&gt;</a>&nbsp;&nbsp;&nbsp;THEnd_LED_Control
<LI><a href="#[9b]">&gt;&gt;</a>&nbsp;&nbsp;&nbsp;init_UART2
<LI><a href="#[e6]">&gt;&gt;</a>&nbsp;&nbsp;&nbsp;Timer3_Deal
</UL>

<P><STRONG><a name="[5a]"></a>GPIO_SetBits</STRONG> (Thumb, 4 bytes, Stack size 0 bytes, stm32f10x_gpio.o(i.GPIO_SetBits))
<BR><BR>[Called By]<UL><LI><a href="#[59]">&gt;&gt;</a>&nbsp;&nbsp;&nbsp;FW_channel_slave_send_data
<LI><a href="#[fb]">&gt;&gt;</a>&nbsp;&nbsp;&nbsp;Tos_UART_send_BD
<LI><a href="#[da]">&gt;&gt;</a>&nbsp;&nbsp;&nbsp;TB_LED_Switch
<LI><a href="#[dd]">&gt;&gt;</a>&nbsp;&nbsp;&nbsp;Tos_UART_send
<LI><a href="#[b1]">&gt;&gt;</a>&nbsp;&nbsp;&nbsp;Tos_ThinkHome_AT_Check
<LI><a href="#[b5]">&gt;&gt;</a>&nbsp;&nbsp;&nbsp;Tos_AT_HF_Deal
<LI><a href="#[ad]">&gt;&gt;</a>&nbsp;&nbsp;&nbsp;Tos_init_UART1
<LI><a href="#[e9]">&gt;&gt;</a>&nbsp;&nbsp;&nbsp;TOS_init_UART2_HBS
<LI><a href="#[83]">&gt;&gt;</a>&nbsp;&nbsp;&nbsp;Tos_Net_Restart
<LI><a href="#[f2]">&gt;&gt;</a>&nbsp;&nbsp;&nbsp;Tos_CC_AT_Check_Deal
<LI><a href="#[ec]">&gt;&gt;</a>&nbsp;&nbsp;&nbsp;Tos_Heartbeat
<LI><a href="#[d8]">&gt;&gt;</a>&nbsp;&nbsp;&nbsp;THEnd_Bell_Control
<LI><a href="#[111]">&gt;&gt;</a>&nbsp;&nbsp;&nbsp;X485_Send
<LI><a href="#[bd]">&gt;&gt;</a>&nbsp;&nbsp;&nbsp;THEnd_LED_Control
<LI><a href="#[e6]">&gt;&gt;</a>&nbsp;&nbsp;&nbsp;Timer3_Deal
</UL>

<P><STRONG><a name="[2]"></a>HardFault_Handler</STRONG> (Thumb, 2 bytes, Stack size 0 bytes, stm32f10x_it.o(i.HardFault_Handler))
<BR><BR>[Calls]<UL><LI><a href="#[2]">&gt;&gt;</a>&nbsp;&nbsp;&nbsp;HardFault_Handler
</UL>
<BR>[Called By]<UL><LI><a href="#[2]">&gt;&gt;</a>&nbsp;&nbsp;&nbsp;HardFault_Handler
</UL>
<BR>[Address Reference Count : 1]<UL><LI> startup_stm32f10x_hd.o(RESET)
</UL>
<P><STRONG><a name="[ee]"></a>Heartbeat_1s</STRONG> (Thumb, 2 bytes, Stack size 0 bytes, timer_irq.o(i.Heartbeat_1s))
<BR><BR>[Called By]<UL><LI><a href="#[e5]">&gt;&gt;</a>&nbsp;&nbsp;&nbsp;Timer2_Deal
</UL>

<P><STRONG><a name="[8e]"></a>Heartbeat_4ms</STRONG> (Thumb, 4 bytes, Stack size 0 bytes, timer_irq.o(i.Heartbeat_4ms))
<BR><BR>[Calls]<UL><LI><a href="#[8f]">&gt;&gt;</a>&nbsp;&nbsp;&nbsp;Timer1_Deal
</UL>
<BR>[Called By]<UL><LI><a href="#[e5]">&gt;&gt;</a>&nbsp;&nbsp;&nbsp;Timer2_Deal
</UL>

<P><STRONG><a name="[f4]"></a>Heartbeat_7us5</STRONG> (Thumb, 2 bytes, Stack size 0 bytes, timer_irq.o(i.Heartbeat_7us5))
<BR><BR>[Called By]<UL><LI><a href="#[e6]">&gt;&gt;</a>&nbsp;&nbsp;&nbsp;Timer3_Deal
</UL>

<P><STRONG><a name="[90]"></a>Heartbeat_7us5_Close</STRONG> (Thumb, 94 bytes, Stack size 0 bytes, tos_init.o(i.Heartbeat_7us5_Close))
<BR><BR>[Calls]<UL><LI><a href="#[91]">&gt;&gt;</a>&nbsp;&nbsp;&nbsp;TIM_TimeBaseInit
<LI><a href="#[92]">&gt;&gt;</a>&nbsp;&nbsp;&nbsp;TIM_ITConfig
<LI><a href="#[93]">&gt;&gt;</a>&nbsp;&nbsp;&nbsp;TIM_Cmd
<LI><a href="#[7e]">&gt;&gt;</a>&nbsp;&nbsp;&nbsp;RCC_APB1PeriphClockCmd
<LI><a href="#[7b]">&gt;&gt;</a>&nbsp;&nbsp;&nbsp;NVIC_Init
</UL>
<BR>[Called By]<UL><LI><a href="#[d7]">&gt;&gt;</a>&nbsp;&nbsp;&nbsp;Tos_WAN_Mode_Exchange
<LI><a href="#[b1]">&gt;&gt;</a>&nbsp;&nbsp;&nbsp;Tos_ThinkHome_AT_Check
<LI><a href="#[b3]">&gt;&gt;</a>&nbsp;&nbsp;&nbsp;TB_Key_Test_Check
</UL>

<P><STRONG><a name="[94]"></a>Heartbeat_7us5_Open</STRONG> (Thumb, 80 bytes, Stack size 0 bytes, tos_init.o(i.Heartbeat_7us5_Open))
<BR><BR>[Calls]<UL><LI><a href="#[91]">&gt;&gt;</a>&nbsp;&nbsp;&nbsp;TIM_TimeBaseInit
<LI><a href="#[92]">&gt;&gt;</a>&nbsp;&nbsp;&nbsp;TIM_ITConfig
<LI><a href="#[93]">&gt;&gt;</a>&nbsp;&nbsp;&nbsp;TIM_Cmd
<LI><a href="#[7e]">&gt;&gt;</a>&nbsp;&nbsp;&nbsp;RCC_APB1PeriphClockCmd
<LI><a href="#[7b]">&gt;&gt;</a>&nbsp;&nbsp;&nbsp;NVIC_Init
</UL>
<BR>[Called By]<UL><LI><a href="#[b1]">&gt;&gt;</a>&nbsp;&nbsp;&nbsp;Tos_ThinkHome_AT_Check
</UL>

<P><STRONG><a name="[95]"></a>IWDG_Config</STRONG> (Thumb, 34 bytes, Stack size 0 bytes, tos_init.o(i.IWDG_Config))
<BR><BR>[Calls]<UL><LI><a href="#[96]">&gt;&gt;</a>&nbsp;&nbsp;&nbsp;IWDG_WriteAccessCmd
<LI><a href="#[98]">&gt;&gt;</a>&nbsp;&nbsp;&nbsp;IWDG_SetReload
<LI><a href="#[97]">&gt;&gt;</a>&nbsp;&nbsp;&nbsp;IWDG_SetPrescaler
<LI><a href="#[99]">&gt;&gt;</a>&nbsp;&nbsp;&nbsp;IWDG_Enable
<LI><a href="#[58]">&gt;&gt;</a>&nbsp;&nbsp;&nbsp;IWDG_ReloadCounter
</UL>
<BR>[Called By]<UL><LI><a href="#[a7]">&gt;&gt;</a>&nbsp;&nbsp;&nbsp;SYS_Init
</UL>

<P><STRONG><a name="[99]"></a>IWDG_Enable</STRONG> (Thumb, 10 bytes, Stack size 0 bytes, stm32f10x_iwdg.o(i.IWDG_Enable))
<BR><BR>[Called By]<UL><LI><a href="#[95]">&gt;&gt;</a>&nbsp;&nbsp;&nbsp;IWDG_Config
</UL>

<P><STRONG><a name="[58]"></a>IWDG_ReloadCounter</STRONG> (Thumb, 10 bytes, Stack size 0 bytes, stm32f10x_iwdg.o(i.IWDG_ReloadCounter))
<BR><BR>[Called By]<UL><LI><a href="#[59]">&gt;&gt;</a>&nbsp;&nbsp;&nbsp;FW_channel_slave_send_data
<LI><a href="#[6a]">&gt;&gt;</a>&nbsp;&nbsp;&nbsp;FW_net_and_serial_download
<LI><a href="#[55]">&gt;&gt;</a>&nbsp;&nbsp;&nbsp;FW_channel_slave_download
<LI><a href="#[85]">&gt;&gt;</a>&nbsp;&nbsp;&nbsp;FW_upgrade_val_init
<LI><a href="#[8c]">&gt;&gt;</a>&nbsp;&nbsp;&nbsp;Tos_TH_Write_Flash
<LI><a href="#[88]">&gt;&gt;</a>&nbsp;&nbsp;&nbsp;Flash_Using_Reload
<LI><a href="#[e4]">&gt;&gt;</a>&nbsp;&nbsp;&nbsp;Tos_Data_Report
<LI><a href="#[80]">&gt;&gt;</a>&nbsp;&nbsp;&nbsp;FW_upgrade_check
<LI><a href="#[b1]">&gt;&gt;</a>&nbsp;&nbsp;&nbsp;Tos_ThinkHome_AT_Check
<LI><a href="#[b5]">&gt;&gt;</a>&nbsp;&nbsp;&nbsp;Tos_AT_HF_Deal
<LI><a href="#[b3]">&gt;&gt;</a>&nbsp;&nbsp;&nbsp;TB_Key_Test_Check
<LI><a href="#[84]">&gt;&gt;</a>&nbsp;&nbsp;&nbsp;FW_upgrade_init
<LI><a href="#[95]">&gt;&gt;</a>&nbsp;&nbsp;&nbsp;IWDG_Config
<LI><a href="#[83]">&gt;&gt;</a>&nbsp;&nbsp;&nbsp;Tos_Net_Restart
<LI><a href="#[b6]">&gt;&gt;</a>&nbsp;&nbsp;&nbsp;SYS_Running
<LI><a href="#[a7]">&gt;&gt;</a>&nbsp;&nbsp;&nbsp;SYS_Init
<LI><a href="#[46]">&gt;&gt;</a>&nbsp;&nbsp;&nbsp;main
<LI><a href="#[71]">&gt;&gt;</a>&nbsp;&nbsp;&nbsp;FW_receive_byte
<LI><a href="#[6b]">&gt;&gt;</a>&nbsp;&nbsp;&nbsp;FW_net_and_serial_ymodem_receive
</UL>

<P><STRONG><a name="[97]"></a>IWDG_SetPrescaler</STRONG> (Thumb, 6 bytes, Stack size 0 bytes, stm32f10x_iwdg.o(i.IWDG_SetPrescaler))
<BR><BR>[Called By]<UL><LI><a href="#[95]">&gt;&gt;</a>&nbsp;&nbsp;&nbsp;IWDG_Config
</UL>

<P><STRONG><a name="[98]"></a>IWDG_SetReload</STRONG> (Thumb, 6 bytes, Stack size 0 bytes, stm32f10x_iwdg.o(i.IWDG_SetReload))
<BR><BR>[Called By]<UL><LI><a href="#[95]">&gt;&gt;</a>&nbsp;&nbsp;&nbsp;IWDG_Config
</UL>

<P><STRONG><a name="[96]"></a>IWDG_WriteAccessCmd</STRONG> (Thumb, 6 bytes, Stack size 0 bytes, stm32f10x_iwdg.o(i.IWDG_WriteAccessCmd))
<BR><BR>[Called By]<UL><LI><a href="#[95]">&gt;&gt;</a>&nbsp;&nbsp;&nbsp;IWDG_Config
</UL>

<P><STRONG><a name="[9a]"></a>Init</STRONG> (Thumb, 4 bytes, Stack size 0 bytes, init.o(i.Init))
<BR><BR>[Calls]<UL><LI><a href="#[9b]">&gt;&gt;</a>&nbsp;&nbsp;&nbsp;init_UART2
</UL>
<BR>[Called By]<UL><LI><a href="#[46]">&gt;&gt;</a>&nbsp;&nbsp;&nbsp;main
</UL>

<P><STRONG><a name="[3]"></a>MemManage_Handler</STRONG> (Thumb, 2 bytes, Stack size 0 bytes, stm32f10x_it.o(i.MemManage_Handler))
<BR><BR>[Calls]<UL><LI><a href="#[3]">&gt;&gt;</a>&nbsp;&nbsp;&nbsp;MemManage_Handler
</UL>
<BR>[Called By]<UL><LI><a href="#[3]">&gt;&gt;</a>&nbsp;&nbsp;&nbsp;MemManage_Handler
</UL>
<BR>[Address Reference Count : 1]<UL><LI> startup_stm32f10x_hd.o(RESET)
</UL>
<P><STRONG><a name="[1]"></a>NMI_Handler</STRONG> (Thumb, 2 bytes, Stack size 0 bytes, stm32f10x_it.o(i.NMI_Handler))
<BR>[Address Reference Count : 1]<UL><LI> startup_stm32f10x_hd.o(RESET)
</UL>
<P><STRONG><a name="[7b]"></a>NVIC_Init</STRONG> (Thumb, 90 bytes, Stack size 0 bytes, misc.o(i.NVIC_Init))
<BR><BR>[Called By]<UL><LI><a href="#[7d]">&gt;&gt;</a>&nbsp;&nbsp;&nbsp;FW_uart_serial_init_config_IRQ
<LI><a href="#[74]">&gt;&gt;</a>&nbsp;&nbsp;&nbsp;FW_uart_net_init_config_IRQ
<LI><a href="#[af]">&gt;&gt;</a>&nbsp;&nbsp;&nbsp;Tos_init_UART3_AT
<LI><a href="#[ad]">&gt;&gt;</a>&nbsp;&nbsp;&nbsp;Tos_init_UART1
<LI><a href="#[b0]">&gt;&gt;</a>&nbsp;&nbsp;&nbsp;Tos_init_Timer2
<LI><a href="#[ae]">&gt;&gt;</a>&nbsp;&nbsp;&nbsp;TOS_init_UART2_AT
<LI><a href="#[94]">&gt;&gt;</a>&nbsp;&nbsp;&nbsp;Heartbeat_7us5_Open
<LI><a href="#[90]">&gt;&gt;</a>&nbsp;&nbsp;&nbsp;Heartbeat_7us5_Close
<LI><a href="#[9b]">&gt;&gt;</a>&nbsp;&nbsp;&nbsp;init_UART2
</UL>

<P><STRONG><a name="[a9]"></a>NVIC_PriorityGroupConfig</STRONG> (Thumb, 10 bytes, Stack size 0 bytes, misc.o(i.NVIC_PriorityGroupConfig))
<BR><BR>[Called By]<UL><LI><a href="#[a7]">&gt;&gt;</a>&nbsp;&nbsp;&nbsp;SYS_Init
</UL>

<P><STRONG><a name="[a8]"></a>NVIC_SetVectorTable</STRONG> (Thumb, 12 bytes, Stack size 0 bytes, misc.o(i.NVIC_SetVectorTable))
<BR><BR>[Called By]<UL><LI><a href="#[a7]">&gt;&gt;</a>&nbsp;&nbsp;&nbsp;SYS_Init
</UL>

<P><STRONG><a name="[8]"></a>PendSV_Handler</STRONG> (Thumb, 2 bytes, Stack size 0 bytes, stm32f10x_it.o(i.PendSV_Handler))
<BR>[Address Reference Count : 1]<UL><LI> startup_stm32f10x_hd.o(RESET)
</UL>
<P><STRONG><a name="[106]"></a>QueueAdd</STRONG> (Thumb, 58 bytes, Stack size 0 bytes, seqqueue.o(i.QueueAdd))
<BR><BR>[Called By]<UL><LI><a href="#[105]">&gt;&gt;</a>&nbsp;&nbsp;&nbsp;UART2_DATA_GET
</UL>

<P><STRONG><a name="[114]"></a>QueueDelete</STRONG> (Thumb, 52 bytes, Stack size 0 bytes, seqqueue.o(i.QueueDelete))
<BR><BR>[Called By]<UL><LI><a href="#[112]">&gt;&gt;</a>&nbsp;&nbsp;&nbsp;X232_CM_Data_Feedback
<LI><a href="#[118]">&gt;&gt;</a>&nbsp;&nbsp;&nbsp;X232_Instr_Deal
</UL>

<P><STRONG><a name="[119]"></a>QueueInit</STRONG> (Thumb, 22 bytes, Stack size 0 bytes, seqqueue.o(i.QueueInit))
<BR><BR>[Called By]<UL><LI><a href="#[9b]">&gt;&gt;</a>&nbsp;&nbsp;&nbsp;init_UART2
</UL>

<P><STRONG><a name="[113]"></a>QueueNotEmpty</STRONG> (Thumb, 14 bytes, Stack size 0 bytes, seqqueue.o(i.QueueNotEmpty))
<BR><BR>[Called By]<UL><LI><a href="#[112]">&gt;&gt;</a>&nbsp;&nbsp;&nbsp;X232_CM_Data_Feedback
</UL>

<P><STRONG><a name="[7e]"></a>RCC_APB1PeriphClockCmd</STRONG> (Thumb, 18 bytes, Stack size 0 bytes, stm32f10x_rcc.o(i.RCC_APB1PeriphClockCmd))
<BR><BR>[Called By]<UL><LI><a href="#[7f]">&gt;&gt;</a>&nbsp;&nbsp;&nbsp;FW_uart_serial_init_config_noIRQ
<LI><a href="#[7d]">&gt;&gt;</a>&nbsp;&nbsp;&nbsp;FW_uart_serial_init_config_IRQ
<LI><a href="#[af]">&gt;&gt;</a>&nbsp;&nbsp;&nbsp;Tos_init_UART3_AT
<LI><a href="#[b0]">&gt;&gt;</a>&nbsp;&nbsp;&nbsp;Tos_init_Timer2
<LI><a href="#[ae]">&gt;&gt;</a>&nbsp;&nbsp;&nbsp;TOS_init_UART2_AT
<LI><a href="#[94]">&gt;&gt;</a>&nbsp;&nbsp;&nbsp;Heartbeat_7us5_Open
<LI><a href="#[90]">&gt;&gt;</a>&nbsp;&nbsp;&nbsp;Heartbeat_7us5_Close
<LI><a href="#[9b]">&gt;&gt;</a>&nbsp;&nbsp;&nbsp;init_UART2
</UL>

<P><STRONG><a name="[e8]"></a>RCC_APB1PeriphResetCmd</STRONG> (Thumb, 18 bytes, Stack size 0 bytes, stm32f10x_rcc.o(i.RCC_APB1PeriphResetCmd))
<BR><BR>[Called By]<UL><LI><a href="#[76]">&gt;&gt;</a>&nbsp;&nbsp;&nbsp;USART_DeInit
<LI><a href="#[e7]">&gt;&gt;</a>&nbsp;&nbsp;&nbsp;TIM_DeInit
</UL>

<P><STRONG><a name="[63]"></a>RCC_APB2PeriphClockCmd</STRONG> (Thumb, 18 bytes, Stack size 0 bytes, stm32f10x_rcc.o(i.RCC_APB2PeriphClockCmd))
<BR><BR>[Called By]<UL><LI><a href="#[7f]">&gt;&gt;</a>&nbsp;&nbsp;&nbsp;FW_uart_serial_init_config_noIRQ
<LI><a href="#[7d]">&gt;&gt;</a>&nbsp;&nbsp;&nbsp;FW_uart_serial_init_config_IRQ
<LI><a href="#[7c]">&gt;&gt;</a>&nbsp;&nbsp;&nbsp;FW_uart_net_init_config_noIRQ
<LI><a href="#[74]">&gt;&gt;</a>&nbsp;&nbsp;&nbsp;FW_uart_net_init_config_IRQ
<LI><a href="#[b2]">&gt;&gt;</a>&nbsp;&nbsp;&nbsp;TB_Key_Init
<LI><a href="#[af]">&gt;&gt;</a>&nbsp;&nbsp;&nbsp;Tos_init_UART3_AT
<LI><a href="#[ad]">&gt;&gt;</a>&nbsp;&nbsp;&nbsp;Tos_init_UART1
<LI><a href="#[ab]">&gt;&gt;</a>&nbsp;&nbsp;&nbsp;Tos_init_LED
<LI><a href="#[ae]">&gt;&gt;</a>&nbsp;&nbsp;&nbsp;TOS_init_UART2_AT
<LI><a href="#[9b]">&gt;&gt;</a>&nbsp;&nbsp;&nbsp;init_UART2
<LI><a href="#[a7]">&gt;&gt;</a>&nbsp;&nbsp;&nbsp;SYS_Init
<LI><a href="#[61]">&gt;&gt;</a>&nbsp;&nbsp;&nbsp;FW_close_IRQHard
</UL>

<P><STRONG><a name="[8d]"></a>RCC_APB2PeriphResetCmd</STRONG> (Thumb, 18 bytes, Stack size 0 bytes, stm32f10x_rcc.o(i.RCC_APB2PeriphResetCmd))
<BR><BR>[Called By]<UL><LI><a href="#[62]">&gt;&gt;</a>&nbsp;&nbsp;&nbsp;GPIO_DeInit
<LI><a href="#[76]">&gt;&gt;</a>&nbsp;&nbsp;&nbsp;USART_DeInit
<LI><a href="#[e7]">&gt;&gt;</a>&nbsp;&nbsp;&nbsp;TIM_DeInit
</UL>

<P><STRONG><a name="[9f]"></a>RCC_DeInit</STRONG> (Thumb, 50 bytes, Stack size 0 bytes, stm32f10x_rcc.o(i.RCC_DeInit))
<BR><BR>[Called By]<UL><LI><a href="#[9e]">&gt;&gt;</a>&nbsp;&nbsp;&nbsp;RCC_init
</UL>

<P><STRONG><a name="[10f]"></a>RCC_GetClocksFreq</STRONG> (Thumb, 130 bytes, Stack size 0 bytes, stm32f10x_rcc.o(i.RCC_GetClocksFreq))
<BR><BR>[Called By]<UL><LI><a href="#[77]">&gt;&gt;</a>&nbsp;&nbsp;&nbsp;USART_Init
</UL>

<P><STRONG><a name="[9d]"></a>RCC_GetFlagStatus</STRONG> (Thumb, 44 bytes, Stack size 0 bytes, stm32f10x_rcc.o(i.RCC_GetFlagStatus))
<BR><BR>[Called By]<UL><LI><a href="#[9c]">&gt;&gt;</a>&nbsp;&nbsp;&nbsp;RCC_WaitForHSEStartUp
<LI><a href="#[9e]">&gt;&gt;</a>&nbsp;&nbsp;&nbsp;RCC_init
</UL>

<P><STRONG><a name="[a3]"></a>RCC_HCLKConfig</STRONG> (Thumb, 14 bytes, Stack size 0 bytes, stm32f10x_rcc.o(i.RCC_HCLKConfig))
<BR><BR>[Called By]<UL><LI><a href="#[9e]">&gt;&gt;</a>&nbsp;&nbsp;&nbsp;RCC_init
</UL>

<P><STRONG><a name="[a0]"></a>RCC_HSEConfig</STRONG> (Thumb, 48 bytes, Stack size 0 bytes, stm32f10x_rcc.o(i.RCC_HSEConfig))
<BR><BR>[Called By]<UL><LI><a href="#[9e]">&gt;&gt;</a>&nbsp;&nbsp;&nbsp;RCC_init
</UL>

<P><STRONG><a name="[a5]"></a>RCC_PCLK1Config</STRONG> (Thumb, 14 bytes, Stack size 0 bytes, stm32f10x_rcc.o(i.RCC_PCLK1Config))
<BR><BR>[Called By]<UL><LI><a href="#[9e]">&gt;&gt;</a>&nbsp;&nbsp;&nbsp;RCC_init
</UL>

<P><STRONG><a name="[a4]"></a>RCC_PCLK2Config</STRONG> (Thumb, 16 bytes, Stack size 0 bytes, stm32f10x_rcc.o(i.RCC_PCLK2Config))
<BR><BR>[Called By]<UL><LI><a href="#[9e]">&gt;&gt;</a>&nbsp;&nbsp;&nbsp;RCC_init
</UL>

<P><STRONG><a name="[a2]"></a>RCC_PLLCmd</STRONG> (Thumb, 6 bytes, Stack size 0 bytes, stm32f10x_rcc.o(i.RCC_PLLCmd))
<BR><BR>[Called By]<UL><LI><a href="#[9e]">&gt;&gt;</a>&nbsp;&nbsp;&nbsp;RCC_init
</UL>

<P><STRONG><a name="[a1]"></a>RCC_PLLConfig</STRONG> (Thumb, 16 bytes, Stack size 0 bytes, stm32f10x_rcc.o(i.RCC_PLLConfig))
<BR><BR>[Called By]<UL><LI><a href="#[9e]">&gt;&gt;</a>&nbsp;&nbsp;&nbsp;RCC_init
</UL>

<P><STRONG><a name="[a6]"></a>RCC_SYSCLKConfig</STRONG> (Thumb, 14 bytes, Stack size 0 bytes, stm32f10x_rcc.o(i.RCC_SYSCLKConfig))
<BR><BR>[Called By]<UL><LI><a href="#[9e]">&gt;&gt;</a>&nbsp;&nbsp;&nbsp;RCC_init
</UL>

<P><STRONG><a name="[9c]"></a>RCC_WaitForHSEStartUp</STRONG> (Thumb, 44 bytes, Stack size 0 bytes, stm32f10x_rcc.o(i.RCC_WaitForHSEStartUp))
<BR><BR>[Calls]<UL><LI><a href="#[9d]">&gt;&gt;</a>&nbsp;&nbsp;&nbsp;RCC_GetFlagStatus
</UL>
<BR>[Called By]<UL><LI><a href="#[9e]">&gt;&gt;</a>&nbsp;&nbsp;&nbsp;RCC_init
</UL>

<P><STRONG><a name="[9e]"></a>RCC_init</STRONG> (Thumb, 78 bytes, Stack size 0 bytes, tos_init.o(i.RCC_init))
<BR><BR>[Calls]<UL><LI><a href="#[9c]">&gt;&gt;</a>&nbsp;&nbsp;&nbsp;RCC_WaitForHSEStartUp
<LI><a href="#[a6]">&gt;&gt;</a>&nbsp;&nbsp;&nbsp;RCC_SYSCLKConfig
<LI><a href="#[a1]">&gt;&gt;</a>&nbsp;&nbsp;&nbsp;RCC_PLLConfig
<LI><a href="#[a2]">&gt;&gt;</a>&nbsp;&nbsp;&nbsp;RCC_PLLCmd
<LI><a href="#[a4]">&gt;&gt;</a>&nbsp;&nbsp;&nbsp;RCC_PCLK2Config
<LI><a href="#[a5]">&gt;&gt;</a>&nbsp;&nbsp;&nbsp;RCC_PCLK1Config
<LI><a href="#[a0]">&gt;&gt;</a>&nbsp;&nbsp;&nbsp;RCC_HSEConfig
<LI><a href="#[a3]">&gt;&gt;</a>&nbsp;&nbsp;&nbsp;RCC_HCLKConfig
<LI><a href="#[9d]">&gt;&gt;</a>&nbsp;&nbsp;&nbsp;RCC_GetFlagStatus
<LI><a href="#[9f]">&gt;&gt;</a>&nbsp;&nbsp;&nbsp;RCC_DeInit
</UL>
<BR>[Called By]<UL><LI><a href="#[a7]">&gt;&gt;</a>&nbsp;&nbsp;&nbsp;SYS_Init
</UL>

<P><STRONG><a name="[6]"></a>SVC_Handler</STRONG> (Thumb, 2 bytes, Stack size 0 bytes, stm32f10x_it.o(i.SVC_Handler))
<BR>[Address Reference Count : 1]<UL><LI> startup_stm32f10x_hd.o(RESET)
</UL>
<P><STRONG><a name="[a7]"></a>SYS_Init</STRONG> (Thumb, 132 bytes, Stack size 0 bytes, tos_init.o(i.SYS_Init))
<BR><BR>[Calls]<UL><LI><a href="#[b1]">&gt;&gt;</a>&nbsp;&nbsp;&nbsp;Tos_ThinkHome_AT_Check
<LI><a href="#[b5]">&gt;&gt;</a>&nbsp;&nbsp;&nbsp;Tos_AT_HF_Deal
<LI><a href="#[b3]">&gt;&gt;</a>&nbsp;&nbsp;&nbsp;TB_Key_Test_Check
<LI><a href="#[b2]">&gt;&gt;</a>&nbsp;&nbsp;&nbsp;TB_Key_Init
<LI><a href="#[a8]">&gt;&gt;</a>&nbsp;&nbsp;&nbsp;NVIC_SetVectorTable
<LI><a href="#[a9]">&gt;&gt;</a>&nbsp;&nbsp;&nbsp;NVIC_PriorityGroupConfig
<LI><a href="#[84]">&gt;&gt;</a>&nbsp;&nbsp;&nbsp;FW_upgrade_init
<LI><a href="#[ac]">&gt;&gt;</a>&nbsp;&nbsp;&nbsp;Tos_init_variable
<LI><a href="#[af]">&gt;&gt;</a>&nbsp;&nbsp;&nbsp;Tos_init_UART3_AT
<LI><a href="#[ad]">&gt;&gt;</a>&nbsp;&nbsp;&nbsp;Tos_init_UART1
<LI><a href="#[b0]">&gt;&gt;</a>&nbsp;&nbsp;&nbsp;Tos_init_Timer2
<LI><a href="#[b4]">&gt;&gt;</a>&nbsp;&nbsp;&nbsp;Tos_init_Mode
<LI><a href="#[ab]">&gt;&gt;</a>&nbsp;&nbsp;&nbsp;Tos_init_LED
<LI><a href="#[ae]">&gt;&gt;</a>&nbsp;&nbsp;&nbsp;TOS_init_UART2_AT
<LI><a href="#[9e]">&gt;&gt;</a>&nbsp;&nbsp;&nbsp;RCC_init
<LI><a href="#[95]">&gt;&gt;</a>&nbsp;&nbsp;&nbsp;IWDG_Config
<LI><a href="#[aa]">&gt;&gt;</a>&nbsp;&nbsp;&nbsp;Tos_Refresh_ID
<LI><a href="#[63]">&gt;&gt;</a>&nbsp;&nbsp;&nbsp;RCC_APB2PeriphClockCmd
<LI><a href="#[4e]">&gt;&gt;</a>&nbsp;&nbsp;&nbsp;END_Early_Init
<LI><a href="#[58]">&gt;&gt;</a>&nbsp;&nbsp;&nbsp;IWDG_ReloadCounter
</UL>
<BR>[Called By]<UL><LI><a href="#[46]">&gt;&gt;</a>&nbsp;&nbsp;&nbsp;main
</UL>

<P><STRONG><a name="[b6]"></a>SYS_Running</STRONG> (Thumb, 180 bytes, Stack size 0 bytes, tos_sys_deal.o(i.SYS_Running))
<BR><BR>[Calls]<UL><LI><a href="#[b7]">&gt;&gt;</a>&nbsp;&nbsp;&nbsp;Tos_ZNE_process
<LI><a href="#[b8]">&gt;&gt;</a>&nbsp;&nbsp;&nbsp;Tos_Report_All
<LI><a href="#[4d]">&gt;&gt;</a>&nbsp;&nbsp;&nbsp;THNet_System_Report
<LI><a href="#[b9]">&gt;&gt;</a>&nbsp;&nbsp;&nbsp;TB_Key_Running
<LI><a href="#[80]">&gt;&gt;</a>&nbsp;&nbsp;&nbsp;FW_upgrade_check
<LI><a href="#[58]">&gt;&gt;</a>&nbsp;&nbsp;&nbsp;IWDG_ReloadCounter
</UL>
<BR>[Called By]<UL><LI><a href="#[46]">&gt;&gt;</a>&nbsp;&nbsp;&nbsp;main
</UL>

<P><STRONG><a name="[9]"></a>SysTick_Handler</STRONG> (Thumb, 2 bytes, Stack size 0 bytes, stm32f10x_it.o(i.SysTick_Handler))
<BR>[Address Reference Count : 1]<UL><LI> startup_stm32f10x_hd.o(RESET)
</UL>
<P><STRONG><a name="[47]"></a>SystemInit</STRONG> (Thumb, 52 bytes, Stack size 0 bytes, system_stm32f10x.o(i.SystemInit))
<BR><BR>[Calls]<UL><LI><a href="#[ba]">&gt;&gt;</a>&nbsp;&nbsp;&nbsp;SetSysClockTo72
</UL>
<BR>[Address Reference Count : 1]<UL><LI> startup_stm32f10x_hd.o(.text)
</UL>
<P><STRONG><a name="[bb]"></a>TB_Alarm_Blink_Control</STRONG> (Thumb, 58 bytes, Stack size 0 bytes, tb_key_led_deal.o(i.TB_Alarm_Blink_Control))
<BR><BR>[Calls]<UL><LI><a href="#[bc]">&gt;&gt;</a>&nbsp;&nbsp;&nbsp;TB_All_LED_Action
</UL>
<BR>[Called By]<UL><LI><a href="#[d2]">&gt;&gt;</a>&nbsp;&nbsp;&nbsp;TB_Timer_Key_Deal
<LI><a href="#[ca]">&gt;&gt;</a>&nbsp;&nbsp;&nbsp;TB_Key_beat_Deal
<LI><a href="#[cc]">&gt;&gt;</a>&nbsp;&nbsp;&nbsp;TB_Key_Set_Deal
<LI><a href="#[df]">&gt;&gt;</a>&nbsp;&nbsp;&nbsp;TB_WKey_Action_Deal
</UL>

<P><STRONG><a name="[bc]"></a>TB_All_LED_Action</STRONG> (Thumb, 64 bytes, Stack size 0 bytes, tb_key_led_deal.o(i.TB_All_LED_Action))
<BR><BR>[Calls]<UL><LI><a href="#[bd]">&gt;&gt;</a>&nbsp;&nbsp;&nbsp;THEnd_LED_Control
</UL>
<BR>[Called By]<UL><LI><a href="#[bb]">&gt;&gt;</a>&nbsp;&nbsp;&nbsp;TB_Alarm_Blink_Control
</UL>

<P><STRONG><a name="[be]"></a>TB_Key_Bind_Flash_Get</STRONG> (Thumb, 48 bytes, Stack size 0 bytes, tb_key_set_deal.o(i.TB_Key_Bind_Flash_Get))
<BR><BR>[Calls]<UL><LI><a href="#[86]">&gt;&gt;</a>&nbsp;&nbsp;&nbsp;Flash_Read
</UL>
<BR>[Called By]<UL><LI><a href="#[df]">&gt;&gt;</a>&nbsp;&nbsp;&nbsp;TB_WKey_Action_Deal
</UL>

<P><STRONG><a name="[bf]"></a>TB_Key_Bind_Flash_Set</STRONG> (Thumb, 46 bytes, Stack size 0 bytes, tb_key_set_deal.o(i.TB_Key_Bind_Flash_Set))
<BR><BR>[Calls]<UL><LI><a href="#[8b]">&gt;&gt;</a>&nbsp;&nbsp;&nbsp;Flash_Write
</UL>
<BR>[Called By]<UL><LI><a href="#[cc]">&gt;&gt;</a>&nbsp;&nbsp;&nbsp;TB_Key_Set_Deal
<LI><a href="#[df]">&gt;&gt;</a>&nbsp;&nbsp;&nbsp;TB_WKey_Action_Deal
</UL>

<P><STRONG><a name="[c0]"></a>TB_Key_Check</STRONG> (Thumb, 28 bytes, Stack size 0 bytes, tb_key_deal.o(i.TB_Key_Check))
<BR><BR>[Calls]<UL><LI><a href="#[c1]">&gt;&gt;</a>&nbsp;&nbsp;&nbsp;TB_Key_Deal
</UL>
<BR>[Called By]<UL><LI><a href="#[b9]">&gt;&gt;</a>&nbsp;&nbsp;&nbsp;TB_Key_Running
</UL>

<P><STRONG><a name="[c1]"></a>TB_Key_Deal</STRONG> (Thumb, 112 bytes, Stack size 0 bytes, tb_key_deal.o(i.TB_Key_Deal))
<BR><BR>[Calls]<UL><LI><a href="#[c2]">&gt;&gt;</a>&nbsp;&nbsp;&nbsp;GPIO_ReadInputDataBit
<LI><a href="#[c3]">&gt;&gt;</a>&nbsp;&nbsp;&nbsp;THNet_Status_Report
</UL>
<BR>[Called By]<UL><LI><a href="#[c0]">&gt;&gt;</a>&nbsp;&nbsp;&nbsp;TB_Key_Check
</UL>

<P><STRONG><a name="[b2]"></a>TB_Key_Init</STRONG> (Thumb, 34 bytes, Stack size 0 bytes, tb_key_init.o(i.TB_Key_Init))
<BR><BR>[Calls]<UL><LI><a href="#[c7]">&gt;&gt;</a>&nbsp;&nbsp;&nbsp;TB_Key_init_Led
<LI><a href="#[c6]">&gt;&gt;</a>&nbsp;&nbsp;&nbsp;TB_Key_init_Key
<LI><a href="#[c5]">&gt;&gt;</a>&nbsp;&nbsp;&nbsp;TB_Key_init_Bell
<LI><a href="#[c4]">&gt;&gt;</a>&nbsp;&nbsp;&nbsp;GPIO_PinRemapConfig
<LI><a href="#[63]">&gt;&gt;</a>&nbsp;&nbsp;&nbsp;RCC_APB2PeriphClockCmd
</UL>
<BR>[Called By]<UL><LI><a href="#[a7]">&gt;&gt;</a>&nbsp;&nbsp;&nbsp;SYS_Init
</UL>

<P><STRONG><a name="[b9]"></a>TB_Key_Running</STRONG> (Thumb, 114 bytes, Stack size 0 bytes, tb_key_sys_deal.o(i.TB_Key_Running))
<BR><BR>[Calls]<UL><LI><a href="#[cb]">&gt;&gt;</a>&nbsp;&nbsp;&nbsp;TB_WKey_beat_Deal
<LI><a href="#[c8]">&gt;&gt;</a>&nbsp;&nbsp;&nbsp;TB_UART_PWR_Instr_Deal
<LI><a href="#[ca]">&gt;&gt;</a>&nbsp;&nbsp;&nbsp;TB_Key_beat_Deal
<LI><a href="#[c0]">&gt;&gt;</a>&nbsp;&nbsp;&nbsp;TB_Key_Check
<LI><a href="#[c9]">&gt;&gt;</a>&nbsp;&nbsp;&nbsp;TB_Key_Scan
</UL>
<BR>[Called By]<UL><LI><a href="#[b6]">&gt;&gt;</a>&nbsp;&nbsp;&nbsp;SYS_Running
</UL>

<P><STRONG><a name="[c9]"></a>TB_Key_Scan</STRONG> (Thumb, 616 bytes, Stack size 0 bytes, tb_key_deal.o(i.TB_Key_Scan))
<BR><BR>[Calls]<UL><LI><a href="#[c2]">&gt;&gt;</a>&nbsp;&nbsp;&nbsp;GPIO_ReadInputDataBit
</UL>
<BR>[Called By]<UL><LI><a href="#[c6]">&gt;&gt;</a>&nbsp;&nbsp;&nbsp;TB_Key_init_Key
<LI><a href="#[b9]">&gt;&gt;</a>&nbsp;&nbsp;&nbsp;TB_Key_Running
<LI><a href="#[b3]">&gt;&gt;</a>&nbsp;&nbsp;&nbsp;TB_Key_Test_Check
</UL>

<P><STRONG><a name="[cc]"></a>TB_Key_Set_Deal</STRONG> (Thumb, 440 bytes, Stack size 0 bytes, tb_key_set_deal.o(i.TB_Key_Set_Deal))
<BR><BR>[Calls]<UL><LI><a href="#[ce]">&gt;&gt;</a>&nbsp;&nbsp;&nbsp;TB_WKey_Flash_Set
<LI><a href="#[bf]">&gt;&gt;</a>&nbsp;&nbsp;&nbsp;TB_Key_Bind_Flash_Set
<LI><a href="#[bb]">&gt;&gt;</a>&nbsp;&nbsp;&nbsp;TB_Alarm_Blink_Control
<LI><a href="#[cf]">&gt;&gt;</a>&nbsp;&nbsp;&nbsp;THNet_Set_Report
<LI><a href="#[cd]">&gt;&gt;</a>&nbsp;&nbsp;&nbsp;THEnd_Key_Bind_Deal
</UL>
<BR>[Called By]<UL><LI><a href="#[b7]">&gt;&gt;</a>&nbsp;&nbsp;&nbsp;Tos_ZNE_process
</UL>

<P><STRONG><a name="[b3]"></a>TB_Key_Test_Check</STRONG> (Thumb, 108 bytes, Stack size 0 bytes, tb_test_key_deal.o(i.TB_Key_Test_Check))
<BR><BR>[Calls]<UL><LI><a href="#[d0]">&gt;&gt;</a>&nbsp;&nbsp;&nbsp;TB_Test_Key_Check
<LI><a href="#[c9]">&gt;&gt;</a>&nbsp;&nbsp;&nbsp;TB_Key_Scan
<LI><a href="#[90]">&gt;&gt;</a>&nbsp;&nbsp;&nbsp;Heartbeat_7us5_Close
<LI><a href="#[bd]">&gt;&gt;</a>&nbsp;&nbsp;&nbsp;THEnd_LED_Control
<LI><a href="#[58]">&gt;&gt;</a>&nbsp;&nbsp;&nbsp;IWDG_ReloadCounter
</UL>
<BR>[Called By]<UL><LI><a href="#[a7]">&gt;&gt;</a>&nbsp;&nbsp;&nbsp;SYS_Init
</UL>

<P><STRONG><a name="[d1]"></a>TB_Key_Timer_Deal</STRONG> (Thumb, 22 bytes, Stack size 0 bytes, tb_key_timer.o(i.TB_Key_Timer_Deal))
<BR><BR>[Calls]<UL><LI><a href="#[d4]">&gt;&gt;</a>&nbsp;&nbsp;&nbsp;TB_Timer_UART3_Deal
<LI><a href="#[d3]">&gt;&gt;</a>&nbsp;&nbsp;&nbsp;TB_Timer_Keyboard_LED_Deal
<LI><a href="#[d2]">&gt;&gt;</a>&nbsp;&nbsp;&nbsp;TB_Timer_Key_Deal
<LI><a href="#[d5]">&gt;&gt;</a>&nbsp;&nbsp;&nbsp;TB_Timer_Bell_Ring
</UL>
<BR>[Called By]<UL><LI><a href="#[e5]">&gt;&gt;</a>&nbsp;&nbsp;&nbsp;Timer2_Deal
</UL>

<P><STRONG><a name="[ca]"></a>TB_Key_beat_Deal</STRONG> (Thumb, 216 bytes, Stack size 0 bytes, tb_key_beat_deal.o(i.TB_Key_beat_Deal))
<BR><BR>[Calls]<UL><LI><a href="#[d7]">&gt;&gt;</a>&nbsp;&nbsp;&nbsp;Tos_WAN_Mode_Exchange
<LI><a href="#[bb]">&gt;&gt;</a>&nbsp;&nbsp;&nbsp;TB_Alarm_Blink_Control
<LI><a href="#[d6]">&gt;&gt;</a>&nbsp;&nbsp;&nbsp;THEnd_Key_Action_Deal
<LI><a href="#[bd]">&gt;&gt;</a>&nbsp;&nbsp;&nbsp;THEnd_LED_Control
</UL>
<BR>[Called By]<UL><LI><a href="#[b9]">&gt;&gt;</a>&nbsp;&nbsp;&nbsp;TB_Key_Running
</UL>

<P><STRONG><a name="[c5]"></a>TB_Key_init_Bell</STRONG> (Thumb, 46 bytes, Stack size 0 bytes, tb_key_init.o(i.TB_Key_init_Bell))
<BR><BR>[Calls]<UL><LI><a href="#[d8]">&gt;&gt;</a>&nbsp;&nbsp;&nbsp;THEnd_Bell_Control
<LI><a href="#[75]">&gt;&gt;</a>&nbsp;&nbsp;&nbsp;GPIO_Init
</UL>
<BR>[Called By]<UL><LI><a href="#[b2]">&gt;&gt;</a>&nbsp;&nbsp;&nbsp;TB_Key_Init
</UL>

<P><STRONG><a name="[c6]"></a>TB_Key_init_Key</STRONG> (Thumb, 338 bytes, Stack size 0 bytes, tb_key_init.o(i.TB_Key_init_Key))
<BR><BR>[Calls]<UL><LI><a href="#[d9]">&gt;&gt;</a>&nbsp;&nbsp;&nbsp;TB_WKey_Flash_Get
<LI><a href="#[c9]">&gt;&gt;</a>&nbsp;&nbsp;&nbsp;TB_Key_Scan
<LI><a href="#[75]">&gt;&gt;</a>&nbsp;&nbsp;&nbsp;GPIO_Init
</UL>
<BR>[Called By]<UL><LI><a href="#[b2]">&gt;&gt;</a>&nbsp;&nbsp;&nbsp;TB_Key_Init
</UL>

<P><STRONG><a name="[c7]"></a>TB_Key_init_Led</STRONG> (Thumb, 92 bytes, Stack size 0 bytes, tb_key_init.o(i.TB_Key_init_Led))
<BR><BR>[Calls]<UL><LI><a href="#[bd]">&gt;&gt;</a>&nbsp;&nbsp;&nbsp;THEnd_LED_Control
<LI><a href="#[75]">&gt;&gt;</a>&nbsp;&nbsp;&nbsp;GPIO_Init
</UL>
<BR>[Called By]<UL><LI><a href="#[b2]">&gt;&gt;</a>&nbsp;&nbsp;&nbsp;TB_Key_Init
</UL>

<P><STRONG><a name="[da]"></a>TB_LED_Switch</STRONG> (Thumb, 400 bytes, Stack size 0 bytes, tb_key_led_deal.o(i.TB_LED_Switch))
<BR><BR>[Calls]<UL><LI><a href="#[db]">&gt;&gt;</a>&nbsp;&nbsp;&nbsp;GPIO_ReadOutputDataBit
<LI><a href="#[5a]">&gt;&gt;</a>&nbsp;&nbsp;&nbsp;GPIO_SetBits
<LI><a href="#[5e]">&gt;&gt;</a>&nbsp;&nbsp;&nbsp;GPIO_ResetBits
</UL>
<BR>[Called By]<UL><LI><a href="#[dc]">&gt;&gt;</a>&nbsp;&nbsp;&nbsp;TB_Test_Key_Deal
</UL>

<P><STRONG><a name="[d0]"></a>TB_Test_Key_Check</STRONG> (Thumb, 28 bytes, Stack size 0 bytes, tb_test_key_deal.o(i.TB_Test_Key_Check))
<BR><BR>[Calls]<UL><LI><a href="#[dc]">&gt;&gt;</a>&nbsp;&nbsp;&nbsp;TB_Test_Key_Deal
</UL>
<BR>[Called By]<UL><LI><a href="#[b3]">&gt;&gt;</a>&nbsp;&nbsp;&nbsp;TB_Key_Test_Check
</UL>

<P><STRONG><a name="[dc]"></a>TB_Test_Key_Deal</STRONG> (Thumb, 138 bytes, Stack size 0 bytes, tb_test_key_deal.o(i.TB_Test_Key_Deal))
<BR><BR>[Calls]<UL><LI><a href="#[da]">&gt;&gt;</a>&nbsp;&nbsp;&nbsp;TB_LED_Switch
<LI><a href="#[dd]">&gt;&gt;</a>&nbsp;&nbsp;&nbsp;Tos_UART_send
</UL>
<BR>[Called By]<UL><LI><a href="#[d0]">&gt;&gt;</a>&nbsp;&nbsp;&nbsp;TB_Test_Key_Check
</UL>

<P><STRONG><a name="[d5]"></a>TB_Timer_Bell_Ring</STRONG> (Thumb, 48 bytes, Stack size 0 bytes, tb_key_timer.o(i.TB_Timer_Bell_Ring))
<BR><BR>[Calls]<UL><LI><a href="#[5e]">&gt;&gt;</a>&nbsp;&nbsp;&nbsp;GPIO_ResetBits
</UL>
<BR>[Called By]<UL><LI><a href="#[d1]">&gt;&gt;</a>&nbsp;&nbsp;&nbsp;TB_Key_Timer_Deal
</UL>

<P><STRONG><a name="[d2]"></a>TB_Timer_Key_Deal</STRONG> (Thumb, 154 bytes, Stack size 0 bytes, tb_key_timer.o(i.TB_Timer_Key_Deal))
<BR><BR>[Calls]<UL><LI><a href="#[bb]">&gt;&gt;</a>&nbsp;&nbsp;&nbsp;TB_Alarm_Blink_Control
</UL>
<BR>[Called By]<UL><LI><a href="#[d1]">&gt;&gt;</a>&nbsp;&nbsp;&nbsp;TB_Key_Timer_Deal
</UL>

<P><STRONG><a name="[d3]"></a>TB_Timer_Keyboard_LED_Deal</STRONG> (Thumb, 120 bytes, Stack size 0 bytes, tb_key_timer.o(i.TB_Timer_Keyboard_LED_Deal))
<BR><BR>[Calls]<UL><LI><a href="#[bd]">&gt;&gt;</a>&nbsp;&nbsp;&nbsp;THEnd_LED_Control
</UL>
<BR>[Called By]<UL><LI><a href="#[d1]">&gt;&gt;</a>&nbsp;&nbsp;&nbsp;TB_Key_Timer_Deal
</UL>

<P><STRONG><a name="[d4]"></a>TB_Timer_UART3_Deal</STRONG> (Thumb, 46 bytes, Stack size 0 bytes, tb_key_timer.o(i.TB_Timer_UART3_Deal))
<BR><BR>[Called By]<UL><LI><a href="#[d1]">&gt;&gt;</a>&nbsp;&nbsp;&nbsp;TB_Key_Timer_Deal
</UL>

<P><STRONG><a name="[de]"></a>TB_UART_PWR_Deal</STRONG> (Thumb, 530 bytes, Stack size 0 bytes, tb_pwr_uart_deal.o(i.TB_UART_PWR_Deal))
<BR><BR>[Called By]<UL><LI><a href="#[c8]">&gt;&gt;</a>&nbsp;&nbsp;&nbsp;TB_UART_PWR_Instr_Deal
</UL>

<P><STRONG><a name="[c8]"></a>TB_UART_PWR_Instr_Deal</STRONG> (Thumb, 30 bytes, Stack size 0 bytes, tb_pwr_uart_deal.o(i.TB_UART_PWR_Instr_Deal))
<BR><BR>[Calls]<UL><LI><a href="#[de]">&gt;&gt;</a>&nbsp;&nbsp;&nbsp;TB_UART_PWR_Deal
</UL>
<BR>[Called By]<UL><LI><a href="#[b9]">&gt;&gt;</a>&nbsp;&nbsp;&nbsp;TB_Key_Running
</UL>

<P><STRONG><a name="[df]"></a>TB_WKey_Action_Deal</STRONG> (Thumb, 388 bytes, Stack size 0 bytes, tb_wkey_beat_deal.o(i.TB_WKey_Action_Deal))
<BR><BR>[Calls]<UL><LI><a href="#[ce]">&gt;&gt;</a>&nbsp;&nbsp;&nbsp;TB_WKey_Flash_Set
<LI><a href="#[bf]">&gt;&gt;</a>&nbsp;&nbsp;&nbsp;TB_Key_Bind_Flash_Set
<LI><a href="#[be]">&gt;&gt;</a>&nbsp;&nbsp;&nbsp;TB_Key_Bind_Flash_Get
<LI><a href="#[bb]">&gt;&gt;</a>&nbsp;&nbsp;&nbsp;TB_Alarm_Blink_Control
<LI><a href="#[cf]">&gt;&gt;</a>&nbsp;&nbsp;&nbsp;THNet_Set_Report
<LI><a href="#[d6]">&gt;&gt;</a>&nbsp;&nbsp;&nbsp;THEnd_Key_Action_Deal
</UL>
<BR>[Called By]<UL><LI><a href="#[cb]">&gt;&gt;</a>&nbsp;&nbsp;&nbsp;TB_WKey_beat_Deal
</UL>

<P><STRONG><a name="[d9]"></a>TB_WKey_Flash_Get</STRONG> (Thumb, 22 bytes, Stack size 0 bytes, tb_key_set_deal.o(i.TB_WKey_Flash_Get))
<BR><BR>[Calls]<UL><LI><a href="#[86]">&gt;&gt;</a>&nbsp;&nbsp;&nbsp;Flash_Read
</UL>
<BR>[Called By]<UL><LI><a href="#[c6]">&gt;&gt;</a>&nbsp;&nbsp;&nbsp;TB_Key_init_Key
</UL>

<P><STRONG><a name="[ce]"></a>TB_WKey_Flash_Set</STRONG> (Thumb, 64 bytes, Stack size 0 bytes, tb_key_set_deal.o(i.TB_WKey_Flash_Set))
<BR><BR>[Calls]<UL><LI><a href="#[8b]">&gt;&gt;</a>&nbsp;&nbsp;&nbsp;Flash_Write
</UL>
<BR>[Called By]<UL><LI><a href="#[cc]">&gt;&gt;</a>&nbsp;&nbsp;&nbsp;TB_Key_Set_Deal
<LI><a href="#[df]">&gt;&gt;</a>&nbsp;&nbsp;&nbsp;TB_WKey_Action_Deal
</UL>

<P><STRONG><a name="[cb]"></a>TB_WKey_beat_Deal</STRONG> (Thumb, 254 bytes, Stack size 0 bytes, tb_wkey_beat_deal.o(i.TB_WKey_beat_Deal))
<BR><BR>[Calls]<UL><LI><a href="#[df]">&gt;&gt;</a>&nbsp;&nbsp;&nbsp;TB_WKey_Action_Deal
</UL>
<BR>[Called By]<UL><LI><a href="#[b9]">&gt;&gt;</a>&nbsp;&nbsp;&nbsp;TB_Key_Running
</UL>

<P><STRONG><a name="[e0]"></a>THCloud_Control_Deal</STRONG> (Thumb, 76 bytes, Stack size 0 bytes, thcloud_instr_deal.o(i.THCloud_Control_Deal))
<BR><BR>[Calls]<UL><LI><a href="#[e1]">&gt;&gt;</a>&nbsp;&nbsp;&nbsp;X232_CM_Control
</UL>
<BR>[Called By]<UL><LI><a href="#[b7]">&gt;&gt;</a>&nbsp;&nbsp;&nbsp;Tos_ZNE_process
</UL>

<P><STRONG><a name="[100]"></a>THCloud_Inquiry_Deal</STRONG> (Thumb, 4 bytes, Stack size 0 bytes, thcloud_instr_deal.o(i.THCloud_Inquiry_Deal))
<BR><BR>[Called By]<UL><LI><a href="#[b7]">&gt;&gt;</a>&nbsp;&nbsp;&nbsp;Tos_ZNE_process
</UL>

<P><STRONG><a name="[101]"></a>THCloud_Set_Deal</STRONG> (Thumb, 4 bytes, Stack size 0 bytes, thcloud_instr_deal.o(i.THCloud_Set_Deal))
<BR><BR>[Called By]<UL><LI><a href="#[b7]">&gt;&gt;</a>&nbsp;&nbsp;&nbsp;Tos_ZNE_process
</UL>

<P><STRONG><a name="[fe]"></a>THCloud_System_Deal</STRONG> (Thumb, 4 bytes, Stack size 0 bytes, thcloud_instr_deal.o(i.THCloud_System_Deal))
<BR><BR>[Called By]<UL><LI><a href="#[b7]">&gt;&gt;</a>&nbsp;&nbsp;&nbsp;Tos_ZNE_process
</UL>

<P><STRONG><a name="[d8]"></a>THEnd_Bell_Control</STRONG> (Thumb, 48 bytes, Stack size 0 bytes, tb_bell_deal.o(i.THEnd_Bell_Control))
<BR><BR>[Calls]<UL><LI><a href="#[5a]">&gt;&gt;</a>&nbsp;&nbsp;&nbsp;GPIO_SetBits
</UL>
<BR>[Called By]<UL><LI><a href="#[c5]">&gt;&gt;</a>&nbsp;&nbsp;&nbsp;TB_Key_init_Bell
<LI><a href="#[d6]">&gt;&gt;</a>&nbsp;&nbsp;&nbsp;THEnd_Key_Action_Deal
</UL>

<P><STRONG><a name="[d6]"></a>THEnd_Key_Action_Deal</STRONG> (Thumb, 262 bytes, Stack size 0 bytes, thend_key_action_deal.o(i.THEnd_Key_Action_Deal))
<BR><BR>[Calls]<UL><LI><a href="#[d8]">&gt;&gt;</a>&nbsp;&nbsp;&nbsp;THEnd_Bell_Control
<LI><a href="#[c3]">&gt;&gt;</a>&nbsp;&nbsp;&nbsp;THNet_Status_Report
<LI><a href="#[e1]">&gt;&gt;</a>&nbsp;&nbsp;&nbsp;X232_CM_Control
</UL>
<BR>[Called By]<UL><LI><a href="#[ca]">&gt;&gt;</a>&nbsp;&nbsp;&nbsp;TB_Key_beat_Deal
<LI><a href="#[df]">&gt;&gt;</a>&nbsp;&nbsp;&nbsp;TB_WKey_Action_Deal
</UL>

<P><STRONG><a name="[cd]"></a>THEnd_Key_Bind_Deal</STRONG> (Thumb, 30 bytes, Stack size 0 bytes, thend_key_action_deal.o(i.THEnd_Key_Bind_Deal))
<BR><BR>[Called By]<UL><LI><a href="#[cc]">&gt;&gt;</a>&nbsp;&nbsp;&nbsp;TB_Key_Set_Deal
</UL>

<P><STRONG><a name="[bd]"></a>THEnd_LED_Control</STRONG> (Thumb, 550 bytes, Stack size 0 bytes, tb_key_led_deal.o(i.THEnd_LED_Control))
[...]
<BR><BR>[Calls]<UL><LI><a href="#[76]">&gt;&gt;</a>&nbsp;&nbsp;&nbsp;USART_DeInit
<LI><a href="#[77]">&gt;&gt;</a>&nbsp;&nbsp;&nbsp;USART_Init
<LI><a href="#[79]">&gt;&gt;</a>&nbsp;&nbsp;&nbsp;USART_ITConfig
<LI><a href="#[78]">&gt;&gt;</a>&nbsp;&nbsp;&nbsp;USART_Cmd
<LI><a href="#[63]">&gt;&gt;</a>&nbsp;&nbsp;&nbsp;RCC_APB2PeriphClockCmd
<LI><a href="#[7e]">&gt;&gt;</a>&nbsp;&nbsp;&nbsp;RCC_APB1PeriphClockCmd
<LI><a href="#[7b]">&gt;&gt;</a>&nbsp;&nbsp;&nbsp;NVIC_Init
<LI><a href="#[75]">&gt;&gt;</a>&nbsp;&nbsp;&nbsp;GPIO_Init
</UL>
<BR>[Called By]<UL><LI><a href="#[a7]">&gt;&gt;</a>&nbsp;&nbsp;&nbsp;SYS_Init
</UL>

<P><STRONG><a name="[ac]"></a>Tos_init_variable</STRONG> (Thumb, 204 bytes, Stack size 0 bytes, tos_init.o(i.Tos_init_variable))
<BR><BR>[Called By]<UL><LI><a href="#[a7]">&gt;&gt;</a>&nbsp;&nbsp;&nbsp;SYS_Init
</UL>

<P><STRONG><a name="[102]"></a>UART1_Deal</STRONG> (Thumb, 64 bytes, Stack size 0 bytes, tos_instr_get.o(i.UART1_Deal))
<BR><BR>[Calls]<UL><LI><a href="#[104]">&gt;&gt;</a>&nbsp;&nbsp;&nbsp;USART_ReceiveData
<LI><a href="#[103]">&gt;&gt;</a>&nbsp;&nbsp;&nbsp;USART_GetITStatus
<LI><a href="#[dd]">&gt;&gt;</a>&nbsp;&nbsp;&nbsp;Tos_UART_send
<LI><a href="#[7a]">&gt;&gt;</a>&nbsp;&nbsp;&nbsp;USART_ClearFlag
<LI><a href="#[f3]">&gt;&gt;</a>&nbsp;&nbsp;&nbsp;Tos_ZNE_DATA_GET
</UL>
<BR>[Called By]<UL><LI><a href="#[2f]">&gt;&gt;</a>&nbsp;&nbsp;&nbsp;USART1_IRQHandler
</UL>

<P><STRONG><a name="[105]"></a>UART2_DATA_GET</STRONG> (Thumb, 24 bytes, Stack size 0 bytes, uart_irq.o(i.UART2_DATA_GET))
<BR><BR>[Calls]<UL><LI><a href="#[106]">&gt;&gt;</a>&nbsp;&nbsp;&nbsp;QueueAdd
</UL>
<BR>[Called By]<UL><LI><a href="#[107]">&gt;&gt;</a>&nbsp;&nbsp;&nbsp;UART2_Deal
</UL>

<P><STRONG><a name="[107]"></a>UART2_Deal</STRONG> (Thumb, 86 bytes, Stack size 0 bytes, tos_instr_get.o(i.UART2_Deal))
<BR><BR>[Calls]<UL><LI><a href="#[104]">&gt;&gt;</a>&nbsp;&nbsp;&nbsp;USART_ReceiveData
<LI><a href="#[103]">&gt;&gt;</a>&nbsp;&nbsp;&nbsp;USART_GetITStatus
<LI><a href="#[7a]">&gt;&gt;</a>&nbsp;&nbsp;&nbsp;USART_ClearFlag
<LI><a href="#[f3]">&gt;&gt;</a>&nbsp;&nbsp;&nbsp;Tos_ZNE_DATA_GET
<LI><a href="#[f2]">&gt;&gt;</a>&nbsp;&nbsp;&nbsp;Tos_CC_AT_Check_Deal
<LI><a href="#[105]">&gt;&gt;</a>&nbsp;&nbsp;&nbsp;UART2_DATA_GET
</UL>
<BR>[Called By]<UL><LI><a href="#[30]">&gt;&gt;</a>&nbsp;&nbsp;&nbsp;USART2_IRQHandler
</UL>

<P><STRONG><a name="[109]"></a>UART3_DATA_GET</STRONG> (Thumb, 262 bytes, Stack size 0 bytes, tb_pwr_uart_get.o(i.UART3_DATA_GET))
<BR><BR>[Called By]<UL><LI><a href="#[108]">&gt;&gt;</a>&nbsp;&nbsp;&nbsp;UART3_Deal
</UL>

<P><STRONG><a name="[108]"></a>UART3_Deal</STRONG> (Thumb, 88 bytes, Stack size 0 bytes, tos_instr_get.o(i.UART3_Deal))
<BR><BR>[Calls]<UL><LI><a href="#[104]">&gt;&gt;</a>&nbsp;&nbsp;&nbsp;USART_ReceiveData
<LI><a href="#[103]">&gt;&gt;</a>&nbsp;&nbsp;&nbsp;USART_GetITStatus
<LI><a href="#[109]">&gt;&gt;</a>&nbsp;&nbsp;&nbsp;UART3_DATA_GET
<LI><a href="#[10a]">&gt;&gt;</a>&nbsp;&nbsp;&nbsp;FW_channel_slave_data_get
<LI><a href="#[7a]">&gt;&gt;</a>&nbsp;&nbsp;&nbsp;USART_ClearFlag
<LI><a href="#[f3]">&gt;&gt;</a>&nbsp;&nbsp;&nbsp;Tos_ZNE_DATA_GET
</UL>
<BR>[Called By]<UL><LI><a href="#[31]">&gt;&gt;</a>&nbsp;&nbsp;&nbsp;USART3_IRQHandler
</UL>

<P><STRONG><a name="[10c]"></a>UART4_DATA_GET</STRONG> (Thumb, 2 bytes, Stack size 0 bytes, uart_irq.o(i.UART4_DATA_GET))
<BR><BR>[Called By]<UL><LI><a href="#[10b]">&gt;&gt;</a>&nbsp;&nbsp;&nbsp;UART4_Deal
</UL>

<P><STRONG><a name="[10b]"></a>UART4_Deal</STRONG> (Thumb, 48 bytes, Stack size 0 bytes, tos_instr_get.o(i.UART4_Deal))
<BR><BR>[Calls]<UL><LI><a href="#[104]">&gt;&gt;</a>&nbsp;&nbsp;&nbsp;USART_ReceiveData
<LI><a href="#[103]">&gt;&gt;</a>&nbsp;&nbsp;&nbsp;USART_GetITStatus
<LI><a href="#[7a]">&gt;&gt;</a>&nbsp;&nbsp;&nbsp;USART_ClearFlag
<LI><a href="#[10c]">&gt;&gt;</a>&nbsp;&nbsp;&nbsp;UART4_DATA_GET
</UL>
<BR>[Called By]<UL><LI><a href="#[3e]">&gt;&gt;</a>&nbsp;&nbsp;&nbsp;UART4_IRQHandler
</UL>

<P><STRONG><a name="[3e]"></a>UART4_IRQHandler</STRONG> (Thumb, 4 bytes, Stack size 0 bytes, stm32f10x_it.o(i.UART4_IRQHandler))
<BR><BR>[Calls]<UL><LI><a href="#[10b]">&gt;&gt;</a>&nbsp;&nbsp;&nbsp;UART4_Deal
</UL>
<BR>[Address Reference Count : 1]<UL><LI> startup_stm32f10x_hd.o(RESET)
</UL>
<P><STRONG><a name="[10e]"></a>UART5_DATA_GET</STRONG> (Thumb, 2 bytes, Stack size 0 bytes, uart_irq.o(i.UART5_DATA_GET))
<BR><BR>[Called By]<UL><LI><a href="#[10d]">&gt;&gt;</a>&nbsp;&nbsp;&nbsp;UART5_Deal
</UL>

<P><STRONG><a name="[10d]"></a>UART5_Deal</STRONG> (Thumb, 48 bytes, Stack size 0 bytes, tos_instr_get.o(i.UART5_Deal))
<BR><BR>[Calls]<UL><LI><a href="#[104]">&gt;&gt;</a>&nbsp;&nbsp;&nbsp;USART_ReceiveData
<LI><a href="#[103]">&gt;&gt;</a>&nbsp;&nbsp;&nbsp;USART_GetITStatus
<LI><a href="#[7a]">&gt;&gt;</a>&nbsp;&nbsp;&nbsp;USART_ClearFlag
<LI><a href="#[10e]">&gt;&gt;</a>&nbsp;&nbsp;&nbsp;UART5_DATA_GET
</UL>
<BR>[Called By]<UL><LI><a href="#[3f]">&gt;&gt;</a>&nbsp;&nbsp;&nbsp;UART5_IRQHandler
</UL>

<P><STRONG><a name="[3f]"></a>UART5_IRQHandler</STRONG> (Thumb, 4 bytes, Stack size 0 bytes, stm32f10x_it.o(i.UART5_IRQHandler))
<BR><BR>[Calls]<UL><LI><a href="#[10d]">&gt;&gt;</a>&nbsp;&nbsp;&nbsp;UART5_Deal
</UL>
<BR>[Address Reference Count : 1]<UL><LI> startup_stm32f10x_hd.o(RESET)
</UL>
<P><STRONG><a name="[2f]"></a>USART1_IRQHandler</STRONG> (Thumb, 4 bytes, Stack size 0 bytes, stm32f10x_it.o(i.USART1_IRQHandler))
<BR><BR>[Calls]<UL><LI><a href="#[102]">&gt;&gt;</a>&nbsp;&nbsp;&nbsp;UART1_Deal
</UL>
<BR>[Address Reference Count : 1]<UL><LI> startup_stm32f10x_hd.o(RESET)
</UL>
<P><STRONG><a name="[30]"></a>USART2_IRQHandler</STRONG> (Thumb, 4 bytes, Stack size 0 bytes, stm32f10x_it.o(i.USART2_IRQHandler))
<BR><BR>[Calls]<UL><LI><a href="#[107]">&gt;&gt;</a>&nbsp;&nbsp;&nbsp;UART2_Deal
</UL>
<BR>[Address Reference Count : 1]<UL><LI> startup_stm32f10x_hd.o(RESET)
</UL>
<P><STRONG><a name="[31]"></a>USART3_IRQHandler</STRONG> (Thumb, 4 bytes, Stack size 0 bytes, stm32f10x_it.o(i.USART3_IRQHandler))
<BR><BR>[Calls]<UL><LI><a href="#[108]">&gt;&gt;</a>&nbsp;&nbsp;&nbsp;UART3_Deal
</UL>
<BR>[Address Reference Count : 1]<UL><LI> startup_stm32f10x_hd.o(RESET)
</UL>
<P><STRONG><a name="[7a]"></a>USART_ClearFlag</STRONG> (Thumb, 6 bytes, Stack size 0 bytes, stm32f10x_usart.o(i.USART_ClearFlag))
<BR><BR>[Called By]<UL><LI><a href="#[7f]">&gt;&gt;</a>&nbsp;&nbsp;&nbsp;FW_uart_serial_init_config_noIRQ
<LI><a href="#[7d]">&gt;&gt;</a>&nbsp;&nbsp;&nbsp;FW_uart_serial_init_config_IRQ
<LI><a href="#[7c]">&gt;&gt;</a>&nbsp;&nbsp;&nbsp;FW_uart_net_init_config_noIRQ
<LI><a href="#[74]">&gt;&gt;</a>&nbsp;&nbsp;&nbsp;FW_uart_net_init_config_IRQ
<LI><a href="#[ad]">&gt;&gt;</a>&nbsp;&nbsp;&nbsp;Tos_init_UART1
<LI><a href="#[ae]">&gt;&gt;</a>&nbsp;&nbsp;&nbsp;TOS_init_UART2_AT
<LI><a href="#[10d]">&gt;&gt;</a>&nbsp;&nbsp;&nbsp;UART5_Deal
<LI><a href="#[10b]">&gt;&gt;</a>&nbsp;&nbsp;&nbsp;UART4_Deal
<LI><a href="#[108]">&gt;&gt;</a>&nbsp;&nbsp;&nbsp;UART3_Deal
<LI><a href="#[107]">&gt;&gt;</a>&nbsp;&nbsp;&nbsp;UART2_Deal
<LI><a href="#[102]">&gt;&gt;</a>&nbsp;&nbsp;&nbsp;UART1_Deal
</UL>

<P><STRONG><a name="[78]"></a>USART_Cmd</STRONG> (Thumb, 20 bytes, Stack size 0 bytes, stm32f10x_usart.o(i.USART_Cmd))
<BR><BR>[Called By]<UL><LI><a href="#[7f]">&gt;&gt;</a>&nbsp;&nbsp;&nbsp;FW_uart_serial_init_config_noIRQ
<LI><a href="#[7d]">&gt;&gt;</a>&nbsp;&nbsp;&nbsp;FW_uart_serial_init_config_IRQ
<LI><a href="#[7c]">&gt;&gt;</a>&nbsp;&nbsp;&nbsp;FW_uart_net_init_config_noIRQ
<LI><a href="#[74]">&gt;&gt;</a>&nbsp;&nbsp;&nbsp;FW_uart_net_init_config_IRQ
<LI><a href="#[af]">&gt;&gt;</a>&nbsp;&nbsp;&nbsp;Tos_init_UART3_AT
<LI><a href="#[ad]">&gt;&gt;</a>&nbsp;&nbsp;&nbsp;Tos_init_UART1
<LI><a href="#[e9]">&gt;&gt;</a>&nbsp;&nbsp;&nbsp;TOS_init_UART2_HBS
<LI><a href="#[ae]">&gt;&gt;</a>&nbsp;&nbsp;&nbsp;TOS_init_UART2_AT
<LI><a href="#[9b]">&gt;&gt;</a>&nbsp;&nbsp;&nbsp;init_UART2
</UL>

<P><STRONG><a name="[76]"></a>USART_DeInit</STRONG> (Thumb, 96 bytes, Stack size 0 bytes, stm32f10x_usart.o(i.USART_DeInit))
<BR><BR>[Calls]<UL><LI><a href="#[8d]">&gt;&gt;</a>&nbsp;&nbsp;&nbsp;RCC_APB2PeriphResetCmd
<LI><a href="#[e8]">&gt;&gt;</a>&nbsp;&nbsp;&nbsp;RCC_APB1PeriphResetCmd
</UL>
<BR>[Called By]<UL><LI><a href="#[7f]">&gt;&gt;</a>&nbsp;&nbsp;&nbsp;FW_uart_serial_init_config_noIRQ
<LI><a href="#[7d]">&gt;&gt;</a>&nbsp;&nbsp;&nbsp;FW_uart_serial_init_config_IRQ
<LI><a href="#[7c]">&gt;&gt;</a>&nbsp;&nbsp;&nbsp;FW_uart_net_init_config_noIRQ
<LI><a href="#[74]">&gt;&gt;</a>&nbsp;&nbsp;&nbsp;FW_uart_net_init_config_IRQ
<LI><a href="#[af]">&gt;&gt;</a>&nbsp;&nbsp;&nbsp;Tos_init_UART3_AT
<LI><a href="#[ad]">&gt;&gt;</a>&nbsp;&nbsp;&nbsp;Tos_init_UART1
<LI><a href="#[ae]">&gt;&gt;</a>&nbsp;&nbsp;&nbsp;TOS_init_UART2_AT
</UL>

<P><STRONG><a name="[5d]"></a>USART_GetFlagStatus</STRONG> (Thumb, 14 bytes, Stack size 0 bytes, stm32f10x_usart.o(i.USART_GetFlagStatus))
<BR><BR>[Called By]<UL><LI><a href="#[60]">&gt;&gt;</a>&nbsp;&nbsp;&nbsp;FW_uart_serial_send_byte
<LI><a href="#[59]">&gt;&gt;</a>&nbsp;&nbsp;&nbsp;FW_channel_slave_send_data
<LI><a href="#[fb]">&gt;&gt;</a>&nbsp;&nbsp;&nbsp;Tos_UART_send_BD
<LI><a href="#[dd]">&gt;&gt;</a>&nbsp;&nbsp;&nbsp;Tos_UART_send
<LI><a href="#[111]">&gt;&gt;</a>&nbsp;&nbsp;&nbsp;X485_Send
<LI><a href="#[73]">&gt;&gt;</a>&nbsp;&nbsp;&nbsp;FW_uart_serial_input_check
<LI><a href="#[72]">&gt;&gt;</a>&nbsp;&nbsp;&nbsp;FW_uart_net_input_check
</UL>

<P><STRONG><a name="[103]"></a>USART_GetITStatus</STRONG> (Thumb, 62 bytes, Stack size 0 bytes, stm32f10x_usart.o(i.USART_GetITStatus))
<BR><BR>[Called By]<UL><LI><a href="#[10d]">&gt;&gt;</a>&nbsp;&nbsp;&nbsp;UART5_Deal
<LI><a href="#[10b]">&gt;&gt;</a>&nbsp;&nbsp;&nbsp;UART4_Deal
<LI><a href="#[108]">&gt;&gt;</a>&nbsp;&nbsp;&nbsp;UART3_Deal
<LI><a href="#[107]">&gt;&gt;</a>&nbsp;&nbsp;&nbsp;UART2_Deal
<LI><a href="#[102]">&gt;&gt;</a>&nbsp;&nbsp;&nbsp;UART1_Deal
</UL>

<P><STRONG><a name="[79]"></a>USART_ITConfig</STRONG> (Thumb, 48 bytes, Stack size 0 bytes, stm32f10x_usart.o(i.USART_ITConfig))
<BR><BR>[Called By]<UL><LI><a href="#[7d]">&gt;&gt;</a>&nbsp;&nbsp;&nbsp;FW_uart_serial_init_config_IRQ
<LI><a href="#[74]">&gt;&gt;</a>&nbsp;&nbsp;&nbsp;FW_uart_net_init_config_IRQ
<LI><a href="#[af]">&gt;&gt;</a>&nbsp;&nbsp;&nbsp;Tos_init_UART3_AT
<LI><a href="#[ad]">&gt;&gt;</a>&nbsp;&nbsp;&nbsp;Tos_init_UART1
<LI><a href="#[e9]">&gt;&gt;</a>&nbsp;&nbsp;&nbsp;TOS_init_UART2_HBS
<LI><a href="#[ae]">&gt;&gt;</a>&nbsp;&nbsp;&nbsp;TOS_init_UART2_AT
<LI><a href="#[9b]">&gt;&gt;</a>&nbsp;&nbsp;&nbsp;init_UART2
</UL>

<P><STRONG><a name="[77]"></a>USART_Init</STRONG> (Thumb, 176 bytes, Stack size 0 bytes, stm32f10x_usart.o(i.USART_Init))
<BR><BR>[Calls]<UL><LI><a href="#[10f]">&gt;&gt;</a>&nbsp;&nbsp;&nbsp;RCC_GetClocksFreq
</UL>
<BR>[Called By]<UL><LI><a href="#[7f]">&gt;&gt;</a>&nbsp;&nbsp;&nbsp;FW_uart_serial_init_config_noIRQ
<LI><a href="#[7d]">&gt;&gt;</a>&nbsp;&nbsp;&nbsp;FW_uart_serial_init_config_IRQ
<LI><a href="#[7c]">&gt;&gt;</a>&nbsp;&nbsp;&nbsp;FW_uart_net_init_config_noIRQ
<LI><a href="#[74]">&gt;&gt;</a>&nbsp;&nbsp;&nbsp;FW_uart_net_init_config_IRQ
<LI><a href="#[af]">&gt;&gt;</a>&nbsp;&nbsp;&nbsp;Tos_init_UART3_AT
<LI><a href="#[ad]">&gt;&gt;</a>&nbsp;&nbsp;&nbsp;Tos_init_UART1
<LI><a href="#[ae]">&gt;&gt;</a>&nbsp;&nbsp;&nbsp;TOS_init_UART2_AT
<LI><a href="#[9b]">&gt;&gt;</a>&nbsp;&nbsp;&nbsp;init_UART2
</UL>

<P><STRONG><a name="[104]"></a>USART_ReceiveData</STRONG> (Thumb, 8 bytes, Stack size 0 bytes, stm32f10x_usart.o(i.USART_ReceiveData))
<BR><BR>[Called By]<UL><LI><a href="#[10d]">&gt;&gt;</a>&nbsp;&nbsp;&nbsp;UART5_Deal
<LI><a href="#[10b]">&gt;&gt;</a>&nbsp;&nbsp;&nbsp;UART4_Deal
<LI><a href="#[108]">&gt;&gt;</a>&nbsp;&nbsp;&nbsp;UART3_Deal
<LI><a href="#[107]">&gt;&gt;</a>&nbsp;&nbsp;&nbsp;UART2_Deal
<LI><a href="#[102]">&gt;&gt;</a>&nbsp;&nbsp;&nbsp;UART1_Deal
</UL>

<P><STRONG><a name="[5c]"></a>USART_SendData</STRONG> (Thumb, 8 bytes, Stack size 0 bytes, stm32f10x_usart.o(i.USART_SendData))
<BR><BR>[Called By]<UL><LI><a href="#[60]">&gt;&gt;</a>&nbsp;&nbsp;&nbsp;FW_uart_serial_send_byte
<LI><a href="#[59]">&gt;&gt;</a>&nbsp;&nbsp;&nbsp;FW_channel_slave_send_data
<LI><a href="#[fb]">&gt;&gt;</a>&nbsp;&nbsp;&nbsp;Tos_UART_send_BD
<LI><a href="#[dd]">&gt;&gt;</a>&nbsp;&nbsp;&nbsp;Tos_UART_send
<LI><a href="#[111]">&gt;&gt;</a>&nbsp;&nbsp;&nbsp;X485_Send
</UL>

<P><STRONG><a name="[5]"></a>UsageFault_Handler</STRONG> (Thumb, 2 bytes, Stack size 0 bytes, stm32f10x_it.o(i.UsageFault_Handler))
<BR><BR>[Calls]<UL><LI><a href="#[5]">&gt;&gt;</a>&nbsp;&nbsp;&nbsp;UsageFault_Handler
</UL>
<BR>[Called By]<UL><LI><a href="#[5]">&gt;&gt;</a>&nbsp;&nbsp;&nbsp;UsageFault_Handler
</UL>
<BR>[Address Reference Count : 1]<UL><LI> startup_stm32f10x_hd.o(RESET)
</UL>
<P><STRONG><a name="[e1]"></a>X232_CM_Control</STRONG> (Thumb, 576 bytes, Stack size 0 bytes, cm_deal.o(i.X232_CM_Control))
<BR><BR>[Calls]<UL><LI><a href="#[111]">&gt;&gt;</a>&nbsp;&nbsp;&nbsp;X485_Send
<LI><a href="#[110]">&gt;&gt;</a>&nbsp;&nbsp;&nbsp;Check_Sum
</UL>
<BR>[Called By]<UL><LI><a href="#[d6]">&gt;&gt;</a>&nbsp;&nbsp;&nbsp;THEnd_Key_Action_Deal
<LI><a href="#[e0]">&gt;&gt;</a>&nbsp;&nbsp;&nbsp;THCloud_Control_Deal
</UL>

<P><STRONG><a name="[112]"></a>X232_CM_Data_Feedback</STRONG> (Thumb, 2842 bytes, Stack size 0 bytes, cm_deal.o(i.X232_CM_Data_Feedback))
<BR><BR>[Calls]<UL><LI><a href="#[e2]">&gt;&gt;</a>&nbsp;&nbsp;&nbsp;THNet_Control_Report
<LI><a href="#[115]">&gt;&gt;</a>&nbsp;&nbsp;&nbsp;delay50ms
<LI><a href="#[113]">&gt;&gt;</a>&nbsp;&nbsp;&nbsp;QueueNotEmpty
<LI><a href="#[114]">&gt;&gt;</a>&nbsp;&nbsp;&nbsp;QueueDelete
<LI><a href="#[c3]">&gt;&gt;</a>&nbsp;&nbsp;&nbsp;THNet_Status_Report
<LI><a href="#[bd]">&gt;&gt;</a>&nbsp;&nbsp;&nbsp;THEnd_LED_Control
<LI><a href="#[110]">&gt;&gt;</a>&nbsp;&nbsp;&nbsp;Check_Sum
<LI><a href="#[69]">&gt;&gt;</a>&nbsp;&nbsp;&nbsp;__aeabi_memcpy
</UL>
<BR>[Called By]<UL><LI><a href="#[118]">&gt;&gt;</a>&nbsp;&nbsp;&nbsp;X232_Instr_Deal
</UL>

<P><STRONG><a name="[116]"></a>X232_CM_Sensing</STRONG> (Thumb, 66 bytes, Stack size 0 bytes, cm_deal.o(i.X232_CM_Sensing))
<BR><BR>[Calls]<UL><LI><a href="#[111]">&gt;&gt;</a>&nbsp;&nbsp;&nbsp;X485_Send
<LI><a href="#[110]">&gt;&gt;</a>&nbsp;&nbsp;&nbsp;Check_Sum
</UL>
<BR>[Called By]<UL><LI><a href="#[117]">&gt;&gt;</a>&nbsp;&nbsp;&nbsp;X232_Data_Poll
</UL>

<P><STRONG><a name="[117]"></a>X232_Data_Poll</STRONG> (Thumb, 216 bytes, Stack size 0 bytes, data_poll.o(i.X232_Data_Poll))
<BR><BR>[Calls]<UL><LI><a href="#[118]">&gt;&gt;</a>&nbsp;&nbsp;&nbsp;X232_Instr_Deal
<LI><a href="#[116]">&gt;&gt;</a>&nbsp;&nbsp;&nbsp;X232_CM_Sensing
<LI><a href="#[c3]">&gt;&gt;</a>&nbsp;&nbsp;&nbsp;THNet_Status_Report
<LI><a href="#[bd]">&gt;&gt;</a>&nbsp;&nbsp;&nbsp;THEnd_LED_Control
</UL>
<BR>[Called By]<UL><LI><a href="#[46]">&gt;&gt;</a>&nbsp;&nbsp;&nbsp;main
</UL>

<P><STRONG><a name="[118]"></a>X232_Instr_Deal</STRONG> (Thumb, 36 bytes, Stack size 0 bytes, instr_deal_x485.o(i.X232_Instr_Deal))
<BR><BR>[Calls]<UL><LI><a href="#[112]">&gt;&gt;</a>&nbsp;&nbsp;&nbsp;X232_CM_Data_Feedback
<LI><a href="#[114]">&gt;&gt;</a>&nbsp;&nbsp;&nbsp;QueueDelete
</UL>
<BR>[Called By]<UL><LI><a href="#[117]">&gt;&gt;</a>&nbsp;&nbsp;&nbsp;X232_Data_Poll
</UL>

<P><STRONG><a name="[111]"></a>X485_Send</STRONG> (Thumb, 78 bytes, Stack size 0 bytes, instr_send_x485.o(i.X485_Send))
<BR><BR>[Calls]<UL><LI><a href="#[5b]">&gt;&gt;</a>&nbsp;&nbsp;&nbsp;delay_10us
<LI><a href="#[5c]">&gt;&gt;</a>&nbsp;&nbsp;&nbsp;USART_SendData
<LI><a href="#[5d]">&gt;&gt;</a>&nbsp;&nbsp;&nbsp;USART_GetFlagStatus
<LI><a href="#[5a]">&gt;&gt;</a>&nbsp;&nbsp;&nbsp;GPIO_SetBits
<LI><a href="#[5e]">&gt;&gt;</a>&nbsp;&nbsp;&nbsp;GPIO_ResetBits
</UL>
<BR>[Called By]<UL><LI><a href="#[116]">&gt;&gt;</a>&nbsp;&nbsp;&nbsp;X232_CM_Sensing
<LI><a href="#[e1]">&gt;&gt;</a>&nbsp;&nbsp;&nbsp;X232_CM_Control
</UL>

<P><STRONG><a name="[115]"></a>delay50ms</STRONG> (Thumb, 32 bytes, Stack size 0 bytes, cm_deal.o(i.delay50ms))
<BR><BR>[Called By]<UL><LI><a href="#[112]">&gt;&gt;</a>&nbsp;&nbsp;&nbsp;X232_CM_Data_Feedback
</UL>

<P><STRONG><a name="[5b]"></a>delay_10us</STRONG> (Thumb, 24 bytes, Stack size 0 bytes, tos_sys_deal.o(i.delay_10us))
<BR><BR>[Called By]<UL><LI><a href="#[59]">&gt;&gt;</a>&nbsp;&nbsp;&nbsp;FW_channel_slave_send_data
<LI><a href="#[fb]">&gt;&gt;</a>&nbsp;&nbsp;&nbsp;Tos_UART_send_BD
<LI><a href="#[dd]">&gt;&gt;</a>&nbsp;&nbsp;&nbsp;Tos_UART_send
<LI><a href="#[111]">&gt;&gt;</a>&nbsp;&nbsp;&nbsp;X485_Send
</UL>

<P><STRONG><a name="[6e]"></a>delay_ms</STRONG> (Thumb, 28 bytes, Stack size 0 bytes, tos_sys_deal.o(i.delay_ms))
<BR><BR>[Called By]<UL><LI><a href="#[6a]">&gt;&gt;</a>&nbsp;&nbsp;&nbsp;FW_net_and_serial_download
<LI><a href="#[d7]">&gt;&gt;</a>&nbsp;&nbsp;&nbsp;Tos_WAN_Mode_Exchange
<LI><a href="#[80]">&gt;&gt;</a>&nbsp;&nbsp;&nbsp;FW_upgrade_check
<LI><a href="#[b1]">&gt;&gt;</a>&nbsp;&nbsp;&nbsp;Tos_ThinkHome_AT_Check
<LI><a href="#[b5]">&gt;&gt;</a>&nbsp;&nbsp;&nbsp;Tos_AT_HF_Deal
<LI><a href="#[83]">&gt;&gt;</a>&nbsp;&nbsp;&nbsp;Tos_Net_Restart
</UL>

<P><STRONG><a name="[4f]"></a>init_Device_Info</STRONG> (Thumb, 34 bytes, Stack size 0 bytes, init.o(i.init_Device_Info))
<BR><BR>[Called By]<UL><LI><a href="#[4e]">&gt;&gt;</a>&nbsp;&nbsp;&nbsp;END_Early_Init
</UL>

<P><STRONG><a name="[9b]"></a>init_UART2</STRONG> (Thumb, 260 bytes, Stack size 0 bytes, init.o(i.init_UART2))
<BR><BR>[Calls]<UL><LI><a href="#[77]">&gt;&gt;</a>&nbsp;&nbsp;&nbsp;USART_Init
<LI><a href="#[79]">&gt;&gt;</a>&nbsp;&nbsp;&nbsp;USART_ITConfig
<LI><a href="#[78]">&gt;&gt;</a>&nbsp;&nbsp;&nbsp;USART_Cmd
<LI><a href="#[63]">&gt;&gt;</a>&nbsp;&nbsp;&nbsp;RCC_APB2PeriphClockCmd
<LI><a href="#[7e]">&gt;&gt;</a>&nbsp;&nbsp;&nbsp;RCC_APB1PeriphClockCmd
<LI><a href="#[119]">&gt;&gt;</a>&nbsp;&nbsp;&nbsp;QueueInit
<LI><a href="#[7b]">&gt;&gt;</a>&nbsp;&nbsp;&nbsp;NVIC_Init
<LI><a href="#[5e]">&gt;&gt;</a>&nbsp;&nbsp;&nbsp;GPIO_ResetBits
<LI><a href="#[75]">&gt;&gt;</a>&nbsp;&nbsp;&nbsp;GPIO_Init
<LI><a href="#[ff]">&gt;&gt;</a>&nbsp;&nbsp;&nbsp;Device_Status_Clear
</UL>
<BR>[Called By]<UL><LI><a href="#[9a]">&gt;&gt;</a>&nbsp;&nbsp;&nbsp;Init
</UL>

<P><STRONG><a name="[46]"></a>main</STRONG> (Thumb, 22 bytes, Stack size 0 bytes, main.o(i.main))
<BR><BR>[Calls]<UL><LI><a href="#[117]">&gt;&gt;</a>&nbsp;&nbsp;&nbsp;X232_Data_Poll
<LI><a href="#[b6]">&gt;&gt;</a>&nbsp;&nbsp;&nbsp;SYS_Running
<LI><a href="#[a7]">&gt;&gt;</a>&nbsp;&nbsp;&nbsp;SYS_Init
<LI><a href="#[9a]">&gt;&gt;</a>&nbsp;&nbsp;&nbsp;Init
<LI><a href="#[58]">&gt;&gt;</a>&nbsp;&nbsp;&nbsp;IWDG_ReloadCounter
</UL>
<BR>[Address Reference Count : 1]<UL><LI> entry9a.o(.ARM.Collect$$$$0000000B)
</UL><P>
<H3>
Local Symbols
</H3>
<P><STRONG><a name="[71]"></a>FW_receive_byte</STRONG> (Thumb, 80 bytes, Stack size 0 bytes, fw_upgrade_ymodem.o(i.FW_receive_byte))
<BR><BR>[Calls]<UL><LI><a href="#[58]">&gt;&gt;</a>&nbsp;&nbsp;&nbsp;IWDG_ReloadCounter
<LI><a href="#[73]">&gt;&gt;</a>&nbsp;&nbsp;&nbsp;FW_uart_serial_input_check
<LI><a href="#[72]">&gt;&gt;</a>&nbsp;&nbsp;&nbsp;FW_uart_net_input_check
</UL>
<BR>[Called By]<UL><LI><a href="#[5f]">&gt;&gt;</a>&nbsp;&nbsp;&nbsp;FW_ymodem_net_receive_packet
</UL>

<P><STRONG><a name="[5f]"></a>FW_ymodem_net_receive_packet</STRONG> (Thumb, 258 bytes, Stack size 0 bytes, fw_upgrade_ymodem.o(i.FW_ymodem_net_receive_packet))
<BR><BR>[Calls]<UL><LI><a href="#[6c]">&gt;&gt;</a>&nbsp;&nbsp;&nbsp;FW_ymodem_calculate_crc
<LI><a href="#[71]">&gt;&gt;</a>&nbsp;&nbsp;&nbsp;FW_receive_byte
</UL>
<BR>[Called By]<UL><LI><a href="#[6b]">&gt;&gt;</a>&nbsp;&nbsp;&nbsp;FW_net_and_serial_ymodem_receive
<LI><a href="#[56]">&gt;&gt;</a>&nbsp;&nbsp;&nbsp;FW_channel_slave_ymodem_receive_and_transmit
</UL>

<P><STRONG><a name="[ba]"></a>SetSysClockTo72</STRONG> (Thumb, 160 bytes, Stack size 0 bytes, system_stm32f10x.o(i.SetSysClockTo72))
<BR><BR>[Called By]<UL><LI><a href="#[47]">&gt;&gt;</a>&nbsp;&nbsp;&nbsp;SystemInit
</UL>
<P>
<H3>
Undefined Global Symbols
</H3><HR></body></html>
